09-23 18:08:47.832  6336  6336 I System.out: org.droidtv.xtv.xtvnsd.xtvnsdserver registerNsd: will try to register nsd service 3 second later
09-23 18:08:49.515  6826  6826 I org.droidtv.tv.tptvservice.agent.TPTvServiceAgent: User activity
09-23 18:08:49.516  6826  6826 E KeyInputDevice: [KeyLog] key:352 2 0 1 TPTvServiceAgent$6
09-23 18:08:49.516  6826  6826 D TvInactivityService: UserActivity
09-23 18:08:49.516  6826  6826 I TvInactivityService: Reset Timer org.droidtv.tv.inactivitytimer.TvInactivityService$ClientInfo$1@bd5797b
09-23 18:08:49.516  6826  6826 D TimerImpl: resetTimer
09-23 18:08:49.516  6826  6826 D TimerImpl: startTimer
09-23 18:08:49.516  1203  1203 D MTK_KL  : <4>[  562.602405] [0x4] KEY 0x4f000 map to 352 2 0 1
09-23 18:08:49.517  6892  6892 D NettvLoggerLocalService: usagelogger LogKeyPressEvent event.getKeyCode()=23 mBinder=org.droidtv.usagelogger.ILoggerImpl$Proxy@dbcf505
09-23 18:08:49.517  6892  6892 E KeyInputDevice: [KeyLog] key:352 2 0 1 NettvLoggerLocalService$1
09-23 18:08:49.518  6892  6913 D TvSettingsManager: p=314 getInt=4381260
09-23 18:08:49.518  6892  6913 D TvSettingsManager: p=315 getInt=12720
09-23 18:08:49.527  6892  6913 D CulAccessibilityUtil: usagelogger isTouStatusAccepted:false
09-23 18:08:49.534  6892  6913 D CulAccessibilityUtil: usagelogger getLogServerURL url=null
09-23 18:08:49.534  6892  6913 D NettvLoggerService: usagelogger LogEvent Event_id=15 Eventdata=device_name=0;key_group=6 timestamp=558510 mPrevPowerState=3 operatingMins=73233
09-23 18:08:49.727  6826  6826 E KeyInputDevice: [KeyLog] key:352 2 0 0 TPTvServiceAgent$6
09-23 18:08:49.727  6892  6892 E KeyInputDevice: [KeyLog] key:352 2 0 0 NettvLoggerLocalService$1
09-23 18:08:49.731  1203  1203 D MTK_KL  : <4>[  562.813878] [0x4] KEY 0x4f000 map to 352 2 0 0
09-23 18:08:49.742  2560  2858 I ActivityManager: Killing 6916:org.droidtv.euinstallertc:euinstallertc/1000 (adj 900): crash
09-23 18:08:49.742  2560  2858 D ActivityManager: cleanUpApplicationRecord -- 6916
09-23 18:08:49.745  2560  2858 W ActivityManager: Scheduling restart of crashed service org.droidtv.euinstallertc/.service.EuInstallerService in 1000ms
09-23 18:08:49.748  2560  2858 I ActivityManager: START u0 {act=org.droidtv.euinstallertc.LAUNCH_CHANNEL_SETTINGS flg=0x10900000 cmp=org.droidtv.euinstallertc/.settings.ChannelSettingsActivity} from uid 1000 on display 0
09-23 18:08:49.752  1194  6731 E BufferQueueProducer: [Application Error: org.droidtv.euinstallertc] disconnect: not connected (req=1)
09-23 18:08:49.752  2560 12818 W libEGL  : EGLNativeWindowType 0x931e9608 disconnect failed
09-23 18:08:49.754  6413  6413 D VideoSettings: removeScreenOffMessage
09-23 18:08:49.782  6413  6413 I setupmenu: GreenMute service status: false Current Visible Behind status: false
09-23 18:08:49.786  1203  1203 D MTK_KL  : <3>[  562.870923] binder: 6916: binder_alloc_buf failed to map pages in userspace, no vma
09-23 18:08:49.786  1203  1203 D MTK_KL  : <6>[  562.871061] binder: 2560:2858 transaction failed 29201, size 9404-0
09-23 18:08:49.786  1203  1203 D MTK_KL  : <6>[  562.871335] binder: send failed reply for transaction 296609 to 6916:6916
09-23 18:08:49.790  2560  2858 E ActivityManager: applyOptionsLocked: Unknown animationType=0
09-23 18:08:49.814  2560  2858 I ActivityManager: Start proc 16203:org.droidtv.euinstallertc:euinstallertc/1000 for activity org.droidtv.euinstallertc/.settings.ChannelSettingsActivity
09-23 18:08:49.845  2560  6446 D GraphicsStats: Buffer count: 8
09-23 18:08:49.848  6376  6376 D MtkTvInput AbstractInputSession(Tuner): MtkTvInput Session release
09-23 18:08:49.848  6376  6376 D MtkTvInput AbstractInputSession(Tuner): MtkTvInput onRelease send DO_ONRELEASE_TIMESHIFT_STOP_RECORD done.
09-23 18:08:49.848  6376  6376 D MtkTvInput AbstractInputSession(Tuner): MtkTvInput onRelease send DO_ONRELEASE_UNREGISTER_RECEIVER done.
09-23 18:08:49.849  6376  6376 D MtkTvInput AbstractInputSession(Tuner): MtkTvInput onRelease send DO_ONRELEASE_UNREGISTER_TIMESHIFTCALLBACK done.
09-23 18:08:49.849  6376  6376 D [J]TVRemoteServiceHandler: Enter  unregisterCallback 
09-23 18:08:49.849  6376  6376 D [J]TVRemoteServiceHandler: cb = com.mediatek.tvinput.dtv.ChannelSelCallbackHandler@694692e
09-23 18:08:49.849  6376  6376 D TVCallback: unregisterCallback:com.mediatek.tvinput.dtv.ChannelSelCallbackHandler@694692e
09-23 18:08:49.849  6376  6376 D [J]TVRemoteServiceHandler: Leave  unregisterCallback 
09-23 18:08:49.849  6376  6376 D [J]TVRemoteServiceHandler: removeListenerConfig: null
09-23 18:08:49.849  6376  6376 D TVCallback: removeListenerConfig: com.mediatek.tvinput.dtv.ChannelSelCallbackHandler@694692e, null
09-23 18:08:49.849  6376  6376 D TVCallback: removeListenerConfig: g_password__password
09-23 18:08:49.849  6376  6376 D TVCallback: removeListenerConfig: g_bs__bs_cable_brdcster
09-23 18:08:49.849  6376  6376 D TVCallback: removeListenerConfig: g_bs__bs_sat_antenna_type
09-23 18:08:49.849  6376  6376 D TVCallback: removeListenerConfig: g_menu__dvbepg_choice
09-23 18:08:49.849  6376  6376 D TVCallback: removeListenerConfig: g_menu__ch_logos
09-23 18:08:49.849  6376  6376 D TVCallback: removeListenerConfig: g_bs__sat_channel_table_version
09-23 18:08:49.849  6376  6376 D TVCallback: removeListenerConfig: g_bs__tc_last_channel_upper
09-23 18:08:49.850  6376  6376 D TVCallback: removeListenerConfig: g_bs__watchtv_src
09-23 18:08:49.850  6376  6376 D TVCallback: removeListenerConfig: g_country__country
09-23 18:08:49.850  6376  6376 D TVCallback: removeListenerConfig: g_video__shop_mode
09-23 18:08:49.850  6376  6376 D TVCallback: removeListenerConfig: g_nav__tc_ch_table_version
09-23 18:08:49.850  6376  6376 D TVCallback: removeListenerConfig: g_bs__last_seleted_uri
09-23 18:08:49.850  6376  6376 D TVCallback: removeListenerConfig: g_video__shop_feature
09-23 18:08:49.850  6376  6376 D TVCallback: removeListenerConfig: g_bs__operator_satellite
09-23 18:08:49.850  6376  6376 D TVCallback: removeListenerConfig: g_bs__ch_sat_sub_list
09-23 18:08:49.850  6376  6376 D TVCallback: removeListenerConfig: g_misc__shop_ambilight
09-23 18:08:49.850  6376  6376 D TVCallback: removeListenerConfig: g_bs__tc_last_channel_lower
09-23 18:08:49.850  6376  6376 D TVCallback: removeListenerConfig: g_bs__tc_sub_list
09-23 18:08:49.850  6376  6376 D TVCallback: removeListenerConfig: g_misc__power_auto_power_down
09-23 18:08:49.850  6376  6376 D TVCallback: removeListenerConfig: g_nav__input_main
09-23 18:08:49.850  6376  6376 D TVCallback: removeListenerConfig: g_audio__aud_out_port
09-23 18:08:49.850  6376  6376 D TVCallback: removeListenerConfig: g_bs__clock_setting
09-23 18:08:49.850  6376  6376 D TVCallback: removeListenerConfig: g_bs__installation_mode
09-23 18:08:49.850  6376  6376 D TVCallback: removeListenerConfig: g_nav__virgin_bit
09-23 18:08:49.850  6376  6376 D TVCallback: removeListenerConfig: g_ambi__alplushue_onoff
09-23 18:08:49.851  6376  6376 D TVCallback: removeListenerConfig: g_misc__shop_demome
09-23 18:08:49.851  6376  6376 D TVCallback: removeListenerConfig: g_ambi__alplushue_immersion
09-23 18:08:49.851  6376  6376 D TVCallback: removeListenerConfig: g_bs__bs_src
09-23 18:08:49.851  6376  6376 D TVCallback: removeListenerConfig: g_option_code__OPC_FEAT_VIRGIN_MODE
09-23 18:08:49.851  6376  6376 D TVCallback: removeListenerConfig: g_misc__power_screen_off
09-23 18:08:49.851  6376  6376 D TVCallback: removeListenerConfig: g_bs__ch_filter
09-23 18:08:49.851  6376  6376 D TVCallback: removeListenerConfig: g_video__hdr_detect
09-23 18:08:49.851  6376  6376 D TVCallback: removeListenerConfig: g_video__picture_mode
09-23 18:08:49.851  6376  6376 D TVCallback: removeListenerConfig: g_gui_lang__gui_language
09-23 18:08:49.851  6376  6376 D TVCallback: removeListenerConfig: g_network__wowlan
09-23 18:08:49.851  6376  6376 D TVCallback: removeOneListenerConfig: delete from list, false
09-23 18:08:49.851  6376  6376 D TVCallback: removeOneListenerConfig: delete from list, false
09-23 18:08:49.851  6376  6376 D TVCallback: removeOneListenerConfig: delete from list, false
09-23 18:08:49.851  6376  6376 D TVCallback: removeOneListenerConfig: delete from list, false
09-23 18:08:49.851  6376  6376 D TVCallback: removeOneListenerConfig: delete from list, false
09-23 18:08:49.851  6376  6376 D TVCallback: removeOneListenerConfig: delete from list, false
09-23 18:08:49.851  6376  6376 D TVCallback: removeOneListenerConfig: delete from list, false
09-23 18:08:49.851  6376  6376 D TVCallback: removeOneListenerConfig: delete from list, false
09-23 18:08:49.851  6376  6376 D TVCallback: removeOneListenerConfig: delete from list, false
09-23 18:08:49.852  6376  6376 D TVCallback: removeOneListenerConfig: delete from list, false
09-23 18:08:49.852  6376  6376 D TVCallback: removeOneListenerConfig: delete from list, false
09-23 18:08:49.852  6376  6376 D TVCallback: removeOneListenerConfig: delete from list, false
09-23 18:08:49.852  6376  6376 D TVCallback: removeOneListenerConfig: delete from list, false
09-23 18:08:49.852  6376  6376 D TVCallback: removeOneListenerConfig: delete from list, false
09-23 18:08:49.852  6376  6376 D TVCallback: removeOneListenerConfig: delete from list, false
09-23 18:08:49.852  6376  6376 D TVCallback: removeOneListenerConfig: delete from list, false
09-23 18:08:49.852  6376  6376 D TVCallback: removeOneListenerConfig: delete from list, false
09-23 18:08:49.852  6376  6376 D TVCallback: removeOneListenerConfig: delete from list, false
09-23 18:08:49.852  6376  6376 D TVCallback: removeOneListenerConfig: delete from list, false
09-23 18:08:49.852  6376  6376 D TVCallback: removeOneListenerConfig: delete from list, false
09-23 18:08:49.852  6376  6376 D TVCallback: removeOneListenerConfig: delete from list, false
09-23 18:08:49.852  6376  6376 D TVCallback: removeOneListenerConfig: delete from list, false
09-23 18:08:49.852  6376  6376 D TVCallback: removeOneListenerConfig: delete from list, false
09-23 18:08:49.852  6376  6376 D TVCallback: removeOneListenerConfig: delete from list, false
09-23 18:08:49.852  6376  6376 D TVCallback: removeOneListenerConfig: delete from list, false
09-23 18:08:49.853  6376  6376 D TVCallback: removeOneListenerConfig: delete from list, false
09-23 18:08:49.853  6376  6376 D TVCallback: removeOneListenerConfig: delete from list, false
09-23 18:08:49.853  6376  6376 D TVCallback: removeOneListenerConfig: delete from list, false
09-23 18:08:49.853  6376  6376 D TVCallback: removeOneListenerConfig: delete from list, false
09-23 18:08:49.853  6376  6376 D TVCallback: removeOneListenerConfig: delete from list, false
09-23 18:08:49.853  6376  6376 D TVCallback: removeOneListenerConfig: delete from list, false
09-23 18:08:49.853  6376  6376 D TVCallback: removeOneListenerConfig: delete from list, false
09-23 18:08:49.853  6376  6376 D TVCallback: removeOneListenerConfig: delete from list, false
09-23 18:08:49.853  6376  6376 D TVCallback: removeOneListenerConfig: delete from list, false
09-23 18:08:49.853  6376  6376 D TVCallback: removeOneListenerConfig: delete from list, false
09-23 18:08:49.853  6376  6376 D MtkTvInput(DTVInputReceiver): MtkTvInput DTVInputReceiver unregisterCallBack.
09-23 18:08:49.853  6376  6376 D MtkTvInput(DataSyncThread): MtkTvInput Stop, HandlerThread = MtkTvInput(DataSyncThread), HandlerThread = 291
09-23 18:08:49.853  6376  6376 D MtkTvInput AbstractInputSession(Tuner): MtkTvInput onRelease enter
09-23 18:08:49.854  6376  6376 D MtkTvInput AbstractInputSession(Tuner): MtkTvInput onRelease, mReleased = true
09-23 18:08:49.854  6376  6376 D MtkTvInput AbstractInputSession(Tuner): MtkTvInput onRelease() activeOutType = TvInputConst.InputInvalid directly return
09-23 18:08:49.854  6376  6376 D MtkTvInput AbstractInputSession(Tuner): MtkTvInput onRelease() send DO_REMOVE_SESSION message
09-23 18:08:49.855  6376  6376 D         : Java_com_mediatek_twoworlds_tv_TVNative_getRecordStatus_1native 
09-23 18:08:49.856  6376  6376 D MtkTvInput(Tuner): MtkTvInput DO_ONRELEASE_UNREGISTER_RECEIVER, unregisterReceiver(diskReceiver)
09-23 18:08:49.918  6376  6376 D [J]TVRemoteServiceHandler: Enter  unregisterCallback 
09-23 18:08:49.918  6376  6376 D [J]TVRemoteServiceHandler: cb = com.mediatek.tvinput.dtv.TunerInputService$TimeshiftCallbackHandler@89e8730
09-23 18:08:49.918  6376  6376 D TVCallback: unregisterCallback:com.mediatek.tvinput.dtv.TunerInputService$TimeshiftCallbackHandler@89e8730
09-23 18:08:49.918  6376  6376 D [J]TVRemoteServiceHandler: Leave  unregisterCallback 
09-23 18:08:49.919  6376  6376 D MtkTvInput(Tuner): MtkTvInput DO_REMOVE_SESSION. remove mInfo.getId() = com.mediatek.tvinput/.dtv.TunerInputService/HW0, session_idx = 7
09-23 18:08:49.919  6376  6376 D MtkTvInput(Tuner): MtkTvInput DO_REMOVE_SESSION  session = com.mediatek.tvinput.dtv.TunerInputService$TunerInputSessionImpl@cd0fccf, session.session_idx = 7
09-23 18:08:49.936 11524 11524 D ViewRootImpl[MainActivity]: changeCanvasOpacity: opaque=false
09-23 18:08:49.951 11524 11524 D ViewRootImpl[MainActivity]: changeCanvasOpacity: opaque=false
09-23 18:08:49.964  1194  1194 E hwcomposer: layer2 check failed
09-23 18:08:49.968  1194  1259 E BufferQueueProducer: [org.droidtv.settings/org.droidtv.settings.setupmenu.SetupMenuActivity] disconnect: not connected (req=1)
09-23 18:08:49.968  1194  4143 E BufferQueueProducer: [com.google.android.leanbacklauncher/com.google.android.leanbacklauncher.MainActivity] disconnect: not connected (req=1)
09-23 18:08:49.969  6413  8524 W libEGL  : EGLNativeWindowType 0x9009b608 disconnect failed
09-23 18:08:49.969 11524 11569 W libEGL  : EGLNativeWindowType 0x9ed4b008 disconnect failed
09-23 18:08:49.982 16203 16203 W System  : ClassLoader referenced unknown path: /system/app/euinstaller/lib/arm
09-23 18:08:49.984  2560  7454 I WindowManager: Destroying surface Surface(name=Application Error: org.droidtv.euinstallertc) called by com.android.server.wm.WindowStateAnimator.destroySurface:2016 com.android.server.wm.WindowStateAnimator.destroySurfaceLocked:882 com.android.server.wm.WindowState.destroyOrSaveSurface:2112 com.android.server.wm.WindowSurfacePlacer.performSurfacePlacementInner:429 com.android.server.wm.WindowSurfacePlacer.performSurfacePlacementLoop:232 com.android.server.wm.WindowSurfacePlacer.performSurfacePlacement:180 com.android.server.wm.WindowManagerService.relayoutWindow:2943 com.android.server.wm.Session.relayout:224 
09-23 18:08:49.985  1194  1194 E hwcomposer: layer2 check failed
09-23 18:08:49.990  6336  6336 D xtvService: packageName: org.droidtv.euinstallertc
09-23 18:08:49.990  2560  7454 W AppOps  : Finishing op nesting under-run: uid 1000 pkg android code 24 time=0 duration=0 nesting=0
09-23 18:08:49.990  6336  6336 D xtvService: AppSwitchNotification in xtv: returning true
09-23 18:08:49.992  6336  6336 D org.droidtv.xtv.xtvUtility.xtvUtilities: getCurrentApplication: Has a valid class and package name
09-23 18:08:49.992  6336  6336 D org.droidtv.xtv.xtvNotify.xtvNotifyHelper: notifyReceived:Inside notifyReceived of xtvNotifyHelper
09-23 18:08:49.993  6336  6336 D org.droidtv.xtv.xtvNotify.xtvNotifyWrapper: isNotifyEnabled[10]: false
09-23 18:08:49.993  6336  6336 D org.droidtv.xtv.xtvNotify.xtvNotifyWrapper: isNotifyEnabled[10]: false
09-23 18:08:49.993  6336  6336 D org.droidtv.xtv.xtvNotify.xtvNotifyWrapper: isNotifyEnabled[10]: false
09-23 18:08:49.993  6336  6336 D org.droidtv.xtv.xtvNotify.xtvNotifyWrapper: isNotifyEnabled[10]: false
09-23 18:08:49.994  6336  6336 D org.droidtv.xtv.xtvNotify.xtvNotifyWrapper: isNotifyEnabled[10]: false
09-23 18:08:49.994  6336  6336 D org.droidtv.xtv.xtvNotify.xtvNotifyWrapper: isNotifyEnabled[10]: false
09-23 18:08:49.994  6336  6336 D org.droidtv.xtv.xtvNotify.xtvNotifyWrapper: isNotifyEnabled[10]: false
09-23 18:08:49.994  6336  6336 D org.droidtv.xtv.xtvNotify.xtvNotifyWrapper: isNotifyEnabled[10]: false
09-23 18:08:49.994  6336  6336 D org.droidtv.xtv.xtvNotify.xtvNotifyWrapper: isNotifyEnabled[10]: false
09-23 18:08:49.994  6336  6336 D org.droidtv.xtv.xtvNotify.xtvNotifyWrapper: isNotifyEnabled[10]: false
09-23 18:08:49.995  6336  6336 D org.droidtv.xtv.xtvNotify.xtvNotifyWrapper: isNotifyEnabled[10]: false
09-23 18:08:49.995  6336  6336 D org.droidtv.xtv.xtvNotify.xtvNotifyWrapper: isNotifyEnabled[10]: false
09-23 18:08:49.996  2560  7455 I WindowManager: Destroying surface Surface(name=com.google.android.leanbacklauncher/com.google.android.leanbacklauncher.MainActivity) called by com.android.server.wm.WindowStateAnimator.destroySurface:2016 com.android.server.wm.WindowStateAnimator.destroySurfaceLocked:882 com.android.server.wm.WindowState.destroyOrSaveSurface:2112 com.android.server.wm.WindowManagerService.tryStartExitingAnimation:3024 com.android.server.wm.WindowManagerService.relayoutWindow:2904 com.android.server.wm.Session.relayout:224 android.view.IWindowSession$Stub.onTransact:286 com.android.server.wm.Session.onTransact:145 
09-23 18:08:50.006  1194  1194 E hwcomposer: layer2 check failed
09-23 18:08:50.038  2560  2570 I art     : Background partial concurrent mark sweep GC freed 29806(1857KB) AllocSpace objects, 63(1296KB) LOS objects, 33% free, 10MB/15MB, paused 3.435ms total 176.434ms
09-23 18:08:50.045  2560  2568 W JavaBinder: BinderProxy is being destroyed but the application did not call unlinkToDeath to unlink all of its death recipients beforehand.  Releasing leaked death recipient: com.android.server.tv.TvInputManagerService$SessionState
09-23 18:08:50.049 16203 16203 D ITvInterface: Instance constructor: interface org.droidtv.tv.persistentstorage.ITvSettingsManager
09-23 18:08:50.057 16203 16203 D TV_MtkTvInputSource: Enter getInputSourceTotalNumber
09-23 18:08:50.059 16203 16203 I TVNative: Load libcom_mediatek_twoworlds_tv_jni.so start !
09-23 18:08:50.110 16203 16203 D MTKAPI  : dtv_svc rpc server confirmed ready.
09-23 18:08:50.125 16203 16203 W libc    : pthread_create sched_setscheduler call failed: Operation not permitted
09-23 18:08:50.126 16203 16203 D RPC     : <org.droidtv.euinstallertc:euinstallertc, c_rpc_reg_mtdt_cb_hndlrs, #782>RW_MTDT KEY:INT32 c_rpc_reg_mtdt_cb_hndlrs().782: reg cb hndlrs
09-23 18:08:50.127 16203 16203 D MTKAPI  : mtal init result = 0
09-23 18:08:50.127 16203 16203 D MTKAPI  : !!!!!!! JNI_OnLoad OK !!!!!!
09-23 18:08:50.127 16203 16203 I TVNative: Load libcom_mediatek_twoworlds_tv_jni.so OK !
09-23 18:08:50.130 16203 16203 D TV_MtkTvInputSource: Enter getInputSourceRecbyidx, idx = 0
09-23 18:08:50.132 16203 16203 D MtkTvInputSource_jni: native_getInputSourceRecbyidx
09-23 18:08:50.133 16203 16203 D TV_MtkTvInputSource: Enter getInputSourceRecbyidx, idx = 1
09-23 18:08:50.133 16203 16203 D MtkTvInputSource_jni: native_getInputSourceRecbyidx
09-23 18:08:50.133 16203 16203 D TV_MtkTvInputSource: Enter getInputSourceRecbyidx, idx = 2
09-23 18:08:50.134 16203 16203 D MtkTvInputSource_jni: native_getInputSourceRecbyidx
09-23 18:08:50.134 16203 16203 D TV_MtkTvInputSource: Enter getInputSourceRecbyidx, idx = 3
09-23 18:08:50.134 16203 16203 D MtkTvInputSource_jni: native_getInputSourceRecbyidx
09-23 18:08:50.135 16203 16203 D TV_MtkTvInputSource: Enter getInputSourceRecbyidx, idx = 4
09-23 18:08:50.135 16203 16203 D MtkTvInputSource_jni: native_getInputSourceRecbyidx
09-23 18:08:50.135 16203 16203 D TV_MtkTvInputSource: Enter getInputSourceRecbyidx, idx = 5
09-23 18:08:50.135 16203 16203 D MtkTvInputSource_jni: native_getInputSourceRecbyidx
09-23 18:08:50.136 16203 16203 D TV_MtkTvInputSource: Enter getInputSourceRecbyidx, idx = 6
09-23 18:08:50.136 16203 16203 D MtkTvInputSource_jni: native_getInputSourceRecbyidx
09-23 18:08:50.136 16203 16203 D TV_MtkTvInputSource: Enter getInputSourceRecbyidx, idx = 7
09-23 18:08:50.136 16203 16203 D MtkTvInputSource_jni: native_getInputSourceRecbyidx
09-23 18:08:50.137 16203 16203 D TV_MtkTvInputSource: Enter getInputSourceRecbyidx, idx = 8
09-23 18:08:50.137 16203 16203 D MtkTvInputSource_jni: native_getInputSourceRecbyidx
09-23 18:08:50.180 16203 16203 D MtkTvKeyEvent: KeyMap Reader init successful
09-23 18:08:50.182 16203 16203 W EuInstallerTC: EuInstallerTC
09-23 18:08:50.183 16203 16203 D TvSettingsManager: p=504 getInt=0
09-23 18:08:50.184 16203 16203 D TvSettingsManager: getCountryId | Country ID: GBR   Index: 26
09-23 18:08:50.184 16203 16203 D TvSettingsManager: p=408 getInt=26
09-23 18:08:50.188 16203 16203 I MtkLog  : not print log
09-23 18:08:50.373  8052  8176 I PlayCommon: [217] PlayEventLogger.uploadEventsImpl: Preparing logs for uploading
09-23 18:08:50.374  8052  8176 I PlayCommon: [217] PlayEventLogger.uploadEventsImpl: No file ready to send
09-23 18:08:50.391  6376  6388 D [J]TVRemoteServiceHandler: Enter  registerCallback 
09-23 18:08:50.391  6376  6388 D [J]TVRemoteServiceHandler: cb = com.mediatek.twoworlds.tv.MtkTvITVCallback$Stub$Proxy@5c00c48
09-23 18:08:50.391  6376  6388 D TVCallback: registerCallback:com.mediatek.twoworlds.tv.MtkTvITVCallback$Stub$Proxy@5c00c48
09-23 18:08:50.391  6376  6388 D [J]TVRemoteServiceHandler: Leave  registerCallback 
09-23 18:08:50.394  6376  6572 D [J]TVRemoteServiceHandler: Enter  registerCallback 
09-23 18:08:50.394  6376  6572 D [J]TVRemoteServiceHandler: cb = com.mediatek.twoworlds.tv.MtkTvITVCallback$Stub$Proxy@c947006
09-23 18:08:50.394  6376  6572 D TVCallback: registerCallback:com.mediatek.twoworlds.tv.MtkTvITVCallback$Stub$Proxy@c947006
09-23 18:08:50.394  6376  6572 D [J]TVRemoteServiceHandler: Leave  registerCallback 
09-23 18:08:50.398 16203 16203 I JK      : Contain Property = 178
09-23 18:08:50.398 16203 16203 I JK      : Contain Property = 121
09-23 18:08:50.398 16203 16203 I BACH    : SetCallBacks  cb = org.droidtv.euinstallertc.model.mwapi.NativeAPIWrapper$GlobalSettingsChangeListener@32ce2b4
09-23 18:08:50.400  6376  6389 D [J]TVRemoteServiceHandler: Enter  registerCallback 
09-23 18:08:50.400  6376  6389 D [J]TVRemoteServiceHandler: cb = com.mediatek.twoworlds.tv.MtkTvITVCallback$Stub$Proxy@7eda4f4
09-23 18:08:50.400  6376  6389 D TVCallback: registerCallback:com.mediatek.twoworlds.tv.MtkTvITVCallback$Stub$Proxy@7eda4f4
09-23 18:08:50.400  6376  6389 D [J]TVRemoteServiceHandler: Leave  registerCallback 
09-23 18:08:50.401  6376  6575 D [J]TVRemoteServiceHandler: addListenerConfig: g_nav__tc_ch_table_version
09-23 18:08:50.401  6376  6575 D TVCallback: addListenerConfig: com.mediatek.twoworlds.tv.MtkTvITVCallback$Stub$Proxy@3f78692, g_nav__tc_ch_table_version
09-23 18:08:50.402  6376  6575 D TVCallback: addListenerConfig: add to list,4
09-23 18:08:50.403 16203 16203 D TvSettingsManager: p=220 getInt=196
09-23 18:08:50.410 16203 16203 D EuInstallerTC: setApplicationState INST_SETTINGS
09-23 18:08:50.410 16203 16203 D EuInstallerTC: StopMWInstIfInstanceExists Enter 0
09-23 18:08:50.410 16203 16203 D EuInstallerTC: StopInstallation
09-23 18:08:50.410 16203 16203 D EuInstallerTC: StopMWInstIfInstanceExists Exit
09-23 18:08:50.410 16203 16203 D NativeAPIWrapper: setApplicationState INST_SETTINGS
09-23 18:08:50.410 16203 16203 D NativeAPIWrapper: setApplicationContext org.droidtv.euinstallertc.settings.ChannelSettingsActivity@e20a123
09-23 18:08:50.424 16203 16203 D ITvInterface: Instance constructor: interface org.droidtv.tv.provider.IRecordingsContract
09-23 18:08:50.427  6577  6595 D RecordingProvider: Query with record/reminder provider
09-23 18:08:50.428  6577  6595 D RecordingProvider: The DB Name Received for the Operation is:RecordingsTable
09-23 18:08:50.428  6577  6595 D RecordingProvider: Recordings Table query !!!
09-23 18:08:50.428  6577  6595 D RecordingProvider: before query
09-23 18:08:50.428  6577  6595 D RecordingProvider: after query
09-23 18:08:50.434 16203 16203 D NativeAPIWrapper: ifRecordingIsInProgress false
09-23 18:08:50.435 16203 16203 D ChannelSettingsActivity: OnCreate new Enter 
09-23 18:08:50.444 16203 16203 I NpanelBrowser: in constructor
09-23 18:08:50.448 16203 16203 I sudhir in panel cons:  in panel const
09-23 18:08:50.449 16203 16203 I sudhir in panel cons:  in panel const
09-23 18:08:50.449 16203 16203 I sudhir in panel cons:  in panel const
09-23 18:08:50.456 16203 16203 I NpanelBrowser: leaving constructor
09-23 18:08:50.496 16203 16203 D NativeAPIWrapper: muteAudio with argValue=true
09-23 18:08:50.497 16203 16244 D MtkTvVolCtrl: Enter set_mute.
09-23 18:08:50.498 16203 16203 D TvSettingsManager: p=209 getInt=10
09-23 18:08:50.498 16203 16203 D NativeAPIWrapper: NativeAPIwrapper SetCurrentSelectedPreset currentChannelsID : 10
09-23 18:08:50.498 16203 16203 D NativeAPIWrapper: createTIFSession SESSION_PURPOSE_INSTALLER
09-23 18:08:50.499 16203 16203 D SessionHandlerTIF: SessionHandlerTIF SESSION_PURPOSE_INSTALLER
09-23 18:08:50.500 16203 16244 D MtkTvVolCtrl_jni: JNI vendor/mediatek/open/frameworks/twoworlds/tv/jni/com_mediatek_twoworlds_tv_MtkTvVolCtrl.c Java_com_mediatek_twoworlds_tv_TVNative_setMute_1native__Z 173
09-23 18:08:50.503 16203 16203 D SessionHandlerTIF installer:: new handler
09-23 18:08:50.504 16203 16203 D SessionHandlerTIF installer:: registerToSessionHandler org.droidtv.euinstallertc.model.mwapi.NativeAPIWrapper$2@47d6d03
09-23 18:08:50.504 16203 16203 D SessionHandlerTIF installer:: createNewSession org.droidtv.euinstallertc.settings.ChannelSettingsActivity@e20a123
09-23 18:08:50.516 16203 16203 D SessionHandlerTIF installer:: tinfo [0]:TvInputInfo{id=com.mediatek.tvinput/.dtv.TunerInputService/HW0, pkg=com.mediatek.tvinput, service=com.mediatek.tvinput.dtv.TunerInputService}
09-23 18:08:50.516 16203 16203 D SessionHandlerTIF installer:: tuner id
09-23 18:08:50.517 16203 16203 D ChannelSettingsActivity: OnCreate Exit
09-23 18:08:50.519 16203 16203 D ChannelSettingsActivity: onStart
09-23 18:08:50.521  6376  6376 D MtkTvInput(Tuner): MtkTvInput onCreateSession inputId=com.mediatek.tvinput/.dtv.TunerInputService/HW0, index = 8
09-23 18:08:50.521  6376  6376 D MtkTvInput(Tuner): MtkTvInput onCreateSession mTunerHardwareInputIdMap(19) = com.mediatek.tvinput/.dtv.TunerInputService/HW19
09-23 18:08:50.521  6376  6376 D MtkTvInput(Tuner): MtkTvInput onCreateSession mTunerHardwareInputIdMap(9) = com.mediatek.tvinput/.dtv.TunerInputService/HW9
09-23 18:08:50.521  6376  6376 D MtkTvInput(Tuner): MtkTvInput onCreateSession mTunerHardwareInputIdMap(10) = com.mediatek.tvinput/.dtv.TunerInputService/HW10
09-23 18:08:50.521  6376  6376 D MtkTvInput(Tuner): MtkTvInput onCreateSession mTunerHardwareInputIdMap(0) = com.mediatek.tvinput/.dtv.TunerInputService/HW0
09-23 18:08:50.521  6376  6376 D MtkTvInput(Tuner): MtkTvInput onCreateSession mHardwareDeviceId(0)
09-23 18:08:50.522  6376  6376 D TV_MtkTvInputSource: Enter getInputSourceTotalNumber
09-23 18:08:50.522 16203 16203 D NativeAPIWrapper: setApplicationContext org.droidtv.euinstallertc.settings.ChannelSettingsActivity@e20a123
09-23 18:08:50.523 16203 16203 D NativeAPIWrapper: update: action 54, message 
09-23 18:08:50.523  6376  6376 D [J]TVRemoteServiceHandler: Enter  registerCallback 
09-23 18:08:50.523  6376  6376 D [J]TVRemoteServiceHandler: cb = com.mediatek.tvinput.dtv.TunerInputService$TimeshiftCallbackHandler@250f863
09-23 18:08:50.523  6376  6376 D TVCallback: registerCallback:com.mediatek.tvinput.dtv.TunerInputService$TimeshiftCallbackHandler@250f863
09-23 18:08:50.523  6376  6376 D [J]TVRemoteServiceHandler: Leave  registerCallback 
09-23 18:08:50.524 16203 16203 D ChannelSettingsActivity: onResume
09-23 18:08:50.526  6376  6376 D MtkTvInput(Tuner): MtkTvInput onCreateSession() send DO_ADD_SESSION message, return
09-23 18:08:50.526  6376  6376 D [J]TVRemoteServiceHandler: Enter  registerCallback 
09-23 18:08:50.526  6376  6376 D [J]TVRemoteServiceHandler: cb = com.mediatek.tvinput.dtv.ChannelSelCallbackHandler@1238519
09-23 18:08:50.527 16203 16253 D MtkTvAppTVBase: Enter UpdatedSysStatus
09-23 18:08:50.527  6376  6376 D TVCallback: registerCallback:com.mediatek.tvinput.dtv.ChannelSelCallbackHandler@1238519
09-23 18:08:50.527 16203 16253 D MtkTvAppTVBase: ww_status:0
09-23 18:08:50.527  6376  6376 D [J]TVRemoteServiceHandler: Leave  registerCallback 
09-23 18:08:50.527  6376  6376 D MtkTvInput(DTVInputReceiverCallBack): MtkTvInput DTVInputReceiverCallBack Init.
09-23 18:08:50.527 16203 16253 D TVNativeWrapper(Emu): AppTVupdatedSysStatus_native  called
09-23 18:08:50.527  6376  6376 D MtkTvInput(DTVInputReceiver): MtkTvInput DTVInputReceiver registerCallBack.
09-23 18:08:50.529  6376  6376 D MtkTvInput(Tuner): MtkTvInput DO_ADD_SESSION. add inputId = com.mediatek.tvinput/.dtv.TunerInputService/HW0, session_idx = 8,session = com.mediatek.tvinput.dtv.TunerInputService$TunerInputSessionImpl@90379de
09-23 18:08:50.530 16203 16253 D MtkvAPPTV_jni: Enter Java_com_mediatek_twoworlds_tv_TVNative_AppTVupdatedSysStatus_1native__I
09-23 18:08:50.530 16203 16253 D MtkvAPPTV_jni: Enter _mtktvapptv_jni_conver_ww_sysstatus_to_native_sys_status i4_ww_sys_status = 0 
09-23 18:08:50.530 16203 16253 D MtkvAPPTV_jni: JNI_APPTV_SYS_STATUS_MENU_RESUME
09-23 18:08:50.530 16203 16253 D MtkvAPPTV_jni: call a_mtktvapi_apptv_update_sys_status
09-23 18:08:50.533 16203 16249 D SessionHandlerTIF installer:: onSessionCreated session:android.media.tv.TvInputManager$Session@3f08480 mPurpose installer
09-23 18:08:50.535 16203 16249 D SessionHandlerTIF installer:: onSessionEvent android.media.tv.TvInputManager$Session@3f08480 eventType:event_session_context_created
09-23 18:08:50.538 16203 16251 D SessionHandlerTIF installer:: onSessionEvent sessionCreationSuccessfull
09-23 18:08:50.538 16203 16251 D NativeAPIWrapper: mMainCallbackSessionHandler: sessionCreationSuccessfull
09-23 18:08:50.540  6376  6376 D MtkTvInput AbstractInputSession(Tuner): MtkTvInput onAppPrivateCommand, action = command_session_type
09-23 18:08:50.540  6376  6376 D MtkTvInput AbstractInputSession(Tuner): MtkTvInput onAppPrivateCommand, action = command_session_typeinvalid command, return!
09-23 18:08:50.541 16203 16251 D TvSettingsManager: p=504 getInt=0
09-23 18:08:50.542 16203 16251 D NativeAPIWrapper: getSelectedDVBTOrDVBCFromTVS() DVBT
09-23 18:08:50.546 16203 16251 D TvSettingsManager: p=59 getInt=0
09-23 18:08:50.546 16203 16251 D NativeAPIWrapper: regionBit=0
09-23 18:08:50.548 16203 16251 D TvSettingsManager: getCountryId | Country ID: GBR   Index: 26
09-23 18:08:50.549 16203 16251 D TvSettingsManager: p=408 getInt=26
09-23 18:08:50.549 16203 16251 D NativeAPIWrapper: sessionCreationSuccessfull setSelectedCountyID()  42
09-23 18:08:50.549 16203 16251 D ChannelSettingsActivity: EVENT_INST_ONPREPAREDTV 
09-23 18:08:50.552 16203 16251 D NativeAPIWrapper: update: action 33, message 
09-23 18:08:50.554 16203 16261 D ChannelSettingsActivity: doInBackground params: INIT_UI
09-23 18:08:50.580 16203 16203 D EuInstallerService: onCreate Enter
09-23 18:08:50.599 16203 16203 D NativeAPIWrapper: setApplicationContext org.droidtv.euinstallertc.service.EuInstallerService@3dfd65f
09-23 18:08:50.600 16203 16203 D InstallerTVSettings: InstallerTVSettings Constuctor
09-23 18:08:50.600 16203 16203 D InstallerTVSettings: registerTvSettingsManager Enter
09-23 18:08:50.600 16203 16203 I JK      : Contain Property = 178
09-23 18:08:50.600 16203 16203 I JK      : Contain Property = 121
09-23 18:08:50.601 16203 16203 I BACH    : SetCallBacks  cb = org.droidtv.euinstallertc.service.InstallerTVSettings$SettingsListener@61968ac
09-23 18:08:50.601  6376  6389 D [J]TVRemoteServiceHandler: addListenerConfig: g_country__country
09-23 18:08:50.601  6376  6389 D TVCallback: addListenerConfig: com.mediatek.twoworlds.tv.MtkTvITVCallback$Stub$Proxy@550b7bf, g_country__country
09-23 18:08:50.602  6376  6389 D TVCallback: addListenerConfig: add to list,4
09-23 18:08:50.602 16203 16203 D InstallerTVSettings: registerTvSettingsManager Exit
09-23 18:08:50.602 16203 16203 D EuInstallerService: onCreate Exit
09-23 18:08:50.603 16203 16203 D EuInstallerService: onStartCommand intent:null flags:0 startId:2
09-23 18:08:50.603 16203 16203 D EuInstallerService: exit onStartCommand
09-23 18:08:50.603 16203 16203 D ChannelSettingsActivity: onPostExecute enter result INIT_UI
09-23 18:08:50.653 16203 16203 D DTRMenuItem: DTRMenuItem()
09-23 18:08:50.692 16203 16244 D MtkTvVolCtrl: setMute_native 0
09-23 18:08:50.692 16203 16244 D MtkTvVolCtrl: Leave set_mute.
09-23 18:08:50.705 16203 16203 E VerticalSeekBar: Slider - Constructor
09-23 18:08:50.721 16203 16203 E VerticalSeekBar: Slider - Constructor
09-23 18:08:50.724 16203 16203 E MenuBuilder: setVisibleNodes: mCurrentNode is null
09-23 18:08:50.724 16203 16203 E MenuBuilder: setVisibleNodes: mPrevNode is null
09-23 18:08:50.724 16203 16203 D SettingsHandler: onNodeEntered cookieID: 0
09-23 18:08:50.725 16203 16203 E MenuBuilder: setVisibleNodes: mPrevNode is null
09-23 18:08:50.726 16203 16203 D SettingsHandler: isAvailable enter cookieID:1 enumVal:-10000
09-23 18:08:50.726 16203 16203 D SettingsHandler: isAvailable exit cookieID:1 enumVal:-10000 returnBool:true
09-23 18:08:50.726 16203 16203 D SettingsHandler: isControllable enter cookieID:1 enumVal:-10000
09-23 18:08:50.726 16203 16203 D SettingsHandler: isControllable exit cookieID:1 enumVal:-10000 returnBool:true
09-23 18:08:50.731 16203 16203 W System  : ClassLoader referenced unknown path: 
09-23 18:08:50.731 16203 16203 W System  : ClassLoader referenced unknown path: /system/framework/tvstrings/lib/arm
09-23 18:08:50.736 16203 16203 D SettingsHandler: isAvailable enter cookieID:2 enumVal:-10000
09-23 18:08:50.737 16203 16203 D TvSettingsManager: getCountryId | Country ID: GBR   Index: 26
09-23 18:08:50.737 16203 16203 D TvSettingsManager: p=408 getInt=26
09-23 18:08:50.737 16203 16203 D NativeAPIWrapper: getCountryNameFromTVS() mTVSCselectedCountryID 26
09-23 18:08:50.738 16203 16203 D NativeAPIWrapper: getCountryNameFromTVS() UK
09-23 18:08:50.738 16203 16203 D TvSettingsManager: p=504 getInt=0
09-23 18:08:50.739 16203 16203 D NativeAPIWrapper: getSelectedDVBTOrDVBCFromTVS() DVBT
09-23 18:08:50.739 16203 16203 D NativeAPIWrapper: countrySupportsDVBTFullorLite argCountry UK
09-23 18:08:50.740 16203 16203 D NativeAPIWrapper: countrySupportsDVBTFullorLite returnMacro DVBT_Full
09-23 18:08:50.740 16203 16203 D SettingsHandler: isAvailable exit cookieID:2 enumVal:-10000 returnBool:true
09-23 18:08:50.740 16203 16203 D SettingsHandler: isControllable enter cookieID:2 enumVal:-10000
09-23 18:08:50.740 16203 16203 D SettingsHandler: isControllable exit cookieID:2 enumVal:-10000 returnBool:true
09-23 18:08:50.742 16203 16203 D SettingsHandler: isAvailable enter cookieID:3 enumVal:-10000
09-23 18:08:50.742 16203 16203 D TvSettingsManager: getCountryId | Country ID: GBR   Index: 26
09-23 18:08:50.742 16203 16203 D TvSettingsManager: p=408 getInt=26
09-23 18:08:50.742 16203 16203 D NativeAPIWrapper: getCountryNameFromTVS() mTVSCselectedCountryID 26
09-23 18:08:50.743 16203 16203 D NativeAPIWrapper: getCountryNameFromTVS() UK
09-23 18:08:50.744 16203 16203 D TvSettingsManager: p=504 getInt=0
09-23 18:08:50.744 16203 16203 D NativeAPIWrapper: getSelectedDVBTOrDVBCFromTVS() DVBT
09-23 18:08:50.744 16203 16203 D NativeAPIWrapper: countrySupportsDVBTFullorLite argCountry UK
09-23 18:08:50.744 16203 16203 D NativeAPIWrapper: countrySupportsDVBTFullorLite returnMacro DVBT_Full
09-23 18:08:50.744 16203 16203 D SettingsHandler: isAvailable exit cookieID:3 enumVal:-10000 returnBool:true
09-23 18:08:50.744 16203 16203 D SettingsHandler: isControllable enter cookieID:3 enumVal:-10000
09-23 18:08:50.744 16203 16203 D SettingsHandler: isControllable exit cookieID:3 enumVal:-10000 returnBool:true
09-23 18:08:50.746 16203 16203 D SettingsHandler: isAvailable enter cookieID:4 enumVal:-10000
09-23 18:08:50.746 16203 16203 D NativeAPIWrapper: IsDvbInstallationAvailable entry 
09-23 18:08:50.747 16203 16203 D TvSettingsManager: getCountryId | Country ID: GBR   Index: 26
09-23 18:08:50.747 16203 16203 D TvSettingsManager: p=408 getInt=26
09-23 18:08:50.747 16203 16203 D NativeAPIWrapper: getCountryNameFromTVS() mTVSCselectedCountryID 26
09-23 18:08:50.748 16203 16203 D NativeAPIWrapper: getCountryNameFromTVS() UK
09-23 18:08:50.748 16203 16203 I TvSettingsManager: TvSettingsManagerget  MtkTvConfigType.CFG_BS_BS_CABLE_BRDCSTER =>7
09-23 18:08:50.748 16203 16203 D TvSettingsManager: p=202 getInt=7
09-23 18:08:50.749 16203 16203 D NativeAPIWrapper: getMtkOperatorID: 7
09-23 18:08:50.749 16203 16203 D NativeAPIWrapper: countrySupportsDVBTFullorLite argCountry UK
09-23 18:08:50.749 16203 16203 D NativeAPIWrapper: countrySupportsDVBTFullorLite returnMacro DVBT_Full
09-23 18:08:50.750 16203 16203 D NativeAPIWrapper: getCachedAnalogueDigital() DIGITAL
09-23 18:08:50.750 16203 16203 D NativeAPIWrapper: IsDvbInstallationAvailable returning true
09-23 18:08:50.750 16203 16203 D SettingsHandler: isAvailable exit cookieID:4 enumVal:-10000 returnBool:true
09-23 18:08:50.750 16203 16203 D SettingsHandler: isControllable enter cookieID:4 enumVal:-10000
09-23 18:08:50.750 16203 16203 D NativeAPIWrapper: isDTRMenuControllable entry
09-23 18:08:50.751 16203 16203 D TvSettingsManager: p=504 getInt=0
09-23 18:08:50.751 16203 16203 D NativeAPIWrapper: getSelectedDVBTOrDVBCFromTVS() DVBT
09-23 18:08:50.751 16203 16203 D NativeAPIWrapper: isDTRMenuControllable returning true
09-23 18:08:50.751 16203 16203 D SettingsHandler: isControllable exit cookieID:4 enumVal:-10000 returnBool:true
09-23 18:08:50.752 16203 16203 D SettingsHandler: isAvailable enter cookieID:7 enumVal:-10000
09-23 18:08:50.753 16203 16203 D SettingsHandler: isAvailable exit cookieID:7 enumVal:-10000 returnBool:true
09-23 18:08:50.753 16203 16203 D SettingsHandler: isControllable enter cookieID:7 enumVal:-10000
09-23 18:08:50.753 16203 16203 D NativeAPIWrapper: setStoreAsNewChannelStatus: false
09-23 18:08:50.753 16203 16203 D NativeAPIWrapper: setStoreAsCurrentChannelStatus: false
09-23 18:08:50.753 16203 16203 D SettingsHandler: isControllable exit cookieID:7 enumVal:-10000 returnBool:true
09-23 18:08:50.754 16203 16203 D SettingsHandler: isAvailable enter cookieID:12 enumVal:-10000
09-23 18:08:50.755 16203 16203 D SettingsHandler: isAvailable exit cookieID:12 enumVal:-10000 returnBool:false
09-23 18:08:50.756 16203 16203 D SettingsHandler: updateHelpContext -1, null
09-23 18:08:50.756 16203 16203 E MenuBuilder: setVisibleNodes: mPrevNode is null
09-23 18:08:50.756 16203 16203 D SettingsHandler: onNodeFocusGained cookieID: 0
09-23 18:08:50.762 16203 16203 D SettingsHandler: onNodeEntered cookieID: 1
09-23 18:08:50.763 16203 16203 D SettingsHandler: updateHelpContext 3, search_for_channels
09-23 18:08:50.764 16203 16203 D TCContextHelper: Its in ContextualHelper constructor
09-23 18:08:50.765 16203 16203 D TCContextHelper: lContext org.droidtv.euinstallertc.settings.ChannelSettingsActivity@e20a123
09-23 18:08:50.765 16203 16203 I TCContextHelper:  unBindEumService
09-23 18:08:50.765 16203 16265 D TCContextHelper: BINDTOEUMSERVICE
09-23 18:08:50.765 16203 16265 D TCContextHelper: intHelpContext: null mContext: org.droidtv.euinstallertc.settings.ChannelSettingsActivity@e20a123
09-23 18:08:50.766 16203 16265 D TCContextHelper: bindtoEumService..
09-23 18:08:50.766 16203 16208 I art     : Do partial code cache collection, code=12KB, data=31KB
09-23 18:08:50.767 16203 16203 D EasyPqView: descText Start updating the current channels or redo a complete installation of channels.
09-23 18:08:50.769 16203 16208 I art     : After code cache collection, code=12KB, data=31KB
09-23 18:08:50.769 16203 16208 I art     : Increasing code cache capacity to 128KB
09-23 18:08:50.770 16203 16203 D ChannelSettingsActivity: onPostExecute exit
09-23 18:08:50.773 16203 16265 D TCContextHelper:  Bind service = true
09-23 18:08:50.779 16203 16203 I DateTimeView: updateTime begin
09-23 18:08:50.783 16203 16203 I DateTimeView: updateTime end: Text: 18:08 Thursday, 23 Sep
09-23 18:08:50.810  6826  6826 E ApplicationSwitchService: get latest foreground event.
09-23 18:08:50.810  6826  6826 D ApplicationSwitchService: AppSwitchAOSP: org.droidtv.euinstallertc
09-23 18:08:50.810  6826  6826 I ApplicationSwitchService: client size: 3
09-23 18:08:50.818  6826  6826 D ApplicationSwitchService: setSourcePQ of package name not included in SourceListMap
09-23 18:08:50.819  6826  6826 D ApplicationSwitch: Msg is 2
09-23 18:08:50.819  6826  6826 D org.droidtv.tv.tptvservice.agent.TPTvServiceAgent: onApplicationSwitch entry with: org.droidtv.euinstallertc
09-23 18:08:50.819  6826  6826 D org.droidtv.tv.tptvservice.agent.TPTvServiceAgent: onApplicationSwitch exit with: org.droidtv.euinstallertc
09-23 18:08:50.819  6812  6812 D ApplicationSwitch: Msg is 2
09-23 18:08:50.819 10087 10087 D ApplicationSwitch: Msg is 2
09-23 18:08:50.820  6812  6812 D CIService: onApplicationSwitch entry with: org.droidtv.euinstallertc
09-23 18:08:50.820  6812  6812 D CIApplication: setAppSwitchName: org.droidtv.euinstallertc
09-23 18:08:50.820  6812  6812 D CIService: onApplicationSwitch exit with: org.droidtv.euinstallertc
09-23 18:08:50.820 16203 16260 I OpenGLRenderer: Initialized EGL, version 1.4
09-23 18:08:50.820 16203 16260 D OpenGLRenderer: Swap behavior 1
09-23 18:08:50.835  6336  6336 I System.out: xtvService handle nsd register task.
09-23 18:08:50.836  6336  6336 I System.out: org.droidtv.xtv.xtvnsd.xtvnsdserver registerNsd: will try to register nsd service 3 second later
09-23 18:08:50.841  1194  1259 E BufferQueueProducer: [org.droidtv.euinstallertc/org.droidtv.euinstallertc.settings.ChannelSettingsActivity] connect: already connected (cur=1 req=1)
09-23 18:08:50.842 16203 16260 D mali_winsys: EGLint new_window_surface(egl_winsys_display*, void*, EGLSurface, EGLConfig, egl_winsys_surface**, egl_color_buffer_format*, EGLBoolean) returns 0x3000
09-23 18:08:50.874 16203 16203 D TCContextHelper: onServiceConnected
09-23 18:08:50.875 16203 16203 D ITvInterface: Instance constructor: interface org.droidtv.tv.contextualhelp.IHelpContext
09-23 18:08:50.875 16203 16203 D ITvInterface: Instance asInterface: interface org.droidtv.tv.contextualhelp.IHelpContext
09-23 18:08:50.875 16203 16203 V TVCOntext: IHelpContext asinterface
09-23 18:08:50.876 16203 16203 D TCContextHelper: intHelpContext onServiceConnected is not null
09-23 18:08:50.877 16203 16265 D TCContextHelper: End to bindtoEumService
09-23 18:08:50.877 16203 16265 D TCContextHelper: SETCONTEXT
09-23 18:08:50.878 16203 16265 D TCContextHelper: intHelpContext: org.droidtv.eum.contextualhelp.HelpContextImpl$Proxy@4ed0d46 mContext: org.droidtv.euinstallertc.settings.ChannelSettingsActivity@e20a123
09-23 18:08:50.878 16203 16265 D TCContextHelper:  bindtoEumService.. already binded to eum service
09-23 18:08:50.878 16203 16265 D TCContextHelper:  SET context --WatchTv:Settings:search_for_channels:NA
09-23 18:08:50.881 16203 16265 D TCContextHelper:  GET context --NA:NA::NA
09-23 18:08:51.011  2560  2884 I ActivityManager: Displayed org.droidtv.euinstallertc/.settings.ChannelSettingsActivity: +1s220ms
09-23 18:08:51.011  1203  1203 D MTK_KL  : <6>[  564.097535] binder: 6191:6191 transaction failed 29189, size 88-0
09-23 18:08:51.032 16203 16253 D MtkvAPPTV_jni: call a_mtktvapi_apptv_update_sys_status ret =  0
09-23 18:08:51.040 16203 16203 D SettingsHandler: updateHelpContext 3, search_for_channels
09-23 18:08:51.041 16203 16203 D TCContextHelper: lContext org.droidtv.euinstallertc.settings.ChannelSettingsActivity@e20a123
09-23 18:08:51.041 16203 16265 D TCContextHelper: SETCONTEXT
09-23 18:08:51.041 16203 16265 D TCContextHelper: intHelpContext: org.droidtv.eum.contextualhelp.HelpContextImpl$Proxy@4ed0d46 mContext: org.droidtv.euinstallertc.settings.ChannelSettingsActivity@e20a123
09-23 18:08:51.041 16203 16265 D TCContextHelper:  bindtoEumService.. already binded to eum service
09-23 18:08:51.041 16203 16265 D TCContextHelper:  SET context --WatchTv:Settings:search_for_channels:NA
09-23 18:08:51.042 16203 16203 D EasyPqView: descText Start updating the current channels or redo a complete installation of channels.
09-23 18:08:51.045 16203 16265 D TCContextHelper:  GET context --WatchTv:Settings::search_for_channels
09-23 18:08:51.051  6413  6413 I setupmenu: onStop
09-23 18:08:51.051  6413  6413 I ContextHelper:  unBindEumService
09-23 18:08:51.061  6413  6413 D NetworkSettings: clearContext() in
09-23 18:08:51.062  6413  6413 D NetworkSettings: clearContext() mNwStateChgListner
09-23 18:08:51.062  6413  6413 D NetworkSettings: clearShowAnimation() in
09-23 18:08:51.068  6413  6413 E ThreeDSettings: ThreeDSettings getInstance
09-23 18:08:51.204  2560  2884 I WindowManager: Destroying surface Surface(name=Starting org.droidtv.euinstallertc) called by com.android.server.wm.WindowStateAnimator.destroySurface:2016 com.android.server.wm.WindowStateAnimator.destroySurfaceLocked:882 com.android.server.wm.WindowState.destroyOrSaveSurface:2112 com.android.server.wm.AppWindowToken.destroySurfaces:363 com.android.server.wm.WindowStateAnimator.finishExit:565 com.android.server.wm.WindowStateAnimator.stepAnimationLocked:491 com.android.server.wm.WindowAnimator.updateWindowsLocked:303 com.android.server.wm.WindowAnimator.animateLocked:704 
09-23 18:08:51.754  2560  2560 V HotPlugDetectionAction: Poll all devices.
09-23 18:08:52.802  8212  8304 I PlayCommon: [211] com.google.android.play.a.g.e(940): Preparing logs for uploading
09-23 18:08:52.840  8212  8304 W PlayCommon: [211] com.google.android.play.a.g.a(1247): No account for auth token provided
09-23 18:08:52.840  8212  8304 I PlayCommon: [211] com.google.android.play.a.g.a(1043): Connecting to server: https://play.googleapis.com/play/log?format=raw&proto_v2=true
09-23 18:08:52.844  8212  8304 D NetworkSecurityConfig: No Network Security Config specified, using platform default
09-23 18:08:52.853  8212  8304 E PlayCommon: [211] com.google.android.play.a.g.a(1054): Failed to connect to server: java.net.UnknownHostException: Unable to resolve host "play.googleapis.com": No address associated with hostname
09-23 18:08:53.537  2560  2560 D HDMI    : [P]:AllocatedAddress=[]
09-23 18:08:53.835  6336  6336 I System.out: xtvService handle nsd register task.
09-23 18:08:53.837  6336  6336 I System.out: org.droidtv.xtv.xtvnsd.xtvnsdserver registerNsd: will try to register nsd service 3 second later
09-23 18:08:56.838  6336  6336 I System.out: xtvService handle nsd register task.
09-23 18:08:56.841  6336  6336 I System.out: org.droidtv.xtv.xtvnsd.xtvnsdserver registerNsd: will try to register nsd service 3 second later
09-23 18:08:59.841  6336  6336 I System.out: xtvService handle nsd register task.
09-23 18:08:59.843  6336  6336 I System.out: org.droidtv.xtv.xtvnsd.xtvnsdserver registerNsd: will try to register nsd service 3 second later
09-23 18:09:00.003  7367  7367 E TimeMsgProcess: {DT}sync time zone from android to linux . msgTpye:6
09-23 18:09:00.004  7367  7367 D MtkTvTime: isTimeZoneEditable 
09-23 18:09:00.004  6413  6413 I DateTimeView: onReceive: Intent action: android.intent.action.TIME_TICK
09-23 18:09:00.004  7367  7367 D MtkTvTime_jni: native_isTimeZoneEditable = 1
09-23 18:09:00.004  7367  7367 D MtkTvTime: getTimeZone 
09-23 18:09:00.005  7367  7367 D MtkTvTime_jni: native_getTimeZone = 0
09-23 18:09:00.005  7367  7367 D MtkTvTime_jni: native_getTimeOffset = 3600
09-23 18:09:00.005  7367  7367 D TimeMsgProcess: no need to sync time zone from Android to Linux, timeZoneOffset=0, dstOffset=3600
09-23 18:09:00.007 16203 16203 I DateTimeView: onReceive: Intent action: android.intent.action.TIME_TICK
09-23 18:09:00.505  6413  6413 I DateTimeView: updateTime begin
09-23 18:09:00.507  6413  6413 I DateTimeView: updateTime end: Text: 18:09 Thursday, 23 Sep
09-23 18:09:00.508 16203 16203 I DateTimeView: updateTime begin
09-23 18:09:00.511 16203 16203 I DateTimeView: updateTime end: Text: 18:09 Thursday, 23 Sep
09-23 18:09:02.843  6336  6336 I System.out: xtvService handle nsd register task.
09-23 18:09:02.844  6336  6336 I System.out: org.droidtv.xtv.xtvnsd.xtvnsdserver registerNsd: will try to register nsd service 3 second later
09-23 18:09:05.845  6336  6336 I System.out: xtvService handle nsd register task.
09-23 18:09:05.846  6336  6336 I System.out: org.droidtv.xtv.xtvnsd.xtvnsdserver registerNsd: will try to register nsd service 3 second later
09-23 18:09:06.761  2560  2560 V HotPlugDetectionAction: Poll all devices.
09-23 18:09:07.551  6413 10232 D TvSettingsManager: p=314 getInt=4381260
09-23 18:09:07.556  6413 10232 D SAMOperationHoursLoggingService: total home time Seconds-----> 4381260
09-23 18:09:08.577  2560  2560 D HDMI    : [P]:AllocatedAddress=[]
09-23 18:09:08.846  6336  6336 I System.out: xtvService handle nsd register task.
09-23 18:09:08.847  6336  6336 I System.out: org.droidtv.xtv.xtvnsd.xtvnsdserver registerNsd: will try to register nsd service 3 second later
09-23 18:09:08.851  1203  1203 D MTK_KL  : <4>[  581.938097] [0x4] KEY 0x4f000 map to 352 2 0 1
09-23 18:09:08.852  6826  6826 I org.droidtv.tv.tptvservice.agent.TPTvServiceAgent: User activity
09-23 18:09:08.852  6826  6826 E KeyInputDevice: [KeyLog] key:352 2 0 1 TPTvServiceAgent$6
09-23 18:09:08.852  6826  6826 D TvInactivityService: UserActivity
09-23 18:09:08.852  6826  6826 I TvInactivityService: Reset Timer org.droidtv.tv.inactivitytimer.TvInactivityService$ClientInfo$1@bd5797b
09-23 18:09:08.852  6826  6826 D TimerImpl: resetTimer
09-23 18:09:08.852  6826  6826 D TimerImpl: startTimer
09-23 18:09:08.852  6892  6892 D NettvLoggerLocalService: usagelogger LogKeyPressEvent event.getKeyCode()=23 mBinder=org.droidtv.usagelogger.ILoggerImpl$Proxy@dbcf505
09-23 18:09:08.853  6892  6892 E KeyInputDevice: [KeyLog] key:352 2 0 1 NettvLoggerLocalService$1
09-23 18:09:08.853  6892  6913 D TvSettingsManager: p=314 getInt=4381290
09-23 18:09:08.854  6892  6913 D TvSettingsManager: p=315 getInt=12720
09-23 18:09:08.857 16203 16203 I NpanelBrowser: in dispatchKeyEvent 0 true
09-23 18:09:08.864  6892  6913 D CulAccessibilityUtil: usagelogger isTouStatusAccepted:false
09-23 18:09:08.874  6892  6913 D CulAccessibilityUtil: usagelogger getLogServerURL url=null
