09-23 18:06:30.578  6336  6336 D org.droidtv.xtv.xtvNotify.xtvNotifyWrapper: isNotifyEnabled[10]: false
09-23 18:06:30.578  6336  6336 D org.droidtv.xtv.xtvNotify.xtvNotifyWrapper: isNotifyEnabled[10]: false
09-23 18:06:30.578  6336  6336 D org.droidtv.xtv.xtvNotify.xtvNotifyWrapper: isNotifyEnabled[10]: false
09-23 18:06:30.578  6336  6336 D org.droidtv.xtv.xtvNotify.xtvNotifyWrapper: isNotifyEnabled[10]: false
09-23 18:06:30.579  6336  6336 D org.droidtv.xtv.xtvNotify.xtvNotifyWrapper: isNotifyEnabled[10]: false
09-23 18:06:30.579  6336  6336 D org.droidtv.xtv.xtvNotify.xtvNotifyWrapper: isNotifyEnabled[10]: false
09-23 18:06:30.579  6336  6336 D org.droidtv.xtv.xtvNotify.xtvNotifyWrapper: isNotifyEnabled[10]: false
09-23 18:06:30.581  6413 11722 E ThreeDSettings: ThreeDSettings getInstance
09-23 18:06:30.582  6413 11722 I setupmenu: Setting Context end
09-23 18:06:30.582  6826  6826 E ApplicationSwitchService: get latest foreground event.
09-23 18:06:30.582  6826  6826 D ApplicationSwitchService: AppSwitchAOSP: org.droidtv.settings
09-23 18:06:30.583  6826  6826 I ApplicationSwitchService: client size: 3
09-23 18:06:30.590  6413  6413 E ContextHelper: onServiceConnected
09-23 18:06:30.591  6413  6413 D ITvInterface: Instance asInterface: interface org.droidtv.tv.contextualhelp.IHelpContext
09-23 18:06:30.591  6413  6413 V TVCOntext: IHelpContext asinterface
09-23 18:06:30.610  6826  6826 D ApplicationSwitchService: setSourcePQ of package name not included in SourceListMap
09-23 18:06:30.611  6826  6826 D ApplicationSwitch: Msg is 2
09-23 18:06:30.611  6826  6826 D org.droidtv.tv.tptvservice.agent.TPTvServiceAgent: onApplicationSwitch entry with: org.droidtv.settings
09-23 18:06:30.611  6812  6812 D ApplicationSwitch: Msg is 2
09-23 18:06:30.612  6812  6812 D CIService: onApplicationSwitch entry with: org.droidtv.settings
09-23 18:06:30.612  6812  6812 D CIApplication: setAppSwitchName: org.droidtv.settings
09-23 18:06:30.612  6812  6812 D CIService: onApplicationSwitch exit with: org.droidtv.settings
09-23 18:06:30.613 10087 10087 D ApplicationSwitch: Msg is 2
09-23 18:06:30.615  6826  6826 D org.droidtv.tv.tptvservice.agent.TPTvServiceAgent: onApplicationSwitch exit with: org.droidtv.settings
09-23 18:06:30.638  2560  2560 E ActivityManager: Sending non-protected broadcast android.media.tv.action.BLOCKED_RATINGS_CHANGED from system 2560:system/1000 pkg android
09-23 18:06:30.638  2560  2560 E ActivityManager: java.lang.Throwable
09-23 18:06:30.638  2560  2560 E ActivityManager: 	at com.android.server.am.ActivityManagerService.broadcastIntentLocked(ActivityManagerService.java:18293)
09-23 18:06:30.638  2560  2560 E ActivityManager: 	at com.android.server.am.ActivityManagerService.broadcastIntent(ActivityManagerService.java:18859)
09-23 18:06:30.638  2560  2560 E ActivityManager: 	at android.app.ContextImpl.sendBroadcastAsUser(ContextImpl.java:1069)
09-23 18:06:30.638  2560  2560 E ActivityManager: 	at com.android.server.tv.PersistentDataStore.broadcastChangesIfNeeded(PersistentDataStore.java:229)
09-23 18:06:30.638  2560  2560 E ActivityManager: 	at com.android.server.tv.PersistentDataStore.save(PersistentDataStore.java:211)
09-23 18:06:30.638  2560  2560 E ActivityManager: 	at com.android.server.tv.PersistentDataStore.-wrap0(PersistentDataStore.java)
09-23 18:06:30.638  2560  2560 E ActivityManager: 	at com.android.server.tv.PersistentDataStore$1.run(PersistentDataStore.java:193)
09-23 18:06:30.638  2560  2560 E ActivityManager: 	at android.os.Handler.handleCallback(Handler.java:751)
09-23 18:06:30.638  2560  2560 E ActivityManager: 	at android.os.Handler.dispatchMessage(Handler.java:95)
09-23 18:06:30.638  2560  2560 E ActivityManager: 	at android.os.Looper.loop(Looper.java:154)
09-23 18:06:30.638  2560  2560 E ActivityManager: 	at com.android.server.SystemServer.run(SystemServer.java:342)
09-23 18:06:30.638  2560  2560 E ActivityManager: 	at com.android.server.SystemServer.main(SystemServer.java:212)
09-23 18:06:30.638  2560  2560 E ActivityManager: 	at java.lang.reflect.Method.invoke(Native Method)
09-23 18:06:30.638  2560  2560 E ActivityManager: 	at com.android.internal.os.ZygoteInit$MethodAndArgsCaller.run(ZygoteInit.java:865)
09-23 18:06:30.638  2560  2560 E ActivityManager: 	at com.android.internal.os.ZygoteInit.main(ZygoteInit.java:755)
09-23 18:06:30.650  1207  1229 I debugdump: Copied from /data/debugdump/logcat.txt to logcat.txt
09-23 18:06:30.651  1207  1229 I debugdump: Captured logcat.txt
09-23 18:06:30.661  1207  1229 I debugdump: Copied from /data/debugdump/version.txt to version.txt
09-23 18:06:30.661  1207  1229 I debugdump: Captured version.txt
09-23 18:06:30.661  1207  1229 I debugdump: failed to open /data/debugdump/appinfo.txt No such file or directory
09-23 18:06:30.661  1207  1229 I debugdump: Copied from /data/debugdump/appinfo.txt to appinfo.txt
09-23 18:06:30.674  6376  6376 D MtkTvInput(DTVInputReceiver): MtkTvInput Received ACTION_BLOCKED_RATINGS_CHANGED
09-23 18:06:30.677  6413  6413 D BluetoothAudioSettings: BluetoothConnectionService connected
09-23 18:06:30.677  6413  6413 D NetworkSettings: Receive:WIFI_STATE_CHANGED_ACTION
09-23 18:06:30.677  6376  6930 D DTVInputRatingSyncThread: MtkTvInput Received NOTIFY_RATING_BLOCKED_CHANGED: Parental control is false
09-23 18:06:30.678  6413  6413 D NetworkSettings: Receive:WIFI_STATE_ENABLED
09-23 18:06:30.678  6376  6930 D MtkTvInput(DTVInputReceiverCallBack): MtkTvInput notifyDTVRatingChangedMsg enter.
09-23 18:06:30.678  6413  6413 D NetworkSettings: clearShowAnimation() in
09-23 18:06:30.678  6413  6413 D NetworkSettings: Receive: no state information received
09-23 18:06:30.678  6376  6930 D MtkTvInput(ChannelSelStatusThread): MtkTvInput mHandler.sendMessage(msg) msg.what = 2000msg.arg1 = msg.arg2 = 2000
09-23 18:06:30.678  6376  6932 D MtkTvInput(ChannelSelStatusThread): MtkTvInput enter MSG_RATING_BLOCKED_CHANGED
09-23 18:06:30.678  6376  6932 D MtkTvInput(ChannelSelStatusThread): MtkTvInput syncParentalControlSettings Enter
09-23 18:06:30.680  6413  6413 I setupmenu: refreshspecificUI start
09-23 18:06:30.680  6376  6932 D MtkTvInput(ChannelSelStatusThread): MtkTvInput [MSG_RATING_BLOCKED_CHANGED]: currRatings.size=1
09-23 18:06:30.680  6376  6932 D MtkTvInput(ChannelSelStatusThread): MtkTvInput [MSG_RATING_BLOCKED_CHANGED]: rating=[org.droidtv.playtv/DVB/DVB_NONE]
09-23 18:06:30.681  6376  6932 D MtkTvRatingConvert2Goo: getRatingString2Age: mRating=DVB_NONE
09-23 18:06:30.681  6376  6932 D MtkTvRatingConvert2Goo: getRatingString2Age: strAge=[DVB]
09-23 18:06:30.681  6376  6932 D MtkTvRatingConvert2Goo: getRatingString2Age: strAge=[DVB]
09-23 18:06:30.681  6376  6932 D MtkTvInput(ChannelSelStatusThread): MtkTvInput [MSG_RATING_BLOCKED_CHANGED]:DVB tmpAge=-1, userSettingAge=255
09-23 18:06:30.681  6376  6932 D MtkTvRatingConvert2Goo: blockContent: Enter.
09-23 18:06:30.681  6376  6932 D MtkTvRatingConvert2Goo: getRatingString2Age: strAge=[DVB_NONE]
09-23 18:06:30.683  6376  6932 D MtkTvRating_jni: Java_com_mediatek_twoworlds_tv_TVNative_setDVBAgeRatingSetting_1native
09-23 18:06:30.684  6413  6413 E MenuItem: refreshView for node: Channels
09-23 18:06:30.686  6376  6932 D MtkTvDVBRatingBase: ageRatingSetting ret=0
09-23 18:06:30.687  6376  6932 D MtkTvRatingConvert2Goo: blockContent: DBV Rating Age=-1
09-23 18:06:30.687  6376  6932 D MtkTvInput(ChannelSelStatusThread): MtkTvInput checkContentBlocked Enter
09-23 18:06:30.689  6376  6932 D MtkTvRating_jni: Java_com_mediatek_twoworlds_tv_TVNative_getCrntRatingInfo_1native
09-23 18:06:30.692  6413  6413 D TvSettingsManager: p=57 getInt=1
09-23 18:06:30.692  6376  6932 D MtkTvRatingConvert2Goo: 
09-23 18:06:30.692  6376  6932 D MtkTvRatingConvert2Goo: 
09-23 18:06:30.692  6376  6932 D MtkTvRatingConvert2Goo: convert2TCRFormat: ERROR!! Invalid rating system
09-23 18:06:30.692  6376  6932 D MtkTvRatingConvert2Goo: 
09-23 18:06:30.692  6376  6932 D MtkTvRatingConvert2Goo: 
09-23 18:06:30.692  6376  6932 D MtkTvInput(ChannelSelStatusThread): MtkTvInput checkContentBlocked --22 Content Allowed. b_svctx_locked=false
09-23 18:06:30.692  6376  6932 D MtkTvInput(ChannelSelStatusThread): MtkTvInput tryToNotifyContentAllowed Enter. notifyContentAllowed
09-23 18:06:30.694  6413  6413 D TvSettingsManager: getCountryId | Country ID: GBR   Index: 26
09-23 18:06:30.694  6413  6413 D TvSettingsManager: p=408 getInt=26
09-23 18:06:30.694  6413  6413 E SPCS    : Get LABEL MAIN
09-23 18:06:30.695  6413  6413 D TvSettingsManager: getCountryId | Country ID: GBR   Index: 26
09-23 18:06:30.695  6413  6413 D TvSettingsManager: p=408 getInt=26
09-23 18:06:30.707  6413  6413 E MenuItem: getLabel: resource not foundandroid.content.pm.PackageManager$NameNotFoundException: Channel list copy
09-23 18:06:30.709  6413  6413 E MenuItem: refreshView for node: Antenna/cable installation
09-23 18:06:30.714  6413 12851 W ContextImpl: Calling a method in the system process without a qualified user: android.app.ContextImpl.bindService:1449 android.content.ContextWrapper.bindService:636 org.droidtv.settings.setupmenu.parental.ContentRatingsManager.bindToMenuDataProvider:176 org.droidtv.settings.setupmenu.parental.ContentRatingsManager.setContentRatingList:143 org.droidtv.settings.setupmenu.parental.ContentRatingsManager.update:75 
09-23 18:06:30.714  1194  1252 E BufferQueueProducer: [com.google.android.leanbacklauncher/com.google.android.leanbacklauncher.MainActivity] connect: already connected (cur=1 req=1)
09-23 18:06:30.717  6413  6413 I setupmenu: HandleLaunchIntent called : lLaunchIntent: null
09-23 18:06:30.717  6413  6413 I setupmenu: refreshspecificUI end
09-23 18:06:30.718 11524 11569 D mali_winsys: EGLint new_window_surface(egl_winsys_display*, void*, EGLSurface, EGLConfig, egl_winsys_surface**, egl_color_buffer_format*, EGLBoolean) returns 0x3000
09-23 18:06:30.755  6413  6413 D ContentRatingsManager: ServiceConnected
09-23 18:06:30.756  6413  6413 D MenuProviderService: Parental Node MenuBuilder is: org.droidtv.ui.tvwidget2k15.setupmenuframework.MenuBuilder@73e5372
09-23 18:06:30.770  6413  6413 D ParentalRatingParsingService: onDestroy Called
09-23 18:06:32.757  6336  6336 I System.out: xtvService handle nsd register task.
09-23 18:06:32.758  6336  6336 I System.out: org.droidtv.xtv.xtvnsd.xtvnsdserver registerNsd: will try to register nsd service 3 second later
09-23 18:06:34.730  1207  1207 V debugdump: ddg alive
09-23 18:06:35.759  6336  6336 I System.out: xtvService handle nsd register task.
09-23 18:06:35.760  6336  6336 I System.out: org.droidtv.xtv.xtvnsd.xtvnsdserver registerNsd: will try to register nsd service 3 second later
09-23 18:06:36.681  2560  2560 V HotPlugDetectionAction: Poll all devices.
09-23 18:06:37.551  6413 10232 D TvSettingsManager: p=314 getInt=4381110
09-23 18:06:37.555  6413 10232 D SAMOperationHoursLoggingService: total home time Seconds-----> 4381110
09-23 18:06:37.791  6413  6413 D TVStorageMonitorService:  checkMemory 
09-23 18:06:38.487  2560  2560 D HDMI    : [P]:AllocatedAddress=[]
09-23 18:06:38.761  6336  6336 I System.out: xtvService handle nsd register task.
09-23 18:06:38.762  6336  6336 I System.out: org.droidtv.xtv.xtvnsd.xtvnsdserver registerNsd: will try to register nsd service 3 second later
09-23 18:06:38.973  6314  6314 D wpa_supplicant: wlan0: Control interface command 'SCAN TYPE=ONLY'
09-23 18:06:38.974  6314  6314 D wpa_supplicant: wlan0: Setting scan request: 0.000000 sec
09-23 18:06:38.974  6314  6314 D wpa_supplicant: wlan0: State: DISCONNECTED -> SCANNING
09-23 18:06:38.974  6314  6314 D wpa_supplicant: wlan0: Determining shared radio frequencies (max len 1)
09-23 18:06:38.974  6314  6314 D wpa_supplicant: wlan0: Shared frequencies (len=0): completed iteration
09-23 18:06:38.975  6314  6314 D wpa_supplicant: P2P: Add operating class 81
09-23 18:06:38.975  6314  6314 D wpa_supplicant: P2P: Channels - hexdump(len=13): 01 02 03 04 05 06 07 08 09 0a 0b 0c 0d
09-23 18:06:38.975  6314  6314 D wpa_supplicant: P2P: Add operating class 115
09-23 18:06:38.975  6314  6314 D wpa_supplicant: P2P: Channels - hexdump(len=4): 24 28 2c 30
09-23 18:06:38.975  6314  6314 D wpa_supplicant: P2P: Add operating class 116
09-23 18:06:38.975  6314  6314 D wpa_supplicant: P2P: Channels - hexdump(len=2): 24 2c
09-23 18:06:38.975  6314  6314 D wpa_supplicant: P2P: Add operating class 117
09-23 18:06:38.975  6314  6314 D wpa_supplicant: P2P: Channels - hexdump(len=2): 28 30
09-23 18:06:38.975  6314  6314 D wpa_supplicant: P2P: Add operating class 130
09-23 18:06:38.975  6314  6314 D wpa_supplicant: P2P: Channels - hexdump(len=4): 24 28 2c 30
09-23 18:06:38.975  6314  6314 D wpa_supplicant: P2P: Update channel list
09-23 18:06:38.975  6314  6314 D wpa_supplicant: P2P: channels: 81:1,2,3,4,5,6,7,8,9,10,11,12,13 115:36,40,44,48 116:36,44 117:40,48 130:36,40,44,48
09-23 18:06:38.975  6314  6314 D wpa_supplicant: P2P: cli_channels:
09-23 18:06:38.975  6314  6314 D wpa_supplicant: wlan0: Starting AP scan for wildcard SSID
09-23 18:06:38.975  6314  6314 D wpa_supplicant: WPS: Building WPS IE for Probe Request
09-23 18:06:38.975  6314  6314 D wpa_supplicant: WPS:  * Version (hardcoded 0x10)
09-23 18:06:38.975  6314  6314 D wpa_supplicant: WPS:  * Request Type
09-23 18:06:38.975  6314  6314 D wpa_supplicant: WPS:  * Config Methods (4288)
09-23 18:06:38.975  6314  6314 D wpa_supplicant: WPS:  * UUID-E
09-23 18:06:38.975  6314  6314 D wpa_supplicant: WPS:  * Primary Device Type
09-23 18:06:38.975  6314  6314 D wpa_supplicant: WPS:  * RF Bands (3)
09-23 18:06:38.975  6314  6314 D wpa_supplicant: WPS:  * Association State
09-23 18:06:38.976  6314  6314 D wpa_supplicant: WPS:  * Configuration Error (0)
09-23 18:06:38.976  6314  6314 D wpa_supplicant: WPS:  * Device Password ID (0)
09-23 18:06:38.976  6314  6314 D wpa_supplicant: WPS:  * Manufacturer
09-23 18:06:38.976  6314  6314 D wpa_supplicant: WPS:  * Model Name
09-23 18:06:38.976  6314  6314 D wpa_supplicant: WPS:  * Model Number
09-23 18:06:38.976  6314  6314 D wpa_supplicant: WPS:  * Device Name
09-23 18:06:38.976  6314  6314 D wpa_supplicant: WPS:  * Version2 (0x20)
09-23 18:06:38.976  6314  6314 D wpa_supplicant: P2P: * P2P IE header
09-23 18:06:38.976  6314  6314 D wpa_supplicant: P2P: * Capability dev=25 group=00
09-23 18:06:38.977  6314  6314 D wpa_supplicant: P2P: * Listen Channel: Regulatory Class 81 Channel 11
09-23 18:06:38.977  6314  6314 D wpa_supplicant: wlan0: Add radio work 'scan'@0xb3ca01b0
09-23 18:06:38.977  6314  6314 D wpa_supplicant: wlan0: First radio work item in the queue - schedule start immediately
09-23 18:06:38.977  6314  6314 D wpa_supplicant: wlan0: Starting radio work 'scan'@0xb3ca01b0 after 0.000594 second wait
09-23 18:06:38.977  6314  6314 D wpa_supplicant: wlan0: nl80211: scan request
09-23 18:06:38.978  6314  6314 D wpa_supplicant: Scan requested (ret=0) - scan timeout 30 seconds
09-23 18:06:38.978  6314  6314 D wpa_supplicant: nl80211: Ignored event (cmd=33) for foreign interface (ifindex 4 wdev 0x0)
09-23 18:06:38.978  6314  6314 D wpa_supplicant: nl80211: Drv Event 33 (NL80211_CMD_TRIGGER_SCAN) received for wlan0
09-23 18:06:38.978  6314  6314 D wpa_supplicant: wlan0: nl80211: Scan trigger
09-23 18:06:38.978  6314  6314 D wpa_supplicant: wlan0: Event SCAN_STARTED (47) received
09-23 18:06:38.978  6314  6314 D wpa_supplicant: wlan0: Own scan request started a scan in 0.000278 seconds
09-23 18:06:39.075  7315  7785 E GCM     : Missing checkin config file
09-23 18:06:39.076  7315  7785 W GCM     : GCM FAILED TO INITIALIZE - missing checkin
09-23 18:06:39.083  9246 13048 D FirebaseInstanceId: background sync failed: AUTHENTICATION_FAILED, retry in 120s
09-23 18:06:39.082  7652 13051 W System  : ClassLoader referenced unknown path: /system/priv-app/PrebuiltGmsCorePano/lib/arm
09-23 18:06:40.236  6314  6314 D wpa_supplicant: nl80211: Ignored event (cmd=34) for foreign interface (ifindex 4 wdev 0x0)
09-23 18:06:40.236  1203  1203 D MTK_KL  : <4>[  433.323403] 80211> cfg80211_scan_done
09-23 18:06:40.239  6314  6314 D wpa_supplicant: nl80211: Drv Event 34 (NL80211_CMD_NEW_SCAN_RESULTS) received for wlan0
09-23 18:06:40.239  6314  6314 D wpa_supplicant: wlan0: nl80211: New scan results available
09-23 18:06:40.239  6314  6314 D wpa_supplicant: nl80211: Scan probed for SSID ''
09-23 18:06:40.239  6314  6314 D wpa_supplicant: nl80211: Scan included frequencies: 2412 2417 2422 2427 2432 2437 2442 2447 2452 2457 2462 2467 2472 5180 5200 5220 5240
09-23 18:06:40.239  6314  6314 D wpa_supplicant: wlan0: Event SCAN_RESULTS (3) received
09-23 18:06:40.239  6314  6314 D wpa_supplicant: wlan0: Scan completed in 1.260953 seconds
09-23 18:06:40.240  6314  6314 D wpa_supplicant: nl80211: Received scan results (25 BSSes)
09-23 18:06:40.240  6314  6314 D wpa_supplicant: wlan0: BSS: Start scan result update 5
09-23 18:06:40.240  6314  6314 D wpa_supplicant: wlan0: BSS: Add new id 43 BSSID 1e:1e:e3:d0:5c:08 SSID 'DIRECT-fH-Philips TV_08_AP' freq 2462
09-23 18:06:40.240  6314  6314 D wpa_supplicant: wlan0: BSS: Add new id 44 BSSID d0:c7:89:48:33:41 SSID 'TPV_Mobile' freq 2412
09-23 18:06:40.241  6314  6314 D wpa_supplicant: wlan0: BSS: Add new id 45 BSSID 0c:68:03:1d:49:94 SSID 'TPV_Guest' freq 2462
09-23 18:06:40.241  6314  6314 D wpa_supplicant: wlan0: BSS: Remove id 29 BSSID c8:3a:35:3e:be:70 SSID 'FW6' due to no match in scan
09-23 18:06:40.241  6314  6314 D wpa_supplicant: wlan0: BSS: Remove id 32 BSSID 34:a8:4e:43:59:e0 SSID 'TPV' due to no match in scan
09-23 18:06:40.241  6314  6314 D wpa_supplicant: wlan0: BSS: Remove id 20 BSSID 34:a8:4e:43:a2:10 SSID 'TPV' due to no match in scan
09-23 18:06:40.241  6314  6314 D wpa_supplicant: wlan0: BSS: Remove id 19 BSSID 34:a8:4e:43:a2:11 SSID 'TPV_Mobile' due to no match in scan
09-23 18:06:40.241  6314  6314 D wpa_supplicant: wlan0: BSS: Remove id 35 BSSID 34:a8:4e:43:66:e1 SSID 'TPV_Mobile' due to no match in scan
09-23 18:06:40.242  6314  6314 D wpa_supplicant: wlan0: BSS: Remove id 37 BSSID 0c:27:24:77:9e:21 SSID 'TPV_Mobile' due to no match in scan
09-23 18:06:40.242  6314  6314 D wpa_supplicant: wlan0: BSS: Remove id 23 BSSID b8:62:1f:53:4e:bb SSID 'philips' due to no match in scan
09-23 18:06:40.242  6314  6314 D wpa_supplicant: wlan0: BSS: Remove id 38 BSSID cc:81:da:8c:ae:88 SSID '@PHICOMM_80' due to no match in scan
09-23 18:06:40.242  6314  6314 D wpa_supplicant: wlan0: BSS: Remove id 42 BSSID b0:7f:b9:84:a2:a4 SSID 'SC_MOBILE' due to no match in scan
09-23 18:06:40.242  6314  6314 D wpa_supplicant: wlan0: BSS: Remove id 27 BSSID 34:a8:4e:43:a2:14 SSID 'TPV_Guest' due to no match in scan
09-23 18:06:40.242  6314  6314 D wpa_supplicant: wlan0: BSS: Remove id 39 BSSID 34:a8:4e:43:66:e4 SSID 'TPV_Guest' due to no match in scan
09-23 18:06:40.242  6314  6314 D wpa_supplicant: wlan0: BSS: Remove id 40 BSSID 0c:27:24:77:9e:24 SSID 'TPV_Guest' due to no match in scan
09-23 18:06:40.242  6314  6314 D wpa_supplicant: BSS: last_scan_res_used=25/64
09-23 18:06:40.242  6314  6314 D wpa_supplicant: wlan0: Scan-only results received
09-23 18:06:40.243  6314  6314 D wpa_supplicant: wlan0: Radio work 'scan'@0xb3ca01b0 done in 1.265451 seconds
09-23 18:06:40.243  6314  6314 D wpa_supplicant: wlan0: radio_work_free('scan'@0xb3ca01b0: num_active_works --> 0
09-23 18:06:40.243  6314  6314 D wpa_supplicant: wlan0: State: SCANNING -> DISCONNECTED
09-23 18:06:40.243  6314  6314 D wpa_supplicant: nl80211: Set wlan0 operstate 0->0 (DORMANT)
09-23 18:06:40.243  6314  6314 D wpa_supplicant: netlink: Operstate: ifindex=4 linkmode=-1 (no change), operstate=5 (IF_OPER_DORMANT)
09-23 18:06:40.243  6314  6314 D wpa_supplicant: wlan0: Determining shared radio frequencies (max len 1)
09-23 18:06:40.243  6314  6314 D wpa_supplicant: wlan0: Shared frequencies (len=0): completed iteration
09-23 18:06:40.243  6314  6314 D wpa_supplicant: P2P: Add operating class 81
09-23 18:06:40.243  6314  6314 D wpa_supplicant: P2P: Channels - hexdump(len=13): 01 02 03 04 05 06 07 08 09 0a 0b 0c 0d
09-23 18:06:40.243  6314  6314 D wpa_supplicant: P2P: Add operating class 115
09-23 18:06:40.243  6314  6314 D wpa_supplicant: P2P: Channels - hexdump(len=4): 24 28 2c 30
09-23 18:06:40.244  6314  6314 D wpa_supplicant: P2P: Add operating class 116
09-23 18:06:40.244  6314  6314 D wpa_supplicant: P2P: Channels - hexdump(len=2): 24 2c
09-23 18:06:40.244  6314  6314 D wpa_supplicant: P2P: Add operating class 117
09-23 18:06:40.244  6314  6314 D wpa_supplicant: P2P: Channels - hexdump(len=2): 28 30
09-23 18:06:40.244  6314  6314 D wpa_supplicant: P2P: Add operating class 130
09-23 18:06:40.244  6314  6314 D wpa_supplicant: P2P: Channels - hexdump(len=4): 24 28 2c 30
09-23 18:06:40.244  6314  6314 D wpa_supplicant: P2P: Update channel list
09-23 18:06:40.244  6314  6314 D wpa_supplicant: P2P: channels: 81:1,2,3,4,5,6,7,8,9,10,11,12,13 115:36,40,44,48 116:36,44 117:40,48 130:36,40,44,48
09-23 18:06:40.244  6314  6314 D wpa_supplicant: P2P: cli_channels:
09-23 18:06:40.244  6314  6314 D wpa_supplicant: RTM_NEWLINK: ifi_index=4 ifname=wlan0 wext ifi_family=0 ifi_flags=0x11003 ([UP][LOWER_UP])
09-23 18:06:40.244  6314  6314 D wpa_supplicant: RTM_NEWLINK: ifi_index=4 ifname=wlan0 wext ifi_family=0 ifi_flags=0x11003 ([UP][LOWER_UP])
09-23 18:06:41.356  2560  2861 W ActivityManager: Activity destroy timeout for ActivityRecord{952169d u0 org.droidtv.euinstallertc/.wizard.InstallerWizardActivity t5 f}
09-23 18:06:41.359  2560  2861 I WindowManager: Destroying surface Surface(name=org.droidtv.euinstallertc/org.droidtv.euinstallertc.wizard.InstallerWizardActivity) called by com.android.server.wm.WindowStateAnimator.destroySurface:2016 com.android.server.wm.WindowStateAnimator.destroySurfaceLocked:882 com.android.server.wm.WindowState.removeLocked:1456 com.android.server.wm.WindowManagerService.removeWindowInnerLocked:2484 com.android.server.wm.WindowManagerService.removeWindowLocked:2442 com.android.server.wm.WindowManagerService.removeWindowLocked:2311 com.android.server.wm.AppWindowToken.removeAllWindows:530 com.android.server.wm.AppWindowToken.removeAppFromTaskLocked:326 
09-23 18:06:41.369  2560  2861 W ActivityManager: Activity destroy timeout for ActivityRecord{9d94cfe u0 org.droidtv.euinstallertc/.settings.ChannelSettingsActivity t5 f}
09-23 18:06:41.371  2560  2861 I WindowManager: Destroying surface Surface(name=org.droidtv.euinstallertc/org.droidtv.euinstallertc.settings.ChannelSettingsActivity) called by com.android.server.wm.WindowStateAnimator.destroySurface:2016 com.android.server.wm.WindowStateAnimator.destroySurfaceLocked:882 com.android.server.wm.WindowState.removeLocked:1456 com.android.server.wm.WindowManagerService.removeWindowInnerLocked:2484 com.android.server.wm.WindowManagerService.removeWindowLocked:2442 com.android.server.wm.WindowManagerService.removeWindowLocked:2311 com.android.server.wm.AppWindowToken.removeAllWindows:530 com.android.server.wm.AppWindowToken.removeAppFromTaskLocked:326 
09-23 18:06:41.763  6336  6336 I System.out: xtvService handle nsd register task.
09-23 18:06:41.764  6336  6336 I System.out: org.droidtv.xtv.xtvnsd.xtvnsdserver registerNsd: will try to register nsd service 3 second later
09-23 18:06:44.765  6336  6336 I System.out: xtvService handle nsd register task.
09-23 18:06:44.766  6336  6336 I System.out: org.droidtv.xtv.xtvnsd.xtvnsdserver registerNsd: will try to register nsd service 3 second later
09-23 18:06:47.765  6336  6336 I System.out: xtvService handle nsd register task.
09-23 18:06:47.767  6336  6336 I System.out: org.droidtv.xtv.xtvnsd.xtvnsdserver registerNsd: will try to register nsd service 3 second later
09-23 18:06:50.767  6336  6336 I System.out: xtvService handle nsd register task.
09-23 18:06:50.768  6336  6336 I System.out: org.droidtv.xtv.xtvnsd.xtvnsdserver registerNsd: will try to register nsd service 3 second later
09-23 18:06:51.691  2560  2560 V HotPlugDetectionAction: Poll all devices.
09-23 18:06:53.472  2560  2560 D HDMI    : [P]:AllocatedAddress=[]
09-23 18:06:53.768  6336  6336 I System.out: xtvService handle nsd register task.
09-23 18:06:53.769  6336  6336 I System.out: org.droidtv.xtv.xtvnsd.xtvnsdserver registerNsd: will try to register nsd service 3 second later
09-23 18:06:56.769  6336  6336 I System.out: xtvService handle nsd register task.
09-23 18:06:56.770  6336  6336 I System.out: org.droidtv.xtv.xtvnsd.xtvnsdserver registerNsd: will try to register nsd service 3 second later
09-23 18:06:59.406  6826 12020 D TimerImpl: HandleMessage
09-23 18:06:59.407  6826 12020 D TimerImpl: HandleMessage
09-23 18:06:59.407  6826 12020 D TvInactivityService: Timer should have got expired
09-23 18:06:59.407  6826  6826 D TvInactivityService: Check the client +android.os.Messenger@727a429 android.os.Messenger@9b93ae
09-23 18:06:59.407  6826  6826 D TvInactivityService: Check the client +android.os.Messenger@727a429 android.os.Messenger@727a429
09-23 18:06:59.407  6826  6826 D TvInactivityService: Cancelling timer
09-23 18:06:59.407  6826  6826 D TimerImpl: StopTimer
09-23 18:06:59.407  6826  6826 D TvInactivityService: RemoveClient
09-23 18:06:59.408  7006  7006 D TvInactivityTimer: Msg is 3
09-23 18:06:59.409  6826 12020 W ContextImpl: Calling a method in the system process without a qualified user: android.app.ContextImpl.sendBroadcast:905 android.content.ContextWrapper.sendBroadcast:421 org.droidtv.tv.inactivitytimer.TvInactivityService$ClientInfo.sendTimeOut:106 org.droidtv.tv.inactivitytimer.TvInactivityService$ClientInfo.-wrap2:-1 org.droidtv.tv.inactivitytimer.TvInactivityService$ClientInfo$1.timerHandler:41 
09-23 18:06:59.412  7006  7006 D org.droidtv.tv.tvpower.TvPowerManager: GetPowerState : POWER_STATE_FULL_SYSTEM_START
09-23 18:06:59.412  7006  7006 I DemoMeVideoSyncService: Inactivity INTENT RECEIVED :Intent { act=org.droidtv.tv.inactivitytimer.TIMEOUT typ=timeout/demome_01 flg=0x10 } Power State: POWER_STATE_FULL_SYSTEM_START
09-23 18:06:59.412  7006  7006 I DemoMeVideoSyncService:  lMime: timeout/demome_01, location: 1
09-23 18:06:59.413  7006  7006 D org.droidtv.tv.tvpower.TvPowerManager: GetPowerState : POWER_STATE_FULL_SYSTEM_START
09-23 18:06:59.769  6336  6336 I System.out: xtvService handle nsd register task.
09-23 18:06:59.770  6336  6336 I System.out: org.droidtv.xtv.xtvnsd.xtvnsdserver registerNsd: will try to register nsd service 3 second later
09-23 18:07:00.003  7367  7367 E TimeMsgProcess: {DT}sync time zone from android to linux . msgTpye:6
09-23 18:07:00.003  7367  7367 D MtkTvTime: isTimeZoneEditable 
09-23 18:07:00.004  7367  7367 D MtkTvTime_jni: native_isTimeZoneEditable = 1
09-23 18:07:00.004  7367  7367 D MtkTvTime: getTimeZone 
09-23 18:07:00.004  7367  7367 D MtkTvTime_jni: native_getTimeZone = 0
09-23 18:07:00.004  7367  7367 D MtkTvTime_jni: native_getTimeOffset = 3600
09-23 18:07:00.004  7367  7367 D TimeMsgProcess: no need to sync time zone from Android to Linux, timeZoneOffset=0, dstOffset=3600
09-23 18:07:00.005  6413  6413 I DateTimeView: onReceive: Intent action: android.intent.action.TIME_TICK
09-23 18:07:00.006  2560  9571 W BroadcastQueue: Skipping deliver [foreground] BroadcastRecord{92d5cb5 u-1 android.intent.action.TIME_TICK} to ReceiverList{8a450c8 6916 org.droidtv.euinstallertc:euinstallertc/1000/u0 remote:bfb1d6b}: process crashing
09-23 18:07:00.406  6826 12021 D TimerImpl: HandleMessage
09-23 18:07:00.407  6826 12021 D TimerImpl: HandleMessage
09-23 18:07:00.407  6826 12021 D TvInactivityService: Timer should have got expired
09-23 18:07:00.407  6826  6826 D TvInactivityService: Check the client +android.os.Messenger@9b93ae android.os.Messenger@9b93ae
09-23 18:07:00.407  6826  6826 D TvInactivityService: Cancelling timer
09-23 18:07:00.407  6826  6826 D TimerImpl: StopTimer
09-23 18:07:00.407  6826  6826 D TvInactivityService: RemoveClient
09-23 18:07:00.407  6826 12021 W ContextImpl: Calling a method in the system process without a qualified user: android.app.ContextImpl.sendBroadcast:905 android.content.ContextWrapper.sendBroadcast:421 org.droidtv.tv.inactivitytimer.TvInactivityService$ClientInfo.sendTimeOut:106 org.droidtv.tv.inactivitytimer.TvInactivityService$ClientInfo.-wrap2:-1 org.droidtv.tv.inactivitytimer.TvInactivityService$ClientInfo$1.timerHandler:41 
09-23 18:07:00.409  7006  7006 D TvInactivityTimer: Msg is 3
09-23 18:07:00.412  7006  7006 I Esticker: StickerReceiver : Received Intent :Intent { act=org.droidtv.tv.inactivitytimer.TIMEOUT typ=timeout/esticker_01 flg=0x10 cmp=org.droidtv.sticker/.automator.StickerReceiver }
09-23 18:07:00.414  7006  7006 I Esticker: EstickerAutomatorService onStartCommand 
09-23 18:07:00.415  7006  7006 D TvSettingsManager: p=152 getInt=1
09-23 18:07:00.506  6413  6413 I DateTimeView: updateTime begin
09-23 18:07:00.509  6413  6413 I DateTimeView: updateTime end: Text: 18:07 Thursday, 23 Sep
09-23 18:07:02.771  6336  6336 I System.out: xtvService handle nsd register task.
09-23 18:07:02.772  6336  6336 I System.out: org.droidtv.xtv.xtvnsd.xtvnsdserver registerNsd: will try to register nsd service 3 second later
09-23 18:07:05.772  6336  6336 I System.out: xtvService handle nsd register task.
09-23 18:07:05.773  6336  6336 I System.out: org.droidtv.xtv.xtvnsd.xtvnsdserver registerNsd: will try to register nsd service 3 second later
09-23 18:07:06.696  2560  2560 V HotPlugDetectionAction: Poll all devices.
09-23 18:07:07.550  6413 10232 D TvSettingsManager: p=314 getInt=4381140
09-23 18:07:07.554  6413 10232 D SAMOperationHoursLoggingService: total home time Seconds-----> 4381140
09-23 18:07:08.482  2560  2560 D HDMI    : [P]:AllocatedAddress=[]
09-23 18:07:08.773  6336  6336 I System.out: xtvService handle nsd register task.
09-23 18:07:08.774  6336  6336 I System.out: org.droidtv.xtv.xtvnsd.xtvnsdserver registerNsd: will try to register nsd service 3 second later
09-23 18:07:09.199  7315 13777 I VacuumService: Vacuum at: now=1095959229192 tag=VacuumService
09-23 18:07:11.775  6336  6336 I System.out: xtvService handle nsd register task.
09-23 18:07:11.776  6336  6336 I System.out: org.droidtv.xtv.xtvnsd.xtvnsdserver registerNsd: will try to register nsd service 3 second later
09-23 18:07:14.777  6336  6336 I System.out: xtvService handle nsd register task.
09-23 18:07:14.780  6336  6336 I System.out: org.droidtv.xtv.xtvnsd.xtvnsdserver registerNsd: will try to register nsd service 3 second later
09-23 18:07:17.780  6336  6336 I System.out: xtvService handle nsd register task.
09-23 18:07:17.781  6336  6336 I System.out: org.droidtv.xtv.xtvnsd.xtvnsdserver registerNsd: will try to register nsd service 3 second later
09-23 18:07:20.782  6336  6336 I System.out: xtvService handle nsd register task.
09-23 18:07:20.783  6336  6336 I System.out: org.droidtv.xtv.xtvnsd.xtvnsdserver registerNsd: will try to register nsd service 3 second later
09-23 18:07:21.706  2560  2560 V HotPlugDetectionAction: Poll all devices.
09-23 18:07:23.477  2560  2560 D HDMI    : [P]:AllocatedAddress=[]
09-23 18:07:23.784  6336  6336 I System.out: xtvService handle nsd register task.
09-23 18:07:23.785  6336  6336 I System.out: org.droidtv.xtv.xtvnsd.xtvnsdserver registerNsd: will try to register nsd service 3 second later
09-23 18:07:26.785  6336  6336 I System.out: xtvService handle nsd register task.
09-23 18:07:26.787  6336  6336 I System.out: org.droidtv.xtv.xtvnsd.xtvnsdserver registerNsd: will try to register nsd service 3 second later
09-23 18:07:29.787  6336  6336 I System.out: xtvService handle nsd register task.
09-23 18:07:29.788  6336  6336 I System.out: org.droidtv.xtv.xtvnsd.xtvnsdserver registerNsd: will try to register nsd service 3 second later
09-23 18:07:32.790  6336  6336 I System.out: xtvService handle nsd register task.
09-23 18:07:32.791  6336  6336 I System.out: org.droidtv.xtv.xtvnsd.xtvnsdserver registerNsd: will try to register nsd service 3 second later
09-23 18:07:34.730  1207  1207 V debugdump: ddg alive
09-23 18:07:35.791  6336  6336 I System.out: xtvService handle nsd register task.
09-23 18:07:35.792  6336  6336 I System.out: org.droidtv.xtv.xtvnsd.xtvnsdserver registerNsd: will try to register nsd service 3 second later
09-23 18:07:36.711  2560  2560 V HotPlugDetectionAction: Poll all devices.
09-23 18:07:37.550  6413 10232 D TvSettingsManager: p=314 getInt=4381170
09-23 18:07:37.556  6413 10232 D SAMOperationHoursLoggingService: total home time Seconds-----> 4381170
09-23 18:07:37.828  6413  6413 D TVStorageMonitorService:  checkMemory 
09-23 18:07:38.527  2560  2560 D HDMI    : [P]:AllocatedAddress=[]
09-23 18:07:38.793  6336  6336 I System.out: xtvService handle nsd register task.
09-23 18:07:38.793  6336  6336 I System.out: org.droidtv.xtv.xtvnsd.xtvnsdserver registerNsd: will try to register nsd service 3 second later
09-23 18:07:41.794  6336  6336 I System.out: xtvService handle nsd register task.
09-23 18:07:41.795  6336  6336 I System.out: org.droidtv.xtv.xtvnsd.xtvnsdserver registerNsd: will try to register nsd service 3 second later
09-23 18:07:44.795  6336  6336 I System.out: xtvService handle nsd register task.
09-23 18:07:44.797  6336  6336 I System.out: org.droidtv.xtv.xtvnsd.xtvnsdserver registerNsd: will try to register nsd service 3 second later
09-23 18:07:47.796  6336  6336 I System.out: xtvService handle nsd register task.
09-23 18:07:47.798  6336  6336 I System.out: org.droidtv.xtv.xtvnsd.xtvnsdserver registerNsd: will try to register nsd service 3 second later
09-23 18:07:50.797  6336  6336 I System.out: xtvService handle nsd register task.
09-23 18:07:50.799  6336  6336 I System.out: org.droidtv.xtv.xtvnsd.xtvnsdserver registerNsd: will try to register nsd service 3 second later
09-23 18:07:51.721  2560  2560 V HotPlugDetectionAction: Poll all devices.
09-23 18:07:53.502  2560  2560 D HDMI    : [P]:AllocatedAddress=[]
09-23 18:07:53.799  6336  6336 I System.out: xtvService handle nsd register task.
09-23 18:07:53.800  6336  6336 I System.out: org.droidtv.xtv.xtvnsd.xtvnsdserver registerNsd: will try to register nsd service 3 second later
09-23 18:07:56.801  6336  6336 I System.out: xtvService handle nsd register task.
09-23 18:07:56.802  6336  6336 I System.out: org.droidtv.xtv.xtvnsd.xtvnsdserver registerNsd: will try to register nsd service 3 second later
09-23 18:07:59.803  6336  6336 I System.out: xtvService handle nsd register task.
09-23 18:07:59.804  6336  6336 I System.out: org.droidtv.xtv.xtvnsd.xtvnsdserver registerNsd: will try to register nsd service 3 second later
09-23 18:08:00.002  7367  7367 E TimeMsgProcess: {DT}sync time zone from android to linux . msgTpye:6
09-23 18:08:00.003  7367  7367 D MtkTvTime: isTimeZoneEditable 
09-23 18:08:00.004  6413  6413 I DateTimeView: onReceive: Intent action: android.intent.action.TIME_TICK
09-23 18:08:00.005  2560  7455 W BroadcastQueue: Skipping deliver [foreground] BroadcastRecord{fafdd25 u-1 android.intent.action.TIME_TICK} to ReceiverList{8a450c8 6916 org.droidtv.euinstallertc:euinstallertc/1000/u0 remote:bfb1d6b}: process crashing
09-23 18:08:00.007  7367  7367 D MtkTvTime_jni: native_isTimeZoneEditable = 1
09-23 18:08:00.007  7367  7367 D MtkTvTime: getTimeZone 
09-23 18:08:00.007  7367  7367 D MtkTvTime_jni: native_getTimeZone = 0
09-23 18:08:00.007  7367  7367 D MtkTvTime_jni: native_getTimeOffset = 3600
09-23 18:08:00.008  7367  7367 D TimeMsgProcess: no need to sync time zone from Android to Linux, timeZoneOffset=0, dstOffset=3600
09-23 18:08:00.505  6413  6413 I DateTimeView: updateTime begin
09-23 18:08:00.508  6413  6413 I DateTimeView: updateTime end: Text: 18:08 Thursday, 23 Sep
09-23 18:08:00.781  6314  6314 D wpa_supplicant: wlan0: BSS: Remove id 4 BSSID d4:ee:07:52:02:d6 SSID 'IC-CTNET' due to wpa_bss_flush_by_age
09-23 18:08:00.782  6314  6314 D wpa_supplicant: wlan0: BSS: Remove id 18 BSSID 34:a8:4e:43:99:30 SSID 'TPV' due to wpa_bss_flush_by_age
09-23 18:08:00.782  6314  6314 D wpa_supplicant: wlan0: BSS: Remove id 17 BSSID 60:a4:4c:c6:48:d0 SSID '' due to wpa_bss_flush_by_age
09-23 18:08:00.782  6314  6314 D wpa_supplicant: wlan0: BSS: Remove id 22 BSSID 00:6b:8e:fa:3a:d8 SSID '@PHICOMM_D0' due to wpa_bss_flush_by_age
09-23 18:08:00.782  6314  6314 D wpa_supplicant: wlan0: BSS: Remove id 33 BSSID c4:c7:55:02:94:40 SSID 'ChinaNet-FD69' due to wpa_bss_flush_by_age
09-23 18:08:00.782  6314  6314 D wpa_supplicant: wlan0: BSS: Remove id 41 BSSID 34:a8:4e:43:66:e0 SSID 'TPV' due to wpa_bss_flush_by_age
09-23 18:08:00.782  6314  6314 D wpa_supplicant: wlan0: BSS: Remove id 24 BSSID ba:44:d9:80:05:ad SSID 'iPhone6Plus' due to wpa_bss_flush_by_age
09-23 18:08:02.804  6336  6336 I System.out: xtvService handle nsd register task.
09-23 18:08:02.805  6336  6336 I System.out: org.droidtv.xtv.xtvnsd.xtvnsdserver registerNsd: will try to register nsd service 3 second later
09-23 18:08:05.805  6336  6336 I System.out: xtvService handle nsd register task.
09-23 18:08:05.807  6336  6336 I System.out: org.droidtv.xtv.xtvnsd.xtvnsdserver registerNsd: will try to register nsd service 3 second later
09-23 18:08:06.731  2560  2560 V HotPlugDetectionAction: Poll all devices.
09-23 18:08:07.550  6413 10232 D TvSettingsManager: p=314 getInt=4381200
09-23 18:08:07.557  6413 10232 D SAMOperationHoursLoggingService: total home time Seconds-----> 4381200
09-23 18:08:08.537  2560  2560 D HDMI    : [P]:AllocatedAddress=[]
09-23 18:08:08.808  6336  6336 I System.out: xtvService handle nsd register task.
09-23 18:08:08.810  6336  6336 I System.out: org.droidtv.xtv.xtvnsd.xtvnsdserver registerNsd: will try to register nsd service 3 second later
09-23 18:08:11.811  6336  6336 I System.out: xtvService handle nsd register task.
09-23 18:08:11.812  6336  6336 I System.out: org.droidtv.xtv.xtvnsd.xtvnsdserver registerNsd: will try to register nsd service 3 second later
09-23 18:08:14.813  6336  6336 I System.out: xtvService handle nsd register task.
09-23 18:08:14.815  6336  6336 I System.out: org.droidtv.xtv.xtvnsd.xtvnsdserver registerNsd: will try to register nsd service 3 second later
09-23 18:08:17.815  6336  6336 I System.out: xtvService handle nsd register task.
09-23 18:08:17.816  6336  6336 I System.out: org.droidtv.xtv.xtvnsd.xtvnsdserver registerNsd: will try to register nsd service 3 second later
09-23 18:08:20.816  6336  6336 I System.out: xtvService handle nsd register task.
09-23 18:08:20.817  6336  6336 I System.out: org.droidtv.xtv.xtvnsd.xtvnsdserver registerNsd: will try to register nsd service 3 second later
09-23 18:08:21.743  2560  2560 V HotPlugDetectionAction: Poll all devices.
09-23 18:08:23.537  2560  2560 D HDMI    : [P]:AllocatedAddress=[]
09-23 18:08:23.818  6336  6336 I System.out: xtvService handle nsd register task.
09-23 18:08:23.820  6336  6336 I System.out: org.droidtv.xtv.xtvnsd.xtvnsdserver registerNsd: will try to register nsd service 3 second later
09-23 18:08:26.821  6336  6336 I System.out: xtvService handle nsd register task.
09-23 18:08:26.822  6336  6336 I System.out: org.droidtv.xtv.xtvnsd.xtvnsdserver registerNsd: will try to register nsd service 3 second later
09-23 18:08:29.823  6336  6336 I System.out: xtvService handle nsd register task.
09-23 18:08:29.824  6336  6336 I System.out: org.droidtv.xtv.xtvnsd.xtvnsdserver registerNsd: will try to register nsd service 3 second later
09-23 18:08:32.403  6314  6314 D wpa_supplicant: wlan0: Control interface command 'SCAN TYPE=ONLY'
09-23 18:08:32.403  6314  6314 D wpa_supplicant: wlan0: Setting scan request: 0.000000 sec
09-23 18:08:32.403  6314  6314 D wpa_supplicant: wlan0: State: DISCONNECTED -> SCANNING
09-23 18:08:32.403  6314  6314 D wpa_supplicant: wlan0: Determining shared radio frequencies (max len 1)
09-23 18:08:32.403  6314  6314 D wpa_supplicant: wlan0: Shared frequencies (len=0): completed iteration
09-23 18:08:32.403  6314  6314 D wpa_supplicant: P2P: Add operating class 81
09-23 18:08:32.403  6314  6314 D wpa_supplicant: P2P: Channels - hexdump(len=13): 01 02 03 04 05 06 07 08 09 0a 0b 0c 0d
09-23 18:08:32.403  6314  6314 D wpa_supplicant: P2P: Add operating class 115
09-23 18:08:32.403  6314  6314 D wpa_supplicant: P2P: Channels - hexdump(len=4): 24 28 2c 30
09-23 18:08:32.403  6314  6314 D wpa_supplicant: P2P: Add operating class 116
09-23 18:08:32.404  6314  6314 D wpa_supplicant: P2P: Channels - hexdump(len=2): 24 2c
09-23 18:08:32.404  6314  6314 D wpa_supplicant: P2P: Add operating class 117
09-23 18:08:32.404  6314  6314 D wpa_supplicant: P2P: Channels - hexdump(len=2): 28 30
09-23 18:08:32.404  6314  6314 D wpa_supplicant: P2P: Add operating class 130
09-23 18:08:32.404  6314  6314 D wpa_supplicant: P2P: Channels - hexdump(len=4): 24 28 2c 30
09-23 18:08:32.404  6314  6314 D wpa_supplicant: P2P: Update channel list
09-23 18:08:32.404  6314  6314 D wpa_supplicant: P2P: channels: 81:1,2,3,4,5,6,7,8,9,10,11,12,13 115:36,40,44,48 116:36,44 117:40,48 130:36,40,44,48
09-23 18:08:32.404  6314  6314 D wpa_supplicant: P2P: cli_channels:
09-23 18:08:32.404  6314  6314 D wpa_supplicant: wlan0: Starting AP scan for wildcard SSID
09-23 18:08:32.404  6314  6314 D wpa_supplicant: WPS: Building WPS IE for Probe Request
09-23 18:08:32.404  6314  6314 D wpa_supplicant: WPS:  * Version (hardcoded 0x10)
09-23 18:08:32.404  6314  6314 D wpa_supplicant: WPS:  * Request Type
09-23 18:08:32.404  6314  6314 D wpa_supplicant: WPS:  * Config Methods (4288)
09-23 18:08:32.404  6314  6314 D wpa_supplicant: WPS:  * UUID-E
09-23 18:08:32.404  6314  6314 D wpa_supplicant: WPS:  * Primary Device Type
09-23 18:08:32.404  6314  6314 D wpa_supplicant: WPS:  * RF Bands (3)
09-23 18:08:32.404  6314  6314 D wpa_supplicant: WPS:  * Association State
09-23 18:08:32.404  6314  6314 D wpa_supplicant: WPS:  * Configuration Error (0)
09-23 18:08:32.404  6314  6314 D wpa_supplicant: WPS:  * Device Password ID (0)
09-23 18:08:32.404  6314  6314 D wpa_supplicant: WPS:  * Manufacturer
09-23 18:08:32.404  6314  6314 D wpa_supplicant: WPS:  * Model Name
09-23 18:08:32.404  6314  6314 D wpa_supplicant: WPS:  * Model Number
09-23 18:08:32.405  6314  6314 D wpa_supplicant: WPS:  * Device Name
09-23 18:08:32.405  6314  6314 D wpa_supplicant: WPS:  * Version2 (0x20)
09-23 18:08:32.405  6314  6314 D wpa_supplicant: P2P: * P2P IE header
09-23 18:08:32.405  6314  6314 D wpa_supplicant: P2P: * Capability dev=25 group=00
09-23 18:08:32.405  6314  6314 D wpa_supplicant: P2P: * Listen Channel: Regulatory Class 81 Channel 11
09-23 18:08:32.405  6314  6314 D wpa_supplicant: wlan0: Add radio work 'scan'@0xb3ca01b0
09-23 18:08:32.405  6314  6314 D wpa_supplicant: wlan0: First radio work item in the queue - schedule start immediately
09-23 18:08:32.405  6314  6314 D wpa_supplicant: wlan0: Starting radio work 'scan'@0xb3ca01b0 after 0.000118 second wait
09-23 18:08:32.405  6314  6314 D wpa_supplicant: wlan0: nl80211: scan request
09-23 18:08:32.407  6314  6314 D wpa_supplicant: Scan requested (ret=0) - scan timeout 30 seconds
09-23 18:08:32.407  6314  6314 D wpa_supplicant: nl80211: Ignored event (cmd=33) for foreign interface (ifindex 4 wdev 0x0)
09-23 18:08:32.407  6314  6314 D wpa_supplicant: nl80211: Drv Event 33 (NL80211_CMD_TRIGGER_SCAN) received for wlan0
09-23 18:08:32.407  6314  6314 D wpa_supplicant: wlan0: nl80211: Scan trigger
09-23 18:08:32.407  6314  6314 D wpa_supplicant: wlan0: Event SCAN_STARTED (47) received
09-23 18:08:32.408  6314  6314 D wpa_supplicant: wlan0: Own scan request started a scan in 0.000313 seconds
09-23 18:08:32.823  6336  6336 I System.out: xtvService handle nsd register task.
09-23 18:08:32.825  6336  6336 I System.out: org.droidtv.xtv.xtvnsd.xtvnsdserver registerNsd: will try to register nsd service 3 second later
09-23 18:08:33.641  1203  1203 D MTK_KL  : <4>[  546.728552] 80211> cfg80211_scan_done
09-23 18:08:33.641  6314  6314 D wpa_supplicant: nl80211: Ignored event (cmd=34) for foreign interface (ifindex 4 wdev 0x0)
09-23 18:08:33.641  6314  6314 D wpa_supplicant: nl80211: Drv Event 34 (NL80211_CMD_NEW_SCAN_RESULTS) received for wlan0
09-23 18:08:33.641  6314  6314 D wpa_supplicant: wlan0: nl80211: New scan results available
09-23 18:08:33.642  6314  6314 D wpa_supplicant: nl80211: Scan probed for SSID ''
09-23 18:08:33.642  6314  6314 D wpa_supplicant: nl80211: Scan included frequencies: 2412 2417 2422 2427 2432 2437 2442 2447 2452 2457 2462 2467 2472 5180 5200 5220 5240
09-23 18:08:33.642  6314  6314 D wpa_supplicant: wlan0: Event SCAN_RESULTS (3) received
09-23 18:08:33.642  6314  6314 D wpa_supplicant: wlan0: Scan completed in 1.234244 seconds
09-23 18:08:33.642  6314  6314 D wpa_supplicant: nl80211: Received scan results (34 BSSes)
09-23 18:08:33.643  6314  6314 D wpa_supplicant: wlan0: BSS: Start scan result update 6
09-23 18:08:33.643  6314  6314 D wpa_supplicant: wlan0: BSS: Add new id 46 BSSID c8:3a:35:3e:be:70 SSID 'FW6' freq 2437
09-23 18:08:33.644  6314  6314 D wpa_supplicant: wlan0: BSS: Add new id 47 BSSID 34:a8:4e:43:99:30 SSID 'TPV' freq 2462
09-23 18:08:33.645  6314  6314 D wpa_supplicant: wlan0: BSS: Add new id 48 BSSID 60:a4:4c:c6:48:d0 SSID '' freq 2447
09-23 18:08:33.645  6314  6314 D wpa_supplicant: wlan0: BSS: Add new id 49 BSSID 34:a8:4e:43:59:e1 SSID 'TPV_Mobile' freq 2412
09-23 18:08:33.645  6314  6314 D wpa_supplicant: wlan0: BSS: Add new id 50 BSSID 34:a8:4e:43:a2:11 SSID 'TPV_Mobile' freq 2437
09-23 18:08:33.645  6314  6314 D wpa_supplicant: wlan0: BSS: Add new id 51 BSSID 34:a8:4e:43:a2:10 SSID 'TPV' freq 2437
09-23 18:08:33.645  6314  6314 D wpa_supplicant: wlan0: BSS: Add new id 52 BSSID bc:d1:77:f8:74:b0 SSID 'UI/UX' freq 2437
09-23 18:08:33.645  6314  6314 D wpa_supplicant: wlan0: BSS: Add new id 53 BSSID ba:44:d9:80:05:ad SSID 'iPhone6Plus' freq 2437
09-23 18:08:33.645  6314  6314 D wpa_supplicant: wlan0: BSS: Add new id 54 BSSID 0c:27:24:77:9e:21 SSID 'TPV_Mobile' freq 2437
09-23 18:08:33.646  6314  6314 D wpa_supplicant: wlan0: BSS: Add new id 55 BSSID 00:6b:8e:fa:3a:d8 SSID '@PHICOMM_D0' freq 2427
09-23 18:08:33.646  6314  6314 D wpa_supplicant: wlan0: BSS: Add new id 56 BSSID f0:b4:29:1d:6b:7f SSID 'dropbox' freq 2437
09-23 18:08:33.646  6314  6314 D wpa_supplicant: wlan0: BSS: Add new id 57 BSSID 34:a8:4e:43:a2:14 SSID 'TPV_Guest' freq 2437
09-23 18:08:33.646  6314  6314 D wpa_supplicant: wlan0: BSS: Add new id 58 BSSID 0c:27:24:77:9e:24 SSID 'TPV_Guest' freq 2437
09-23 18:08:33.646  6314  6314 D wpa_supplicant: BSS: last_scan_res_used=34/64
09-23 18:08:33.646  6314  6314 D wpa_supplicant: wlan0: Scan-only results received
09-23 18:08:33.647  6314  6314 D wpa_supplicant: wlan0: Radio work 'scan'@0xb3ca01b0 done in 1.241689 seconds
09-23 18:08:33.647  6314  6314 D wpa_supplicant: wlan0: radio_work_free('scan'@0xb3ca01b0: num_active_works --> 0
09-23 18:08:33.647  6314  6314 D wpa_supplicant: wlan0: State: SCANNING -> DISCONNECTED
09-23 18:08:33.647  6314  6314 D wpa_supplicant: nl80211: Set wlan0 operstate 0->0 (DORMANT)
09-23 18:08:33.647  6314  6314 D wpa_supplicant: netlink: Operstate: ifindex=4 linkmode=-1 (no change), operstate=5 (IF_OPER_DORMANT)
09-23 18:08:33.647  6314  6314 D wpa_supplicant: wlan0: Determining shared radio frequencies (max len 1)
09-23 18:08:33.647  6314  6314 D wpa_supplicant: wlan0: Shared frequencies (len=0): completed iteration
09-23 18:08:33.647  6314  6314 D wpa_supplicant: P2P: Add operating class 81
09-23 18:08:33.647  6314  6314 D wpa_supplicant: P2P: Channels - hexdump(len=13): 01 02 03 04 05 06 07 08 09 0a 0b 0c 0d
09-23 18:08:33.647  6314  6314 D wpa_supplicant: P2P: Add operating class 115
09-23 18:08:33.647  6314  6314 D wpa_supplicant: P2P: Channels - hexdump(len=4): 24 28 2c 30
09-23 18:08:33.647  6314  6314 D wpa_supplicant: P2P: Add operating class 116
09-23 18:08:33.647  6314  6314 D wpa_supplicant: P2P: Channels - hexdump(len=2): 24 2c
09-23 18:08:33.647  6314  6314 D wpa_supplicant: P2P: Add operating class 117
09-23 18:08:33.647  6314  6314 D wpa_supplicant: P2P: Channels - hexdump(len=2): 28 30
09-23 18:08:33.648  6314  6314 D wpa_supplicant: P2P: Add operating class 130
09-23 18:08:33.648  6314  6314 D wpa_supplicant: P2P: Channels - hexdump(len=4): 24 28 2c 30
09-23 18:08:33.648  6314  6314 D wpa_supplicant: P2P: Update channel list
09-23 18:08:33.648  6314  6314 D wpa_supplicant: P2P: channels: 81:1,2,3,4,5,6,7,8,9,10,11,12,13 115:36,40,44,48 116:36,44 117:40,48 130:36,40,44,48
09-23 18:08:33.648  6314  6314 D wpa_supplicant: P2P: cli_channels:
09-23 18:08:33.648  6314  6314 D wpa_supplicant: RTM_NEWLINK: ifi_index=4 ifname=wlan0 wext ifi_family=0 ifi_flags=0x11003 ([UP][LOWER_UP])
09-23 18:08:33.648  6314  6314 D wpa_supplicant: RTM_NEWLINK: ifi_index=4 ifname=wlan0 wext ifi_family=0 ifi_flags=0x11003 ([UP][LOWER_UP])
09-23 18:08:34.730  1207  1207 V debugdump: ddg alive
09-23 18:08:35.825  6336  6336 I System.out: xtvService handle nsd register task.
09-23 18:08:35.827  6336  6336 I System.out: org.droidtv.xtv.xtvnsd.xtvnsdserver registerNsd: will try to register nsd service 3 second later
09-23 18:08:36.749  2560  2560 V HotPlugDetectionAction: Poll all devices.
09-23 18:08:37.550  6413 10232 D TvSettingsManager: p=314 getInt=4381230
09-23 18:08:37.554  6413 10232 D SAMOperationHoursLoggingService: total home time Seconds-----> 4381230
09-23 18:08:37.861  6413  6413 D TVStorageMonitorService:  checkMemory 
09-23 18:08:38.532  2560  2560 D HDMI    : [P]:AllocatedAddress=[]
09-23 18:08:38.827  6336  6336 I System.out: xtvService handle nsd register task.
09-23 18:08:38.828  6336  6336 I System.out: org.droidtv.xtv.xtvnsd.xtvnsdserver registerNsd: will try to register nsd service 3 second later
09-23 18:08:41.828  6336  6336 I System.out: xtvService handle nsd register task.
09-23 18:08:41.829  6336  6336 I System.out: org.droidtv.xtv.xtvnsd.xtvnsdserver registerNsd: will try to register nsd service 3 second later
09-23 18:08:44.829  6336  6336 I System.out: xtvService handle nsd register task.
09-23 18:08:44.831  6336  6336 I System.out: org.droidtv.xtv.xtvnsd.xtvnsdserver registerNsd: will try to register nsd service 3 second later
09-23 18:08:47.831  6336  6336 I System.out: xtvService handle nsd register task.
