09-23 18:05:44.901  6916 11787 D ChannelSettingsActivity: doInBackground params: INIT_UI
09-23 18:05:44.907  2560  6122 D ZenLog  : intercepted: 0|org.droidtv.leanbackcustomizer|1|null|10056,alarmsOnly
09-23 18:05:44.910  6336  6336 D xtvService: packageName: org.droidtv.euinstallertc
09-23 18:05:44.910  6336  6336 D xtvService: AppSwitchNotification in xtv: returning true
09-23 18:05:44.911  1194  1252 E BufferQueueProducer: [org.droidtv.euinstallertc/org.droidtv.euinstallertc.settings.ChannelSettingsActivity] connect: already connected (cur=1 req=1)
09-23 18:05:44.911  6916  9773 D mali_winsys: EGLint new_window_surface(egl_winsys_display*, void*, EGLSurface, EGLConfig, egl_winsys_surface**, egl_color_buffer_format*, EGLBoolean) returns 0x3000
09-23 18:05:44.912  6336  6336 D org.droidtv.xtv.xtvUtility.xtvUtilities: getCurrentApplication: Has a valid class and package name
09-23 18:05:44.912  6336  6336 D org.droidtv.xtv.xtvNotify.xtvNotifyHelper: notifyReceived:Inside notifyReceived of xtvNotifyHelper
09-23 18:05:44.912  6336  6336 D org.droidtv.xtv.xtvNotify.xtvNotifyWrapper: isNotifyEnabled[10]: false
09-23 18:05:44.912  6336  6336 D org.droidtv.xtv.xtvNotify.xtvNotifyWrapper: isNotifyEnabled[10]: false
09-23 18:05:44.913  6336  6336 D org.droidtv.xtv.xtvNotify.xtvNotifyWrapper: isNotifyEnabled[10]: false
09-23 18:05:44.913  6336  6336 D org.droidtv.xtv.xtvNotify.xtvNotifyWrapper: isNotifyEnabled[10]: false
09-23 18:05:44.913  6336  6336 D org.droidtv.xtv.xtvNotify.xtvNotifyWrapper: isNotifyEnabled[10]: false
09-23 18:05:44.913  6336  6336 D org.droidtv.xtv.xtvNotify.xtvNotifyWrapper: isNotifyEnabled[10]: false
09-23 18:05:44.913  6336  6336 D org.droidtv.xtv.xtvNotify.xtvNotifyWrapper: isNotifyEnabled[10]: false
09-23 18:05:44.913  6336  6336 D org.droidtv.xtv.xtvNotify.xtvNotifyWrapper: isNotifyEnabled[10]: false
09-23 18:05:44.913  6336  6336 D org.droidtv.xtv.xtvNotify.xtvNotifyWrapper: isNotifyEnabled[10]: false
09-23 18:05:44.913  6336  6336 D org.droidtv.xtv.xtvNotify.xtvNotifyWrapper: isNotifyEnabled[10]: false
09-23 18:05:44.913  6336  6336 D org.droidtv.xtv.xtvNotify.xtvNotifyWrapper: isNotifyEnabled[10]: false
09-23 18:05:44.914  6336  6336 D org.droidtv.xtv.xtvNotify.xtvNotifyWrapper: isNotifyEnabled[10]: false
09-23 18:05:44.915  6916  6916 D ChannelSettingsActivity: onPostExecute enter result INIT_UI
09-23 18:05:44.920  6916  6916 I DateTimeView: updateTime begin
09-23 18:05:44.923  6916  6916 I DateTimeView: updateTime end: Text: 18:05 Thursday, 23 Sep
09-23 18:05:44.973  6916  6916 D DTRMenuItem: DTRMenuItem()
09-23 18:05:45.027  6916  6916 E VerticalSeekBar: Slider - Constructor
09-23 18:05:45.040  6916  6916 E VerticalSeekBar: Slider - Constructor
09-23 18:05:45.042  6916  6916 E MenuBuilder: setVisibleNodes: mCurrentNode is null
09-23 18:05:45.042  6916  6965 D MtkTvVolCtrl: setMute_native 0
09-23 18:05:45.042  6916  6965 D MtkTvVolCtrl: Leave set_mute.
09-23 18:05:45.042  6916  6916 E MenuBuilder: setVisibleNodes: mPrevNode is null
09-23 18:05:45.042  6916  6916 D SettingsHandler: onNodeEntered cookieID: 0
09-23 18:05:45.042  6916  6916 E MenuBuilder: setVisibleNodes: mPrevNode is null
09-23 18:05:45.043  6916  6916 D SettingsHandler: isAvailable enter cookieID:1 enumVal:-10000
09-23 18:05:45.043  6916  6916 D SettingsHandler: isAvailable exit cookieID:1 enumVal:-10000 returnBool:true
09-23 18:05:45.043  6916  6916 D SettingsHandler: isControllable enter cookieID:1 enumVal:-10000
09-23 18:05:45.043  6916  6916 D SettingsHandler: isControllable exit cookieID:1 enumVal:-10000 returnBool:true
09-23 18:05:45.047  6916  6916 W System  : ClassLoader referenced unknown path: 
09-23 18:05:45.047  6916  6916 W System  : ClassLoader referenced unknown path: /system/framework/tvstrings/lib/arm
09-23 18:05:45.051  6916  6916 D SettingsHandler: isAvailable enter cookieID:2 enumVal:-10000
09-23 18:05:45.052  6916  6916 D TvSettingsManager: getCountryId | Country ID: GBR   Index: 26
09-23 18:05:45.052  6916  6916 D TvSettingsManager: p=408 getInt=26
09-23 18:05:45.052  6916  6916 D NativeAPIWrapper: getCountryNameFromTVS() mTVSCselectedCountryID 26
09-23 18:05:45.052  6916  6916 D NativeAPIWrapper: getCountryNameFromTVS() UK
09-23 18:05:45.053  6916  6916 D TvSettingsManager: p=504 getInt=0
09-23 18:05:45.053  6916  6916 D NativeAPIWrapper: getSelectedDVBTOrDVBCFromTVS() DVBT
09-23 18:05:45.053  6916  6916 D NativeAPIWrapper: countrySupportsDVBTFullorLite argCountry UK
09-23 18:05:45.053  6916  6916 D NativeAPIWrapper: countrySupportsDVBTFullorLite returnMacro DVBT_Full
09-23 18:05:45.053  6916  6916 D SettingsHandler: isAvailable exit cookieID:2 enumVal:-10000 returnBool:true
09-23 18:05:45.053  6916  6916 D SettingsHandler: isControllable enter cookieID:2 enumVal:-10000
09-23 18:05:45.053  6916  6916 D SettingsHandler: isControllable exit cookieID:2 enumVal:-10000 returnBool:true
09-23 18:05:45.054  6916  6916 D SettingsHandler: isAvailable enter cookieID:3 enumVal:-10000
09-23 18:05:45.055  6916  6916 D TvSettingsManager: getCountryId | Country ID: GBR   Index: 26
09-23 18:05:45.055  6916  6916 D TvSettingsManager: p=408 getInt=26
09-23 18:05:45.055  6916  6916 D NativeAPIWrapper: getCountryNameFromTVS() mTVSCselectedCountryID 26
09-23 18:05:45.055  6916  6916 D NativeAPIWrapper: getCountryNameFromTVS() UK
09-23 18:05:45.056  6916  6916 D TvSettingsManager: p=504 getInt=0
09-23 18:05:45.056  6916  6916 D NativeAPIWrapper: getSelectedDVBTOrDVBCFromTVS() DVBT
09-23 18:05:45.056  6916  6916 D NativeAPIWrapper: countrySupportsDVBTFullorLite argCountry UK
09-23 18:05:45.056  6916  6916 D NativeAPIWrapper: countrySupportsDVBTFullorLite returnMacro DVBT_Full
09-23 18:05:45.056  6916  6916 D SettingsHandler: isAvailable exit cookieID:3 enumVal:-10000 returnBool:true
09-23 18:05:45.056  6916  6916 D SettingsHandler: isControllable enter cookieID:3 enumVal:-10000
09-23 18:05:45.056  6916  6916 D SettingsHandler: isControllable exit cookieID:3 enumVal:-10000 returnBool:true
09-23 18:05:45.057  6916  6916 D SettingsHandler: isAvailable enter cookieID:4 enumVal:-10000
09-23 18:05:45.057  6916  6916 D NativeAPIWrapper: IsDvbInstallationAvailable entry 
09-23 18:05:45.058  6916  6916 D TvSettingsManager: getCountryId | Country ID: GBR   Index: 26
09-23 18:05:45.058  6916  6916 D TvSettingsManager: p=408 getInt=26
09-23 18:05:45.058  6916  6916 D NativeAPIWrapper: getCountryNameFromTVS() mTVSCselectedCountryID 26
09-23 18:05:45.058  6916  6916 D NativeAPIWrapper: getCountryNameFromTVS() UK
09-23 18:05:45.059  6916  6916 I TvSettingsManager: TvSettingsManagerget  MtkTvConfigType.CFG_BS_BS_CABLE_BRDCSTER =>7
09-23 18:05:45.059  6916  6916 D TvSettingsManager: p=202 getInt=7
09-23 18:05:45.059  6916  6916 D NativeAPIWrapper: getMtkOperatorID: 7
09-23 18:05:45.059  6916  6916 D NativeAPIWrapper: countrySupportsDVBTFullorLite argCountry UK
09-23 18:05:45.059  6916  6916 D NativeAPIWrapper: countrySupportsDVBTFullorLite returnMacro DVBT_Full
09-23 18:05:45.060  6916  6916 D NativeAPIWrapper: getCachedAnalogueDigital() DIGITAL
09-23 18:05:45.060  6916  6916 D NativeAPIWrapper: IsDvbInstallationAvailable returning true
09-23 18:05:45.060  6916  6916 D SettingsHandler: isAvailable exit cookieID:4 enumVal:-10000 returnBool:true
09-23 18:05:45.060  6916  6916 D SettingsHandler: isControllable enter cookieID:4 enumVal:-10000
09-23 18:05:45.060  6916  6916 D NativeAPIWrapper: isDTRMenuControllable entry
09-23 18:05:45.060  6916  6916 D TvSettingsManager: p=504 getInt=0
09-23 18:05:45.060  6916  6916 D NativeAPIWrapper: getSelectedDVBTOrDVBCFromTVS() DVBT
09-23 18:05:45.060  6916  6916 D NativeAPIWrapper: isDTRMenuControllable returning true
09-23 18:05:45.061  6916  6916 D SettingsHandler: isControllable exit cookieID:4 enumVal:-10000 returnBool:true
09-23 18:05:45.062  6916  6916 D SettingsHandler: isAvailable enter cookieID:7 enumVal:-10000
09-23 18:05:45.062  6916  6916 D SettingsHandler: isAvailable exit cookieID:7 enumVal:-10000 returnBool:true
09-23 18:05:45.062  6916  6916 D SettingsHandler: isControllable enter cookieID:7 enumVal:-10000
09-23 18:05:45.062  6916  6916 D NativeAPIWrapper: setStoreAsNewChannelStatus: false
09-23 18:05:45.062  6916  6916 D NativeAPIWrapper: setStoreAsCurrentChannelStatus: false
09-23 18:05:45.062  6916  6916 D SettingsHandler: isControllable exit cookieID:7 enumVal:-10000 returnBool:true
09-23 18:05:45.063  6916  6916 D SettingsHandler: isAvailable enter cookieID:12 enumVal:-10000
09-23 18:05:45.063  6916  6916 D SettingsHandler: isAvailable exit cookieID:12 enumVal:-10000 returnBool:false
09-23 18:05:45.064  6916  6916 D SettingsHandler: updateHelpContext -1, null
09-23 18:05:45.064  6916  6916 E MenuBuilder: setVisibleNodes: mPrevNode is null
09-23 18:05:45.065  6916  6916 D SettingsHandler: onNodeFocusGained cookieID: 0
09-23 18:05:45.067  6916  6916 D SettingsHandler: onNodeEntered cookieID: 1
09-23 18:05:45.068  6916  6916 D SettingsHandler: updateHelpContext 3, search_for_channels
09-23 18:05:45.068  6916  6916 D TCContextHelper: Its in ContextualHelper constructor
09-23 18:05:45.069  6916  6916 D TCContextHelper: lContext org.droidtv.euinstallertc.settings.ChannelSettingsActivity@80a24a7
09-23 18:05:45.070  6916  6916 I TCContextHelper:  unBindEumService
09-23 18:05:45.070  6916 11788 D TCContextHelper: BINDTOEUMSERVICE
09-23 18:05:45.070  6916 11788 D TCContextHelper: intHelpContext: null mContext: org.droidtv.euinstallertc.settings.ChannelSettingsActivity@80a24a7
09-23 18:05:45.070  6916 11788 D TCContextHelper: bindtoEumService..
09-23 18:05:45.071  6916  6916 D EasyPqView: descText Start updating the current channels or redo a complete installation of channels.
09-23 18:05:45.073  6916 11788 D TCContextHelper:  Bind service = true
09-23 18:05:45.081  6916  6916 D ChannelSettingsActivity: onPostExecute exit
09-23 18:05:45.148  6916  6916 D TCContextHelper: onServiceConnected
09-23 18:05:45.148  6916  6916 D ITvInterface: Instance constructor: interface org.droidtv.tv.contextualhelp.IHelpContext
09-23 18:05:45.148  6916  6916 D ITvInterface: Instance asInterface: interface org.droidtv.tv.contextualhelp.IHelpContext
09-23 18:05:45.148  6916  6916 V TVCOntext: IHelpContext asinterface
09-23 18:05:45.149  6916  6916 D TCContextHelper: intHelpContext onServiceConnected is not null
09-23 18:05:45.151  2560  2884 I ActivityManager: Displayed org.droidtv.euinstallertc/.settings.ChannelSettingsActivity: +452ms
09-23 18:05:45.155  6916 11788 D TCContextHelper: End to bindtoEumService
09-23 18:05:45.156  6916 11788 D TCContextHelper: SETCONTEXT
09-23 18:05:45.156  6916 11788 D TCContextHelper: intHelpContext: org.droidtv.eum.contextualhelp.HelpContextImpl$Proxy@1934941 mContext: org.droidtv.euinstallertc.settings.ChannelSettingsActivity@80a24a7
09-23 18:05:45.156  6916 11788 D TCContextHelper:  bindtoEumService.. already binded to eum service
09-23 18:05:45.156  6916 11788 D TCContextHelper:  SET context --WatchTv:Settings:search_for_channels:NA
09-23 18:05:45.157  6916 11788 D TCContextHelper:  GET context --NA:NA::NA
09-23 18:05:45.188  6413  6413 I setupmenu: onStop
09-23 18:05:45.188  6413  6413 I ContextHelper:  unBindEumService
09-23 18:05:45.193 11524 11524 D ViewRootImpl[MainActivity]: changeCanvasOpacity: opaque=false
09-23 18:05:45.198  6413  6413 D NetworkSettings: clearContext() in
09-23 18:05:45.199  6413  6413 D NetworkSettings: clearContext() mNwStateChgListner
09-23 18:05:45.200  6413  6413 D NetworkSettings: clearShowAnimation() in
09-23 18:05:45.202  6413  6413 E ThreeDSettings: ThreeDSettings getInstance
09-23 18:05:45.204 11524 11524 D ViewRootImpl[MainActivity]: changeCanvasOpacity: opaque=false
09-23 18:05:45.317  6916  6916 D SettingsHandler: updateHelpContext 3, search_for_channels
09-23 18:05:45.317  6916  6916 D TCContextHelper: lContext org.droidtv.euinstallertc.settings.ChannelSettingsActivity@80a24a7
09-23 18:05:45.317  6916 11788 D TCContextHelper: SETCONTEXT
09-23 18:05:45.318  6916 11788 D TCContextHelper: intHelpContext: org.droidtv.eum.contextualhelp.HelpContextImpl$Proxy@1934941 mContext: org.droidtv.euinstallertc.settings.ChannelSettingsActivity@80a24a7
09-23 18:05:45.318  6916 11788 D TCContextHelper:  bindtoEumService.. already binded to eum service
09-23 18:05:45.318  6916 11788 D TCContextHelper:  SET context --WatchTv:Settings:search_for_channels:NA
09-23 18:05:45.319  6916 11788 D TCContextHelper:  GET context --WatchTv:Settings::search_for_channels
09-23 18:05:45.320  6916  6916 D EasyPqView: descText Start updating the current channels or redo a complete installation of channels.
09-23 18:05:45.345  2560  2884 I WindowManager: Destroying surface Surface(name=Starting org.droidtv.euinstallertc) called by com.android.server.wm.WindowStateAnimator.destroySurface:2016 com.android.server.wm.WindowStateAnimator.destroySurfaceLocked:882 com.android.server.wm.WindowState.destroyOrSaveSurface:2112 com.android.server.wm.AppWindowToken.destroySurfaces:363 com.android.server.wm.WindowStateAnimator.finishExit:565 com.android.server.wm.WindowStateAnimator.stepAnimationLocked:491 com.android.server.wm.WindowAnimator.updateWindowsLocked:303 com.android.server.wm.WindowAnimator.animateLocked:704 
09-23 18:05:45.374  6916 11780 D MtkvAPPTV_jni: call a_mtktvapi_apptv_update_sys_status ret =  0
09-23 18:05:45.374  6376  6545 D MtkTvScreenSaver_jni: Enter _ScreenSaver_msg_notify_fct: i4_callback_type = 0
09-23 18:05:45.375  6376  6545 D TVCallback: (From JNI)notifyScreenSaverMessage=0
09-23 18:05:45.382  6376  6545 D MtkTvHighLevel_jni: _highlevel_nfy_fct callback_type=0, pv_tag=0x457, arg=0x2,0x0,0x0,0x0
09-23 18:05:45.383  6376  6545 D TVCallback: notifyNativeAppStatus nativeAppId=2 show=false
09-23 18:05:45.514  6826  6826 E ApplicationSwitchService: get latest foreground event.
09-23 18:05:45.515  6826  6826 D ApplicationSwitchService: AppSwitchAOSP: org.droidtv.euinstallertc
09-23 18:05:45.515  6826  6826 I ApplicationSwitchService: client size: 3
09-23 18:05:45.518  6826  6826 D ApplicationSwitchService: setSourcePQ of package name not included in SourceListMap
09-23 18:05:45.519  6826  6826 D ApplicationSwitch: Msg is 2
09-23 18:05:45.519  6826  6826 D org.droidtv.tv.tptvservice.agent.TPTvServiceAgent: onApplicationSwitch entry with: org.droidtv.euinstallertc
09-23 18:05:45.519  6826  6826 D org.droidtv.tv.tptvservice.agent.TPTvServiceAgent: onApplicationSwitch exit with: org.droidtv.euinstallertc
09-23 18:05:45.519  6812  6812 D ApplicationSwitch: Msg is 2
09-23 18:05:45.519  6812  6812 D CIService: onApplicationSwitch entry with: org.droidtv.euinstallertc
09-23 18:05:45.519  6812  6812 D CIApplication: setAppSwitchName: org.droidtv.euinstallertc
09-23 18:05:45.520  6812  6812 D CIService: onApplicationSwitch exit with: org.droidtv.euinstallertc
09-23 18:05:45.520 10087 10087 D ApplicationSwitch: Msg is 2
09-23 18:05:46.486  1203  1203 D MTK_KL  : <4>[  379.573386] [0x4] KEY 0x4f000 map to 352 2 0 1
09-23 18:05:46.486  6826  6826 I org.droidtv.tv.tptvservice.agent.TPTvServiceAgent: User activity
09-23 18:05:46.487  6826  6826 E KeyInputDevice: [KeyLog] key:352 2 0 1 TPTvServiceAgent$6
09-23 18:05:46.487  6826  6826 D TvInactivityService: UserActivity
09-23 18:05:46.487  6826  6826 I TvInactivityService: Reset Timer org.droidtv.tv.inactivitytimer.TvInactivityService$ClientInfo$1@90e2144
09-23 18:05:46.487  6826  6826 D TimerImpl: resetTimer
09-23 18:05:46.487  6826  6826 D TimerImpl: startTimer
09-23 18:05:46.487  6892  6892 D NettvLoggerLocalService: usagelogger LogKeyPressEvent event.getKeyCode()=23 mBinder=org.droidtv.usagelogger.ILoggerImpl$Proxy@dbcf505
09-23 18:05:46.487  6826  6826 I TvInactivityService: Reset Timer org.droidtv.tv.inactivitytimer.TvInactivityService$ClientInfo$1@7bf122d
09-23 18:05:46.487  6826  6826 D TimerImpl: resetTimer
09-23 18:05:46.487  6826  6826 D TimerImpl: startTimer
09-23 18:05:46.487  6892  6892 E KeyInputDevice: [KeyLog] key:352 2 0 1 NettvLoggerLocalService$1
09-23 18:05:46.487  6826  6826 I TvInactivityService: Reset Timer org.droidtv.tv.inactivitytimer.TvInactivityService$ClientInfo$1@bd5797b
09-23 18:05:46.487  6826  6826 D TimerImpl: resetTimer
09-23 18:05:46.487  6826  6826 D TimerImpl: startTimer
09-23 18:05:46.488  6892  6913 D TvSettingsManager: p=314 getInt=4381080
09-23 18:05:46.488  6892  6913 D TvSettingsManager: p=315 getInt=12720
09-23 18:05:46.488  6916  6916 I NpanelBrowser: in dispatchKeyEvent 0 true
09-23 18:05:46.494  6892  6913 D CulAccessibilityUtil: usagelogger isTouStatusAccepted:false
09-23 18:05:46.502  6892  6913 D CulAccessibilityUtil: usagelogger getLogServerURL url=null
09-23 18:05:46.502  6892  6913 D NettvLoggerService: usagelogger LogEvent Event_id=15 Eventdata=device_name=0;key_group=6 timestamp=375480 mPrevPowerState=3 operatingMins=73230
09-23 18:05:46.697  6826  6826 E KeyInputDevice: [KeyLog] key:352 2 0 0 TPTvServiceAgent$6
09-23 18:05:46.697  6191  6191 D EmojiAltPhysicalKeyDetector: onKeyUp() : KeyEvent { action=ACTION_UP, keyCode=KEYCODE_DPAD_CENTER, scanCode=352, metaState=0, flags=0x8, repeatCount=0, eventTime=375690, downTime=375479, deviceId=4, source=0x301 }
09-23 18:05:46.697  6191  6191 D EmojiAltPhysicalKeyDetector: onKeyUp() : Not Mapped: 23
09-23 18:05:46.697  6892  6892 E KeyInputDevice: [KeyLog] key:352 2 0 0 NettvLoggerLocalService$1
09-23 18:05:46.700  6916  6916 D SettingsHandler: isControllable enter cookieID:1 enumVal:-10000
09-23 18:05:46.700  6916  6916 D SettingsHandler: isControllable exit cookieID:1 enumVal:-10000 returnBool:true
09-23 18:05:46.700  6916  6916 D SettingsHandler: setInt cookieID:1 enumVal:-10000
09-23 18:05:46.701  6577  6597 D RecordingProvider: Query with record/reminder provider
09-23 18:05:46.701  6577  6597 D RecordingProvider: The DB Name Received for the Operation is:RecordingsTable
09-23 18:05:46.701  6577  6597 D RecordingProvider: Recordings Table query !!!
09-23 18:05:46.701  6577  6597 D RecordingProvider: before query
09-23 18:05:46.701  1203  1203 D MTK_KL  : <4>[  379.783902] [0x4] KEY 0x4f000 map to 352 2 0 0
09-23 18:05:46.701  6577  6597 D RecordingProvider: after query
09-23 18:05:46.709  6916  6916 D NativeAPIWrapper: ifRecordingIsInProgress false
09-23 18:05:46.710  2560  7397 I ActivityManager: START u0 {cmp=org.droidtv.euinstallertc/.wizard.InstallerWizardActivity (has extras)} from uid 1000 on display 0
09-23 18:05:46.716  6916  6916 D NativeAPIWrapper: setTISScanState() - CTRL_ABANDON
09-23 18:05:46.717  6916  6916 D NativeAPIWrapper: Full scan no need to setTISScanState(), return
09-23 18:05:46.717  6916  6916 D SettingsHandler: isControllable enter cookieID:1 enumVal:-10000
09-23 18:05:46.717  6916  6916 D SettingsHandler: isControllable exit cookieID:1 enumVal:-10000 returnBool:true
09-23 18:05:46.717  6916  6916 D SettingsHandler: updateHelpContext 3, search_for_channels
09-23 18:05:46.717  6916  6916 D TCContextHelper: lContext org.droidtv.euinstallertc.settings.ChannelSettingsActivity@80a24a7
09-23 18:05:46.718  6916 11788 D TCContextHelper: SETCONTEXT
09-23 18:05:46.718  6916  6916 D EasyPqView: descText Start updating the current channels or redo a complete installation of channels.
09-23 18:05:46.718  6916 11788 D TCContextHelper: intHelpContext: org.droidtv.eum.contextualhelp.HelpContextImpl$Proxy@1934941 mContext: org.droidtv.euinstallertc.settings.ChannelSettingsActivity@80a24a7
09-23 18:05:46.718  6916 11788 D TCContextHelper:  bindtoEumService.. already binded to eum service
09-23 18:05:46.718  6916 11788 D TCContextHelper:  SET context --WatchTv:Settings:search_for_channels:NA
09-23 18:05:46.721  6916 11788 D TCContextHelper:  GET context --WatchTv:Settings::search_for_channels
09-23 18:05:46.724  6916  6916 I NpanelBrowser: in dispatchKeyEvent 1 true
09-23 18:05:46.740  6916  6916 D NativeAPIWrapper: update: action 53, message 
09-23 18:05:46.740  6916 11824 D MtkTvAppTVBase: Enter UpdatedSysStatus
09-23 18:05:46.740  6916  6916 D ChannelSettingsActivity: onPause
09-23 18:05:46.740  6916 11824 D MtkTvAppTVBase: ww_status:1
09-23 18:05:46.740  6916 11824 D TVNativeWrapper(Emu): AppTVupdatedSysStatus_native  called
09-23 18:05:46.741  6916 11788 D TCContextHelper: CLEARCONTEXT
09-23 18:05:46.741  6916 11824 D MtkvAPPTV_jni: Enter Java_com_mediatek_twoworlds_tv_TVNative_AppTVupdatedSysStatus_1native__I
09-23 18:05:46.741  6916 11788 D TCContextHelper: intHelpContext: org.droidtv.eum.contextualhelp.HelpContextImpl$Proxy@1934941 mContext: org.droidtv.euinstallertc.settings.ChannelSettingsActivity@80a24a7
09-23 18:05:46.741  6916 11824 D MtkvAPPTV_jni: Enter _mtktvapptv_jni_conver_ww_sysstatus_to_native_sys_status i4_ww_sys_status = 1 
09-23 18:05:46.741  6916 11788 D TCContextHelper:  bindtoEumService.. already binded to eum service
09-23 18:05:46.741  6916 11824 D MtkvAPPTV_jni: JNI_APPTV_SYS_STATUS_MENU_PAUSE
09-23 18:05:46.741  6916 11788 D TCContextHelper: intHelpContext is not null
09-23 18:05:46.741  6916 11824 D MtkvAPPTV_jni: call a_mtktvapi_apptv_update_sys_status
09-23 18:05:46.741  6916  6916 D ChannelSettingsActivity: requestVisibleBehind(true) returns: true
09-23 18:05:46.753  6916  6916 D NativeAPIWrapper: setApplicationContext org.droidtv.euinstallertc.wizard.InstallerWizardActivity@2afaed4
09-23 18:05:46.754  6577  6595 D RecordingProvider: Query with record/reminder provider
09-23 18:05:46.754  6577  6595 D RecordingProvider: The DB Name Received for the Operation is:RecordingsTable
09-23 18:05:46.754  6577  6595 D RecordingProvider: Recordings Table query !!!
09-23 18:05:46.754  6577  6595 D RecordingProvider: before query
09-23 18:05:46.755  6577  6595 D RecordingProvider: after query
09-23 18:05:46.759  6916  6916 D NativeAPIWrapper: ifRecordingIsInProgress false
09-23 18:05:46.759  6916  6916 D EuInstallerTC: setApplicationState INST_WIZARD
09-23 18:05:46.759  6916  6916 D EuInstallerTC: StopMWInstIfInstanceExists Enter 0
09-23 18:05:46.759  6916  6916 D EuInstallerTC: StopInstallation
09-23 18:05:46.759  6916  6916 D MtkATVScan_jni: Java_com_mediatek_twoworlds_tv_TVNative_isScaning_1native
09-23 18:05:46.760  6916  6916 D MtkATVScan_jni: a_am_is_channel_scan_active 0
09-23 18:05:46.760  6916  6916 D EuInstallerTC: StopMWInstIfInstanceExists Exit
09-23 18:05:46.760  6916  6916 D NativeAPIWrapper: update: action 35, message 
09-23 18:05:46.760  6916  6916 D NativeAPIWrapper: setApplicationState INST_WIZARD
09-23 18:05:46.760  6916  6916 D InstallerActivityManager: addActivityToStack: org.droidtv.euinstallertc.wizard.InstallerWizardActivity@2afaed4
09-23 18:05:46.760  6916  6916 D TvSettingsManager: p=417 getInt=0
09-23 18:05:46.761  6916  6916 D TvSettingsManager: p=39 getInt=0
09-23 18:05:46.762  6916  6916 D NativeAPIWrapper: ifVirginInstallation() false
09-23 18:05:46.762  6916  6916 D NativeAPIWrapper: NON_INTERRUPTIBLE intent enter dispatched
09-23 18:05:46.764  2560  2858 E ActivityManager: Sending non-protected broadcast org.droidtv.NON_INTERRUPTIBLE from system 6916:org.droidtv.euinstallertc:euinstallertc/1000 pkg org.droidtv.euinstallertc
09-23 18:05:46.764  2560  2858 E ActivityManager: java.lang.Throwable
09-23 18:05:46.764  2560  2858 E ActivityManager: 	at com.android.server.am.ActivityManagerService.broadcastIntentLocked(ActivityManagerService.java:18293)
09-23 18:05:46.764  2560  2858 E ActivityManager: 	at com.android.server.am.ActivityManagerService.broadcastIntent(ActivityManagerService.java:18859)
09-23 18:05:46.764  2560  2858 E ActivityManager: 	at android.app.ActivityManagerNative.onTransact(ActivityManagerNative.java:499)
09-23 18:05:46.764  2560  2858 E ActivityManager: 	at com.android.server.am.ActivityManagerService.onTransact(ActivityManagerService.java:2779)
09-23 18:05:46.764  2560  2858 E ActivityManager: 	at android.os.Binder.execTransact(Binder.java:565)
09-23 18:05:46.775  6860  6860 I UsbBreakinService: usbbreakin onReceive begin org.droidtv.NON_INTERRUPTIBLE
09-23 18:05:46.775  6860  6860 D UsbBreakinService: NON_INTERRUPTIBLE state true
09-23 18:05:46.775  7006  7006 I DemoMeVideoSyncService: mInterruptableReceiver: extra: true
09-23 18:05:46.776  7006  7006 D ApplicationClass: NON_INTERRUPT SET true
09-23 18:05:46.777  6577  6577 D PlayTvHDMIService: NON_INTERRUPTIBLE state true
09-23 18:05:46.777  6812  6812 D CIServiceBcastreceiver: onReceive: ++
09-23 18:05:46.777  6812  6812 D CIApplication: setNonInterruptState: true
09-23 18:05:46.778  6812  6812 D CIServiceBcastreceiver: onReceive: [org.droidtv.NON_INTERRUPTIBLE]Intent { act=org.droidtv.NON_INTERRUPTIBLE flg=0x10 cmp=org.droidtv.ci/.bcastreceiver.CIServiceBcastreceiver (has extras) }
09-23 18:05:46.778  6812  6812 D CIServiceBcastreceiver: onReceive: --
09-23 18:05:46.779  7381  7381 I USBBroadcastReceiver: ### onReceive called org.droidtv.NON_INTERRUPTIBLE
09-23 18:05:46.780  7381  7381 D USBBroadcastReceiver: ACTION_NON_INTERRUPTIBLE state true
09-23 18:05:46.782  6916  6916 D InstallerWizardActivity: Wizard launched from Channel Settings
09-23 18:05:46.787  7456  7456 D InstallerBootLoader: onReceive intent Intent { act=org.droidtv.NON_INTERRUPTIBLE flg=0x10 cmp=org.droidtv.euinstallersat/.brdcstreceiver.InstallerBootLoader (has extras) }
09-23 18:05:46.789  6970  6970 D GlobalKeyReceiver: NON_INTERRUPTIBLE state: true
09-23 18:05:46.792  6916  6916 D EuInstallerTC: setApplicationState INST_SETTINGS_WIZARD
09-23 18:05:46.793  6916  6916 D EuInstallerTC: StopMWInstIfInstanceExists Enter 0
09-23 18:05:46.793  6916  6916 D EuInstallerTC: StopInstallation
09-23 18:05:46.793  6916  6916 D MtkATVScan_jni: Java_com_mediatek_twoworlds_tv_TVNative_isScaning_1native
09-23 18:05:46.793  6916  6916 D MtkATVScan_jni: a_am_is_channel_scan_active 0
09-23 18:05:46.793  6916  6916 D EuInstallerTC: StopMWInstIfInstanceExists Exit
09-23 18:05:46.793  6916  6916 D NativeAPIWrapper: update: action 35, message 
09-23 18:05:46.793  6916  6916 D NativeAPIWrapper: setApplicationState INST_SETTINGS_WIZARD
09-23 18:05:46.794  6916  6916 D InstallerWizardActivity: OnCreate Exit
09-23 18:05:46.794  6916 11828 D InstallerWizardActivity: doInBackground params: INIT_UI
09-23 18:05:46.797  6916  6916 D InstallerWizardActivity: onResume
09-23 18:05:46.797  6916  6916 D NativeAPIWrapper: setApplicationContext org.droidtv.euinstallertc.wizard.InstallerWizardActivity@2afaed4
09-23 18:05:46.797  6916  6916 D NativeAPIWrapper: update: action 56, message 
09-23 18:05:46.798  6916 11829 D MtkTvAppTVBase: Enter UpdatedSysStatus
09-23 18:05:46.798  6916 11829 D MtkTvAppTVBase: ww_status:0
09-23 18:05:46.798  6916  6916 D TvSettingsManager: p=417 getInt=0
09-23 18:05:46.798  6916 11829 D TVNativeWrapper(Emu): AppTVupdatedSysStatus_native  called
09-23 18:05:46.798  6916 11829 D MtkvAPPTV_jni: Enter Java_com_mediatek_twoworlds_tv_TVNative_AppTVupdatedSysStatus_1native__I
09-23 18:05:46.798  6916 11829 D MtkvAPPTV_jni: Enter _mtktvapptv_jni_conver_ww_sysstatus_to_native_sys_status i4_ww_sys_status = 0 
09-23 18:05:46.798  6916 11829 D MtkvAPPTV_jni: JNI_APPTV_SYS_STATUS_MENU_RESUME
09-23 18:05:46.798  6916 11829 D MtkvAPPTV_jni: call a_mtktvapi_apptv_update_sys_status
09-23 18:05:46.801  6916  6916 D TvSettingsManager: p=39 getInt=0
09-23 18:05:46.801  6916  6916 D NativeAPIWrapper: ifVirginInstallation() false
09-23 18:05:46.801  6916  6916 D NativeAPIWrapper: NON_INTERRUPTIBLE intent enter dispatched
09-23 18:05:46.804  2560  9571 E ActivityManager: Sending non-protected broadcast org.droidtv.NON_INTERRUPTIBLE from system 6916:org.droidtv.euinstallertc:euinstallertc/1000 pkg org.droidtv.euinstallertc
09-23 18:05:46.804  2560  9571 E ActivityManager: java.lang.Throwable
09-23 18:05:46.804  2560  9571 E ActivityManager: 	at com.android.server.am.ActivityManagerService.broadcastIntentLocked(ActivityManagerService.java:18293)
09-23 18:05:46.804  2560  9571 E ActivityManager: 	at com.android.server.am.ActivityManagerService.broadcastIntent(ActivityManagerService.java:18859)
09-23 18:05:46.804  2560  9571 E ActivityManager: 	at android.app.ActivityManagerNative.onTransact(ActivityManagerNative.java:499)
09-23 18:05:46.804  2560  9571 E ActivityManager: 	at com.android.server.am.ActivityManagerService.onTransact(ActivityManagerService.java:2779)
09-23 18:05:46.804  2560  9571 E ActivityManager: 	at android.os.Binder.execTransact(Binder.java:565)
09-23 18:05:46.807  6860  6860 I UsbBreakinService: usbbreakin onReceive begin org.droidtv.NON_INTERRUPTIBLE
09-23 18:05:46.808  6860  6860 D UsbBreakinService: NON_INTERRUPTIBLE state true
09-23 18:05:46.808  6577  6577 D PlayTvHDMIService: NON_INTERRUPTIBLE state true
09-23 18:05:46.808  7006  7006 I DemoMeVideoSyncService: mInterruptableReceiver: extra: true
09-23 18:05:46.808  7006  7006 D ApplicationClass: NON_INTERRUPT SET true
09-23 18:05:46.815  6336  6336 D org.droidtv.xtv.xtvChannelInterface.xtvInterruptibleStateReciever: xtvInterruptibleStateReciever:Printing nonInteruuptible statetrue
09-23 18:05:46.833  6812  6812 D CIServiceBcastreceiver: onReceive: ++
09-23 18:05:46.834  6812  6812 D CIApplication: setNonInterruptState: true
09-23 18:05:46.834  6812  6812 D CIServiceBcastreceiver: onReceive: [org.droidtv.NON_INTERRUPTIBLE]Intent { act=org.droidtv.NON_INTERRUPTIBLE flg=0x10 cmp=org.droidtv.ci/.bcastreceiver.CIServiceBcastreceiver (has extras) }
09-23 18:05:46.834  6812  6812 D CIServiceBcastreceiver: onReceive: --
09-23 18:05:46.837  7381  7381 I USBBroadcastReceiver: ### onReceive called org.droidtv.NON_INTERRUPTIBLE
09-23 18:05:46.838  7381  7381 D USBBroadcastReceiver: ACTION_NON_INTERRUPTIBLE state true
09-23 18:05:46.842  7456  7456 D InstallerBootLoader: onReceive intent Intent { act=org.droidtv.NON_INTERRUPTIBLE flg=0x10 cmp=org.droidtv.euinstallersat/.brdcstreceiver.InstallerBootLoader (has extras) }
09-23 18:05:46.846  6970  6970 D GlobalKeyReceiver: NON_INTERRUPTIBLE state: true
09-23 18:05:46.852  1194  1259 E BufferQueueProducer: [org.droidtv.euinstallertc/org.droidtv.euinstallertc.wizard.InstallerWizardActivity] connect: already connected (cur=1 req=1)
09-23 18:05:46.853  6916  9773 D mali_winsys: EGLint new_window_surface(egl_winsys_display*, void*, EGLSurface, EGLConfig, egl_winsys_surface**, egl_color_buffer_format*, EGLBoolean) returns 0x3000
09-23 18:05:46.856  6916  6916 D InstallerWizardActivity: onPostExecute enter result INIT_UI
09-23 18:05:46.857  6916  6916 D InstallerWizardActivity: parentContainerView: android.widget.RelativeLayout{fee7d22 V.E...... ......ID 0,0-0,0 #7f080101 app:id/root_layout}
09-23 18:05:46.858  6916  6916 D WizardScreenManager: initWizardFlow: NORMAL_INSTALLTION
09-23 18:05:46.860  6916  6916 D WizardScreenManager: startWizardFlow
09-23 18:05:46.860  6916  6916 D WizardScreenManager: launchScreen: START_SCREEN requestedByScreen: null
09-23 18:05:46.866  6336  6336 D org.droidtv.xtv.xtvChannelInterface.xtvInterruptibleStateReciever: xtvInterruptibleStateReciever:Printing nonInteruuptible statetrue
09-23 18:05:46.869  6916  6916 D TvSettingsManager: getCountryId | Country ID: GBR   Index: 26
09-23 18:05:46.869  6916  6916 D TvSettingsManager: p=408 getInt=26
09-23 18:05:46.869  6916  6916 D NativeAPIWrapper: getSelectedCountyID() from TVSettings mTVSCselectedCountryID 26
09-23 18:05:46.871  6916  6916 D TvSettingsManager: p=59 getInt=0
09-23 18:05:46.871  6916  6916 D NativeAPIWrapper: regionBit=0
09-23 18:05:46.871  6916  6916 D NativeAPIWrapper: getSelectedCountyID() 42
09-23 18:05:46.872  6916  6916 D TvSettingsManager: p=59 getInt=0
09-23 18:05:46.872  6916  6916 D NativeAPIWrapper: regionBit=0
09-23 18:05:46.872  6916  6916 D NativeAPIWrapper: getCachedCountryID() 42
09-23 18:05:46.873  6916  6916 D NativeAPIWrapper: getCachedCountryName() UK
09-23 18:05:46.873  6916  6916 D TvSettingsManager: p=504 getInt=0
09-23 18:05:46.873  6916  6916 D NativeAPIWrapper: getSelectedDVBTOrDVBCFromTVS() DVBT
09-23 18:05:46.873  6916  6916 D NativeAPIWrapper: getDefaultDVBTOrDVBC() DVBT
09-23 18:05:46.873  6916  6916 D TvSettingsManager: p=417 getInt=0
09-23 18:05:46.874  6916  6916 D TvSettingsManager: p=39 getInt=0
09-23 18:05:46.874  6916  6916 D NativeAPIWrapper: ifVirginInstallation() false
09-23 18:05:46.874  6916  6916 D TvSettingsManager: p=417 getInt=0
09-23 18:05:46.875  6916  6916 D TvSettingsManager: p=39 getInt=0
09-23 18:05:46.875  6916  6916 D NativeAPIWrapper: ifVirginInstallation() false
09-23 18:05:46.875  6916  6916 D MtkTvChannelList: Enter getChannelCountByFilter(1,1)
09-23 18:05:46.875  6916  6916 E MtkTvChannelList_jni: ChannelList_jni: enter Java_com_mediatek_twoworlds_tv_TVNative_getChannelCountByFilter_1native.
09-23 18:05:46.875  6916  6916 D MtkTvChannelList_jni: Java_com_mediatek_twoworlds_tv_TVNative_getChannelCountByFilter_1native: svl_handle--16981895, tsl_handle--16983293...
09-23 18:05:46.875  6376  6545 D MtkTvChannelList_jni: Enter _channellist_update_nfy_fct: condition = 0x1, reason = 0x0, data = 0x3662
09-23 18:05:46.876  6376  6545 D TVCallback: DO_notifyChannelListUpdateMsg: condition = 1, reason = 0, data = 13922
09-23 18:05:46.881  7353  7365 D chAppEpgSyncThread: notifyChannelListChanged: condition=1, reason=0, data=13922
09-23 18:05:46.884  6376  6545 D MtkTvChannelList_jni: Enter _channellist_update_nfy_fct: condition = 0x2, reason = 0x0, data = 0x3662
09-23 18:05:46.885  6376  6545 D TVCallback: DO_notifyChannelListUpdateMsg: condition = 2, reason = 0, data = 13922
09-23 18:05:46.889  7353 10065 D chAppEpgSyncThread: notifyChannelListChanged: condition=2, reason=0, data=13922
09-23 18:05:46.892  6916  6916 E MtkTvChannelList_jni: ChannelList_jni: get number of svl, ret = 20...
09-23 18:05:46.892  6916  6916 D EuInstallerTC: getNoOfInstalledChannels() 20
09-23 18:05:46.892  6916  6916 D TvSettingsManager: p=504 getInt=0
09-23 18:05:46.892  6916  6916 D NativeAPIWrapper: getSelectedDVBTOrDVBCFromTVS() DVBT
09-23 18:05:46.893  6916  6916 D TvSettingsManager: getCountryId | Country ID: GBR   Index: 26
09-23 18:05:46.893  6916  6916 D TvSettingsManager: p=408 getInt=26
09-23 18:05:46.893  6916  6916 D NativeAPIWrapper: getCountryNameFromTVS() mTVSCselectedCountryID 26
09-23 18:05:46.893  6916  6916 D NativeAPIWrapper: getCountryNameFromTVS() UK
09-23 18:05:46.894  6916  6916 I TvSettingsManager: TvSettingsManagerget  MtkTvConfigType.CFG_BS_BS_CABLE_BRDCSTER =>7
09-23 18:05:46.894  6916  6916 D TvSettingsManager: p=202 getInt=7
09-23 18:05:46.894  6916  6916 D NativeAPIWrapper: getOperatorFromTVS = 7
09-23 18:05:46.894  6916  6916 D NativeAPIWrapper: countrySupportsDVBTFullorLite argCountry UK
09-23 18:05:46.894  6916  6916 D NativeAPIWrapper: countrySupportsDVBTFullorLite returnMacro DVBT_Full
09-23 18:05:46.894  6916  6916 D TvSettingsManager: getCountryId | Country ID: GBR   Index: 26
09-23 18:05:46.895  6916  6916 D TvSettingsManager: p=408 getInt=26
09-23 18:05:46.895  6916  6916 D NativeAPIWrapper: getSelectedCountyID() from TVSettings mTVSCselectedCountryID 26
09-23 18:05:46.896  6916  6916 D TvSettingsManager: p=59 getInt=0
09-23 18:05:46.896  6916  6916 D NativeAPIWrapper: regionBit=0
09-23 18:05:46.897  6916  6916 D NativeAPIWrapper: getSelectedCountyID() 42
09-23 18:05:46.897  6916  6916 D NativeAPIWrapper: ifUpdateInsatallationAvailable() true
09-23 18:05:46.898  6916  6916 D NativeAPIWrapper: muteAudio with argValue=true
09-23 18:05:46.898  6916  6916 D InstallerWizardActivity: onPostExecute exit
09-23 18:05:46.898  6916  6965 D MtkTvVolCtrl: Enter set_mute.
09-23 18:05:46.898  6916  6965 D MtkTvVolCtrl_jni: JNI vendor/mediatek/open/frameworks/twoworlds/tv/jni/com_mediatek_twoworlds_tv_MtkTvVolCtrl.c Java_com_mediatek_twoworlds_tv_TVNative_setMute_1native__Z 173
09-23 18:05:46.934  2560  2884 I ActivityManager: Displayed org.droidtv.euinstallertc/.wizard.InstallerWizardActivity: +191ms
09-23 18:05:47.088  6916  6965 D MtkTvVolCtrl: setMute_native 0
09-23 18:05:47.088  6916  6965 D MtkTvVolCtrl: Leave set_mute.
09-23 18:05:47.243  6916 11824 D MtkvAPPTV_jni: call a_mtktvapi_apptv_update_sys_status ret =  0
09-23 18:05:47.516  6826  6826 E ApplicationSwitchService: get latest foreground event.
09-23 18:05:47.516  6826  6826 D ApplicationSwitchService: AppSwitchAOSP: org.droidtv.euinstallertc
09-23 18:05:47.516  6826  6826 I ApplicationSwitchService: client size: 3
09-23 18:05:47.520  6826  6826 D ApplicationSwitchService: setSourcePQ of package name not included in SourceListMap
09-23 18:05:47.520  6826  6826 D ApplicationSwitch: Msg is 2
09-23 18:05:47.521  6826  6826 D org.droidtv.tv.tptvservice.agent.TPTvServiceAgent: onApplicationSwitch entry with: org.droidtv.euinstallertc
09-23 18:05:47.521 10087 10087 D ApplicationSwitch: Msg is 2
09-23 18:05:47.521  6826  6826 D org.droidtv.tv.tptvservice.agent.TPTvServiceAgent: onApplicationSwitch exit with: org.droidtv.euinstallertc
09-23 18:05:47.521  6812  6812 D ApplicationSwitch: Msg is 2
09-23 18:05:47.521  6812  6812 D CIService: onApplicationSwitch entry with: org.droidtv.euinstallertc
09-23 18:05:47.521  6812  6812 D CIApplication: setAppSwitchName: org.droidtv.euinstallertc
09-23 18:05:47.521  6812  6812 D CIService: onApplicationSwitch exit with: org.droidtv.euinstallertc
09-23 18:05:47.735  6336  6336 I System.out: xtvService handle nsd register task.
09-23 18:05:47.736  6336  6336 I System.out: org.droidtv.xtv.xtvnsd.xtvnsdserver registerNsd: will try to register nsd service 3 second later
09-23 18:05:47.745  6916 11829 D MtkvAPPTV_jni: call a_mtktvapi_apptv_update_sys_status ret =  0
09-23 18:05:47.759  6376  6545 D MtkTvHighLevel_jni: _highlevel_nfy_fct callback_type=0, pv_tag=0x457, arg=0x2,0x1,0x0,0x0
09-23 18:05:47.760  6376  6545 D TVCallback: notifyNativeAppStatus nativeAppId=2 show=true
09-23 18:05:47.771  6376  6545 D MtkTvHighLevel_jni: _highlevel_nfy_fct callback_type=0, pv_tag=0x457, arg=0x2,0x0,0x0,0x0
09-23 18:05:47.772  6376  6545 D TVCallback: notifyNativeAppStatus nativeAppId=2 show=false
09-23 18:05:49.450  6826  6826 I org.droidtv.tv.tptvservice.agent.TPTvServiceAgent: User activity
09-23 18:05:49.450  6826  6826 E KeyInputDevice: [KeyLog] key:352 2 0 1 TPTvServiceAgent$6
09-23 18:05:49.450  6826  6826 D TvInactivityService: UserActivity
09-23 18:05:49.450  6826  6826 I TvInactivityService: Reset Timer org.droidtv.tv.inactivitytimer.TvInactivityService$ClientInfo$1@90e2144
09-23 18:05:49.450  6892  6892 D NettvLoggerLocalService: usagelogger LogKeyPressEvent event.getKeyCode()=23 mBinder=org.droidtv.usagelogger.ILoggerImpl$Proxy@dbcf505
09-23 18:05:49.450  6826  6826 D TimerImpl: resetTimer
09-23 18:05:49.450  6826  6826 D TimerImpl: startTimer
09-23 18:05:49.450  6826  6826 I TvInactivityService: Reset Timer org.droidtv.tv.inactivitytimer.TvInactivityService$ClientInfo$1@7bf122d
09-23 18:05:49.450  6826  6826 D TimerImpl: resetTimer
09-23 18:05:49.450  6826  6826 D TimerImpl: startTimer
09-23 18:05:49.450  6826  6826 I TvInactivityService: Reset Timer org.droidtv.tv.inactivitytimer.TvInactivityService$ClientInfo$1@bd5797b
09-23 18:05:49.450  6892  6892 E KeyInputDevice: [KeyLog] key:352 2 0 1 NettvLoggerLocalService$1
09-23 18:05:49.450  6826  6826 D TimerImpl: resetTimer
09-23 18:05:49.450  6826  6826 D TimerImpl: startTimer
09-23 18:05:49.451  6892  6913 D TvSettingsManager: p=314 getInt=4381080
09-23 18:05:49.451  1203  1203 D MTK_KL  : <4>[  382.536627] [0x4] KEY 0x4f000 map to 352 2 0 1
09-23 18:05:49.451  6892  6913 D TvSettingsManager: p=315 getInt=12720
09-23 18:05:49.458  6892  6913 D CulAccessibilityUtil: usagelogger isTouStatusAccepted:false
09-23 18:05:49.467  6892  6913 D CulAccessibilityUtil: usagelogger getLogServerURL url=null
09-23 18:05:49.467  6892  6913 D NettvLoggerService: usagelogger LogEvent Event_id=15 Eventdata=device_name=0;key_group=6 timestamp=378444 mPrevPowerState=3 operatingMins=73230
09-23 18:05:49.872  6826  6826 E KeyInputDevice: [KeyLog] key:352 2 0 0 TPTvServiceAgent$6
09-23 18:05:49.872  6892  6892 E KeyInputDevice: [KeyLog] key:352 2 0 0 NettvLoggerLocalService$1
09-23 18:05:49.872  6191  6191 D EmojiAltPhysicalKeyDetector: onKeyUp() : KeyEvent { action=ACTION_UP, keyCode=KEYCODE_DPAD_CENTER, scanCode=352, metaState=0, flags=0x8, repeatCount=0, eventTime=378865, downTime=378442, deviceId=4, source=0x301 }
09-23 18:05:49.872  6191  6191 D EmojiAltPhysicalKeyDetector: onKeyUp() : Not Mapped: 23
09-23 18:05:49.873  6916  6916 D TvSettingsManager: p=417 getInt=0
09-23 18:05:49.874  6916  6916 D TvSettingsManager: p=39 getInt=0
09-23 18:05:49.874  6916  6916 D NativeAPIWrapper: ifVirginInstallation() false
09-23 18:05:49.875  6916  6916 D MtkTvChannelList: Enter getChannelCountByFilter(1,1)
09-23 18:05:49.875  6916  6916 E MtkTvChannelList_jni: ChannelList_jni: enter Java_com_mediatek_twoworlds_tv_TVNative_getChannelCountByFilter_1native.
09-23 18:05:49.875  6916  6916 D MtkTvChannelList_jni: Java_com_mediatek_twoworlds_tv_TVNative_getChannelCountByFilter_1native: svl_handle--16981895, tsl_handle--16983293...
09-23 18:05:49.875  6376  6545 D MtkTvChannelList_jni: Enter _channellist_update_nfy_fct: condition = 0x1, reason = 0x0, data = 0x3662
09-23 18:05:49.876  6376  6545 D TVCallback: DO_notifyChannelListUpdateMsg: condition = 1, reason = 0, data = 13922
09-23 18:05:49.876  1203  1203 D MTK_KL  : <4>[  382.958888] [0x4] KEY 0x4f000 map to 352 2 0 0
09-23 18:05:49.881  7353 10065 D chAppEpgSyncThread: notifyChannelListChanged: condition=1, reason=0, data=13922
09-23 18:05:49.883  6376  6545 D MtkTvChannelList_jni: Enter _channellist_update_nfy_fct: condition = 0x2, reason = 0x0, data = 0x3662
09-23 18:05:49.884  6376  6545 D TVCallback: DO_notifyChannelListUpdateMsg: condition = 2, reason = 0, data = 13922
09-23 18:05:49.888  7353  7366 D chAppEpgSyncThread: notifyChannelListChanged: condition=2, reason=0, data=13922
09-23 18:05:49.890  6916  6916 E MtkTvChannelList_jni: ChannelList_jni: get number of svl, ret = 20...
09-23 18:05:49.891  6916  6916 D EuInstallerTC: getNoOfInstalledChannels() 20
09-23 18:05:49.891  6916  6916 D TvSettingsManager: p=504 getInt=0
09-23 18:05:49.891  6916  6916 D NativeAPIWrapper: getSelectedDVBTOrDVBCFromTVS() DVBT
09-23 18:05:49.891  6916  6916 D TvSettingsManager: getCountryId | Country ID: GBR   Index: 26
09-23 18:05:49.891  6916  6916 D TvSettingsManager: p=408 getInt=26
09-23 18:05:49.892  6916  6916 D NativeAPIWrapper: getCountryNameFromTVS() mTVSCselectedCountryID 26
09-23 18:05:49.892  6916  6916 D NativeAPIWrapper: getCountryNameFromTVS() UK
09-23 18:05:49.893  6916  6916 I TvSettingsManager: TvSettingsManagerget  MtkTvConfigType.CFG_BS_BS_CABLE_BRDCSTER =>7
09-23 18:05:49.893  6916  6916 D TvSettingsManager: p=202 getInt=7
09-23 18:05:49.893  6916  6916 D NativeAPIWrapper: getOperatorFromTVS = 7
09-23 18:05:49.893  6916  6916 D NativeAPIWrapper: countrySupportsDVBTFullorLite argCountry UK
09-23 18:05:49.893  6916  6916 D NativeAPIWrapper: countrySupportsDVBTFullorLite returnMacro DVBT_Full
09-23 18:05:49.893  6916  6916 D TvSettingsManager: getCountryId | Country ID: GBR   Index: 26
09-23 18:05:49.893  6916  6916 D TvSettingsManager: p=408 getInt=26
09-23 18:05:49.893  6916  6916 D NativeAPIWrapper: getSelectedCountyID() from TVSettings mTVSCselectedCountryID 26
09-23 18:05:49.896  6916  6916 D TvSettingsManager: p=59 getInt=0
09-23 18:05:49.896  6916  6916 D NativeAPIWrapper: regionBit=0
09-23 18:05:49.896  6916  6916 D NativeAPIWrapper: getSelectedCountyID() 42
09-23 18:05:49.897  6916  6916 D NativeAPIWrapper: ifUpdateInsatallationAvailable() true
09-23 18:05:49.897  6916  6916 D WizardScreenManager: launchScreen: REINSTALL_SCREEN requestedByScreen: START_SCREEN
09-23 18:05:49.904  6916  6916 I TvSettingsManager: TvSettingsManagerget  MtkTvConfigType.CFG_BS_BS_CABLE_BRDCSTER =>7
09-23 18:05:49.904  6916  6916 D TvSettingsManager: p=202 getInt=7
09-23 18:05:49.904  6916  6916 D NativeAPIWrapper: getOperatorFromTVS = 7
09-23 18:05:49.905  6916  6916 D TvSettingsManager: p=504 getInt=0
09-23 18:05:49.905  6916  6916 D NativeAPIWrapper: getSelectedDVBTOrDVBCFromTVS() DVBT
09-23 18:05:49.905  6916  6916 D NativeAPIWrapper:  ifUpdateInstallationSupported = true
09-23 18:05:50.736  6336  6336 I System.out: xtvService handle nsd register task.
09-23 18:05:50.737  6336  6336 I System.out: org.droidtv.xtv.xtvnsd.xtvnsdserver registerNsd: will try to register nsd service 3 second later
09-23 18:05:50.866  1203  1203 D MTK_KL  : <4>[  383.953702] [0x3] KEY 0x3f003 map to 108 2 0 1
09-23 18:05:50.867  6826  6826 I org.droidtv.tv.tptvservice.agent.TPTvServiceAgent: User activity
09-23 18:05:50.867  6826  6826 E KeyInputDevice: [KeyLog] key:108 2 0 1 TPTvServiceAgent$6
09-23 18:05:50.867  6826  6826 D TvInactivityService: UserActivity
09-23 18:05:50.867  6826  6826 I TvInactivityService: Reset Timer org.droidtv.tv.inactivitytimer.TvInactivityService$ClientInfo$1@90e2144
09-23 18:05:50.867  6826  6826 D TimerImpl: resetTimer
09-23 18:05:50.867  6892  6892 D NettvLoggerLocalService: usagelogger LogKeyPressEvent event.getKeyCode()=20 mBinder=org.droidtv.usagelogger.ILoggerImpl$Proxy@dbcf505
09-23 18:05:50.867  6826  6826 D TimerImpl: startTimer
09-23 18:05:50.867  6826  6826 I TvInactivityService: Reset Timer org.droidtv.tv.inactivitytimer.TvInactivityService$ClientInfo$1@7bf122d
09-23 18:05:50.867  6826  6826 D TimerImpl: resetTimer
09-23 18:05:50.867  6892  6892 E KeyInputDevice: [KeyLog] key:108 2 0 1 NettvLoggerLocalService$1
09-23 18:05:50.867  6826  6826 D TimerImpl: startTimer
09-23 18:05:50.867  6826  6826 I TvInactivityService: Reset Timer org.droidtv.tv.inactivitytimer.TvInactivityService$ClientInfo$1@bd5797b
09-23 18:05:50.867  6826  6826 D TimerImpl: resetTimer
09-23 18:05:50.868  6826  6826 D TimerImpl: startTimer
09-23 18:05:50.868  6892  6913 D TvSettingsManager: p=314 getInt=4381080
09-23 18:05:50.868  6892  6913 D TvSettingsManager: p=315 getInt=12720
09-23 18:05:50.876  6892  6913 D CulAccessibilityUtil: usagelogger isTouStatusAccepted:false
09-23 18:05:50.879  2560  7455 I ActivityManager: Killing 8029:android.process.media/u0a9 (adj 906): empty #17
09-23 18:05:50.888  6892  6913 D CulAccessibilityUtil: usagelogger getLogServerURL url=null
09-23 18:05:50.888  6892  6913 D NettvLoggerService: usagelogger LogEvent Event_id=15 Eventdata=device_name=0;key_group=6 timestamp=379861 mPrevPowerState=3 operatingMins=73230
09-23 18:05:50.933  2560  7397 D ActivityManager: cleanUpApplicationRecord -- 8029
09-23 18:05:51.077  6826  6826 E KeyInputDevice: [KeyLog] key:108 2 0 0 TPTvServiceAgent$6
09-23 18:05:51.077  6892  6892 E KeyInputDevice: [KeyLog] key:108 2 0 0 NettvLoggerLocalService$1
09-23 18:05:51.077  6191  6191 D EmojiAltPhysicalKeyDetector: onKeyUp() : KeyEvent { action=ACTION_UP, keyCode=KEYCODE_DPAD_DOWN, scanCode=108, metaState=0, flags=0x8, repeatCount=0, eventTime=380070, downTime=379859, deviceId=4, source=0x301 }
09-23 18:05:51.077  6191  6191 D EmojiAltPhysicalKeyDetector: onKeyUp() : Not Mapped: 20
09-23 18:05:51.081  1203  1203 D MTK_KL  : <4>[  384.163906] [0x3] KEY 0x3f003 map to 108 2 0 0
09-23 18:05:51.193  6826  6826 I org.droidtv.tv.tptvservice.agent.TPTvServiceAgent: User activity
09-23 18:05:51.193  6826  6826 E KeyInputDevice: [KeyLog] key:108 2 0 1 TPTvServiceAgent$6
09-23 18:05:51.193  6826  6826 D TvInactivityService: UserActivity
09-23 18:05:51.193  6826  6826 I TvInactivityService: Reset Timer org.droidtv.tv.inactivitytimer.TvInactivityService$ClientInfo$1@90e2144
09-23 18:05:51.193  6826  6826 D TimerImpl: resetTimer
09-23 18:05:51.193  6826  6826 D TimerImpl: startTimer
09-23 18:05:51.193  6826  6826 I TvInactivityService: Reset Timer org.droidtv.tv.inactivitytimer.TvInactivityService$ClientInfo$1@7bf122d
09-23 18:05:51.193  6826  6826 D TimerImpl: resetTimer
09-23 18:05:51.193  6892  6892 D NettvLoggerLocalService: usagelogger LogKeyPressEvent event.getKeyCode()=20 mBinder=org.droidtv.usagelogger.ILoggerImpl$Proxy@dbcf505
09-23 18:05:51.193  6826  6826 D TimerImpl: startTimer
09-23 18:05:51.194  6826  6826 I TvInactivityService: Reset Timer org.droidtv.tv.inactivitytimer.TvInactivityService$ClientInfo$1@bd5797b
09-23 18:05:51.194  6826  6826 D TimerImpl: resetTimer
09-23 18:05:51.194  6826  6826 D TimerImpl: startTimer
09-23 18:05:51.194  6892  6892 E KeyInputDevice: [KeyLog] key:108 2 0 1 NettvLoggerLocalService$1
09-23 18:05:51.195  6892  6913 D TvSettingsManager: p=314 getInt=4381080
09-23 18:05:51.195  6892  6913 D TvSettingsManager: p=315 getInt=12720
09-23 18:05:51.196  1203  1203 D MTK_KL  : <4>[  384.279853] [0x3] KEY 0x3f003 map to 108 2 0 1
09-23 18:05:51.206  6892  6913 D CulAccessibilityUtil: usagelogger isTouStatusAccepted:false
09-23 18:05:51.215  6892  6913 D CulAccessibilityUtil: usagelogger getLogServerURL url=null
09-23 18:05:51.215  6892  6913 D NettvLoggerService: usagelogger LogEvent Event_id=15 Eventdata=device_name=0;key_group=6 timestamp=380187 mPrevPowerState=3 operatingMins=73230
09-23 18:05:51.407  6826  6826 E KeyInputDevice: [KeyLog] key:108 2 0 0 TPTvServiceAgent$6
09-23 18:05:51.409  6191  6191 D EmojiAltPhysicalKeyDetector: onKeyUp() : KeyEvent { action=ACTION_UP, keyCode=KEYCODE_DPAD_DOWN, scanCode=108, metaState=0, flags=0x8, repeatCount=0, eventTime=380400, downTime=380186, deviceId=4, source=0x301 }
09-23 18:05:51.409  6892  6892 E KeyInputDevice: [KeyLog] key:108 2 0 0 NettvLoggerLocalService$1
09-23 18:05:51.409  6191  6191 D EmojiAltPhysicalKeyDetector: onKeyUp() : Not Mapped: 20
09-23 18:05:51.411  1203  1203 D MTK_KL  : <4>[  384.493918] [0x3] KEY 0x3f003 map to 108 2 0 0
09-23 18:05:51.444  6916  6921 I art     : Do full code cache collection, code=75KB, data=126KB
09-23 18:05:51.445  6916  6921 I art     : After code cache collection, code=74KB, data=93KB
09-23 18:05:51.672  2560  2560 V HotPlugDetectionAction: Poll all devices.
09-23 18:05:53.467  2560  2560 D HDMI    : [P]:AllocatedAddress=[]
09-23 18:05:53.737  6336  6336 I System.out: xtvService handle nsd register task.
09-23 18:05:53.737  6336  6336 I System.out: org.droidtv.xtv.xtvnsd.xtvnsdserver registerNsd: will try to register nsd service 3 second later
09-23 18:05:55.226  1203  1203 D MTK_KL  : 
