09-23 18:05:55.316  1203  1203 D MTK_KL  : <6>[  388.402788] android_work: sent uevent USB_STATE=CONNECTED
09-23 18:05:55.321  1203  1203 D MTK_KL  : <6>[  388.407310] android_work: sent uevent USB_STATE=DISCONNECTED
09-23 18:05:55.426  1203  1203 D MTK_KL  : <6>[  388.511385] android_work: sent uevent USB_STATE=CONNECTED
09-23 18:05:55.446  1203  1203 D MTK_KL  : <6>[  388.532769] android_usb gadget: high-speed config #1: android
09-23 18:05:55.446  1203  1203 D MTK_KL  : <6>[  388.533284] android_work: sent uevent USB_STATE=CONFIGURED
09-23 18:05:55.458  2560  2861 I ActivityManager: Start proc 11984:android.process.media/u0a9 for broadcast com.android.providers.media/.MtpReceiver
09-23 18:05:55.486 11984 11984 W System  : ClassLoader referenced unknown path: /system/priv-app/MediaProvider/lib/arm
09-23 18:05:55.510 11984 11984 W System  : ClassLoader referenced unknown path: /system/priv-app/DownloadProvider/lib/arm
09-23 18:05:55.583  2560  7397 I ActivityManager: Killing 9519:com.google.android.onetimeinitializer/u0a14 (adj 906): empty #17
09-23 18:05:55.607  2560  9570 D ActivityManager: cleanUpApplicationRecord -- 9519
09-23 18:05:56.193  2560  6492 D UsbDebuggingManager: Received public key: QAAAAMPujtQVTu2TzravzDJQMKsmqlcXzCE9W+g4dxSOwfE9eqtekOV2wU34INn+IKpoMXahB/CiQrfapFosddhm15Cpt5CCHBI6tXudEqublhQeVGB1whBaOQSjwdRrIx2YAXT6uSd7ReZmeCRLK/40juB9ebrEiv3nv1f49kylk1dehGwm8hYoaUPRtNxjzDL9m5TAbLaE0V8Im4SyJqElKEm5rncIVB3p6qpQFYoZRlNnkhmfzDzeD1fktCpdwd75aKHT2ZmmLrUv5s1I38OraiONGvFMN1sETGN4Ydqvn9fvEFOOXzYR6YYJ6L3t5gc6rCS8iudsNHdCE3korSxgu2jNtnPU09ZdPaSekWtQs+cmOANnpB6fjZ3RX73KJC1MfHyjhtC0B2f6ldCCzDxJqsiqB1QTMdYkWgQdxhipDNkrLQwqh8n9AUg9oaF9hYo89MQLDZknT46BcyarpwqvS6YzTW8PpyKRN0EkcejQ9iX3y+io6+nK2TYxMb3SzhlwhqTtDyRU92ZxqOrygKA7UmH3S3z23f5ZmrsU4kSXAlb7DUPbnkbQ/wb+vTD3LgExqg8bPd38sZjsat0fE4s1ZRZ82iNOPTSQqUSHM/luR7Q4LSipRQmwsxcjalNdoL8qfia9mS+jWl4REmoJ5Hdn9LuFi6SyhuT2lhTRw/36loHm6hQviwEAAQA= unknown@unknown
09-23 18:05:56.194  2560  2882 I ActivityManager: START u0 {flg=0x10000000 cmp=com.android.systemui/.usb.UsbDebuggingActivity (has extras)} from uid 1000 on display 0
09-23 18:05:56.204  6916  6916 D InstallerWizardActivity: onPause
09-23 18:05:56.205  6916  6916 D NativeAPIWrapper: update: action 55, message 
09-23 18:05:56.206  6916 12017 D MtkTvAppTVBase: Enter UpdatedSysStatus
09-23 18:05:56.207  6916 12017 D MtkTvAppTVBase: ww_status:1
09-23 18:05:56.207  6916 12017 D TVNativeWrapper(Emu): AppTVupdatedSysStatus_native  called
09-23 18:05:56.207  6916 12017 D MtkvAPPTV_jni: Enter Java_com_mediatek_twoworlds_tv_TVNative_AppTVupdatedSysStatus_1native__I
09-23 18:05:56.207  6916 12017 D MtkvAPPTV_jni: Enter _mtktvapptv_jni_conver_ww_sysstatus_to_native_sys_status i4_ww_sys_status = 1 
09-23 18:05:56.207  6916 12017 D MtkvAPPTV_jni: JNI_APPTV_SYS_STATUS_MENU_PAUSE
09-23 18:05:56.207  6916 12017 D MtkvAPPTV_jni: call a_mtktvapi_apptv_update_sys_status
09-23 18:05:56.207  6916  6916 D TvSettingsManager: p=417 getInt=0
09-23 18:05:56.209  6916  6916 D TvSettingsManager: p=39 getInt=0
09-23 18:05:56.209  6916  6916 D NativeAPIWrapper: ifVirginInstallation() false
09-23 18:05:56.209  6916  6916 D NativeAPIWrapper: NON_INTERRUPTIBLE intent exit dispatched
09-23 18:05:56.210  2560  7454 E ActivityManager: Sending non-protected broadcast org.droidtv.NON_INTERRUPTIBLE from system 6916:org.droidtv.euinstallertc:euinstallertc/1000 pkg org.droidtv.euinstallertc
09-23 18:05:56.210  2560  7454 E ActivityManager: java.lang.Throwable
09-23 18:05:56.210  2560  7454 E ActivityManager: 	at com.android.server.am.ActivityManagerService.broadcastIntentLocked(ActivityManagerService.java:18293)
09-23 18:05:56.210  2560  7454 E ActivityManager: 	at com.android.server.am.ActivityManagerService.broadcastIntent(ActivityManagerService.java:18859)
09-23 18:05:56.210  2560  7454 E ActivityManager: 	at android.app.ActivityManagerNative.onTransact(ActivityManagerNative.java:499)
09-23 18:05:56.210  2560  7454 E ActivityManager: 	at com.android.server.am.ActivityManagerService.onTransact(ActivityManagerService.java:2779)
09-23 18:05:56.210  2560  7454 E ActivityManager: 	at android.os.Binder.execTransact(Binder.java:565)
09-23 18:05:56.225  6577  6577 D PlayTvHDMIService: NON_INTERRUPTIBLE state false
09-23 18:05:56.226  6860  6860 I UsbBreakinService: usbbreakin onReceive begin org.droidtv.NON_INTERRUPTIBLE
09-23 18:05:56.226  7006  7006 I DemoMeVideoSyncService: mInterruptableReceiver: extra: false
09-23 18:05:56.227  7006  7006 I DemoMeVideoSyncService: startDemoInactivityTimer
09-23 18:05:56.227  7006  7006 I DemoMeVideoSyncService: cancelDemoInactivityTimer
09-23 18:05:56.227  7006  7006 D TvInactivityTimer: Registering timer for 30000 millisec
09-23 18:05:56.227  6826  6826 D TvInactivityService: Cancelling the timer
09-23 18:05:56.227  6860  6860 D UsbBreakinService: NON_INTERRUPTIBLE state false
09-23 18:05:56.227  6826  6826 D TvInactivityService: Cancelling timer
09-23 18:05:56.227  6826  6826 D TimerImpl: StopTimer
09-23 18:05:56.228  6812  6812 D CIServiceBcastreceiver: onReceive: ++
09-23 18:05:56.228  6826  6826 D TvInactivityService: Cancel the timer
09-23 18:05:56.228  6812  6812 D CIApplication: setNonInterruptState: false
09-23 18:05:56.228  6812  6812 D CIServiceBcastreceiver: onReceive: [org.droidtv.NON_INTERRUPTIBLE]Intent { act=org.droidtv.NON_INTERRUPTIBLE flg=0x10 cmp=org.droidtv.ci/.bcastreceiver.CIServiceBcastreceiver (has extras) }
09-23 18:05:56.228  6812  6812 D CIServiceBcastreceiver: onReceive: --
09-23 18:05:56.228  7006  7006 D TvInactivityTimer: mService android.os.Messenger@90e2144
09-23 18:05:56.229  7006  7006 D TvInactivityTimer: User activity
09-23 18:05:56.230  7006  7006 D ApplicationClass: NON_INTERRUPT SET false
09-23 18:05:56.230  7006  7006 I Esticker:  EstickerAutomatorService : Cancelling InactivityTimer 
09-23 18:05:56.230  7006  7006 D TvInactivityTimer: Registering timer for 31000 millisec
09-23 18:05:56.231  6826  6826 D TimerImpl: startTimer
09-23 18:05:56.231  7006  7006 D TvInactivityTimer: mService android.os.Messenger@90e2144
09-23 18:05:56.231  6826  6826 D TvInactivityService: Adding the client2 timeout/demome_01
09-23 18:05:56.231  7381  7381 I USBBroadcastReceiver: ### onReceive called org.droidtv.NON_INTERRUPTIBLE
09-23 18:05:56.232  7006  7006 D TvInactivityTimer: User activity
09-23 18:05:56.232  6826  6826 D TvInactivityService: Cancelling the timer
09-23 18:05:56.232  7381  7381 D USBBroadcastReceiver: ACTION_NON_INTERRUPTIBLE state false
09-23 18:05:56.232  6826  6826 D TvInactivityService: Cancelling timer
09-23 18:05:56.232  6826  6826 D TimerImpl: StopTimer
09-23 18:05:56.232  6826  6826 D TvInactivityService: Cancel the timer
09-23 18:05:56.233  6826  6826 D TimerImpl: startTimer
09-23 18:05:56.233  6826  6826 D TvInactivityService: Adding the client2 timeout/esticker_01
09-23 18:05:56.248  7456  7456 D InstallerBootLoader: onReceive intent Intent { act=org.droidtv.NON_INTERRUPTIBLE flg=0x10 cmp=org.droidtv.euinstallersat/.brdcstreceiver.InstallerBootLoader (has extras) }
09-23 18:05:56.254  6970  6970 D GlobalKeyReceiver: NON_INTERRUPTIBLE state: false
09-23 18:05:56.303  6336  6336 D org.droidtv.xtv.xtvChannelInterface.xtvInterruptibleStateReciever: xtvInterruptibleStateReciever:Printing nonInteruuptible statefalse
09-23 18:05:56.363  6336  6336 D xtvService: packageName: com.android.systemui
09-23 18:05:56.363  6336  6336 D xtvService: AppSwitchNotification in xtv: returning true
09-23 18:05:56.364  6336  6336 D org.droidtv.xtv.xtvUtility.xtvUtilities: getCurrentApplication: Has a valid class and package name
09-23 18:05:56.364  6336  6336 D org.droidtv.xtv.xtvNotify.xtvNotifyHelper: notifyReceived:Inside notifyReceived of xtvNotifyHelper
09-23 18:05:56.365  6336  6336 D org.droidtv.xtv.xtvNotify.xtvNotifyWrapper: isNotifyEnabled[10]: false
09-23 18:05:56.365  6336  6336 D org.droidtv.xtv.xtvNotify.xtvNotifyWrapper: isNotifyEnabled[10]: false
09-23 18:05:56.365  6336  6336 D org.droidtv.xtv.xtvNotify.xtvNotifyWrapper: isNotifyEnabled[10]: false
09-23 18:05:56.365  6336  6336 D org.droidtv.xtv.xtvNotify.xtvNotifyWrapper: isNotifyEnabled[10]: false
09-23 18:05:56.365  6336  6336 D org.droidtv.xtv.xtvNotify.xtvNotifyWrapper: isNotifyEnabled[10]: false
09-23 18:05:56.365  6336  6336 D org.droidtv.xtv.xtvNotify.xtvNotifyWrapper: isNotifyEnabled[10]: false
09-23 18:05:56.365  6336  6336 D org.droidtv.xtv.xtvNotify.xtvNotifyWrapper: isNotifyEnabled[10]: false
09-23 18:05:56.366  6336  6336 D org.droidtv.xtv.xtvNotify.xtvNotifyWrapper: isNotifyEnabled[10]: false
09-23 18:05:56.366  6336  6336 D org.droidtv.xtv.xtvNotify.xtvNotifyWrapper: isNotifyEnabled[10]: false
09-23 18:05:56.366  6336  6336 D org.droidtv.xtv.xtvNotify.xtvNotifyWrapper: isNotifyEnabled[10]: false
09-23 18:05:56.366  6336  6336 D org.droidtv.xtv.xtvNotify.xtvNotifyWrapper: isNotifyEnabled[10]: false
09-23 18:05:56.366  6336  6336 D org.droidtv.xtv.xtvNotify.xtvNotifyWrapper: isNotifyEnabled[10]: false
09-23 18:05:56.369  6227  6363 I OpenGLRenderer: Initialized EGL, version 1.4
09-23 18:05:56.369  6227  6363 D OpenGLRenderer: Swap behavior 1
09-23 18:05:56.376  1194  1259 E BufferQueueProducer: [com.android.systemui/com.android.systemui.usb.UsbDebuggingActivity] connect: already connected (cur=1 req=1)
09-23 18:05:56.377  6227  6363 D mali_winsys: EGLint new_window_surface(egl_winsys_display*, void*, EGLSurface, EGLConfig, egl_winsys_surface**, egl_color_buffer_format*, EGLBoolean) returns 0x3000
09-23 18:05:56.527  6826  6826 E ApplicationSwitchService: get latest foreground event.
09-23 18:05:56.528  6826  6826 D ApplicationSwitchService: AppSwitchAOSP: com.android.systemui
09-23 18:05:56.528  6826  6826 I ApplicationSwitchService: client size: 3
09-23 18:05:56.533  6826  6826 D ApplicationSwitchService: setSourcePQ of package name not included in SourceListMap
09-23 18:05:56.533  6826  6826 D ApplicationSwitch: Msg is 2
09-23 18:05:56.533  6812  6812 D ApplicationSwitch: Msg is 2
09-23 18:05:56.534  6812  6812 D CIService: onApplicationSwitch entry with: com.android.systemui
09-23 18:05:56.534  6812  6812 D CIApplication: setAppSwitchName: com.android.systemui
09-23 18:05:56.534  6812  6812 D CIService: onApplicationSwitch exit with: com.android.systemui
09-23 18:05:56.534 10087 10087 D ApplicationSwitch: Msg is 2
09-23 18:05:56.534  6826  6826 D org.droidtv.tv.tptvservice.agent.TPTvServiceAgent: onApplicationSwitch entry with: com.android.systemui
09-23 18:05:56.534  6826  6826 D org.droidtv.tv.tptvservice.agent.TPTvServiceAgent: onApplicationSwitch exit with: com.android.systemui
09-23 18:05:56.574  2560  2884 I ActivityManager: Displayed com.android.systemui/.usb.UsbDebuggingActivity: +339ms
09-23 18:05:56.708  6916 12017 D MtkvAPPTV_jni: call a_mtktvapi_apptv_update_sys_status ret =  0
09-23 18:05:56.727  6376  6545 D MtkTvHighLevel_jni: _highlevel_nfy_fct callback_type=0, pv_tag=0x457, arg=0x2,0x1,0x0,0x0
09-23 18:05:56.728  6376  6545 D TVCallback: notifyNativeAppStatus nativeAppId=2 show=true
09-23 18:05:56.738  6336  6336 I System.out: xtvService handle nsd register task.
09-23 18:05:56.740  6336  6336 I System.out: org.droidtv.xtv.xtvnsd.xtvnsdserver registerNsd: will try to register nsd service 3 second later
09-23 18:05:58.727  6376  6545 D MtkTvScreenSaver_jni: Enter _ScreenSaver_msg_notify_fct: i4_callback_type = 2
09-23 18:05:58.727  6376  6545 D TVCallback: (From JNI)notifyScreenSaverMessage=2
09-23 18:05:59.740  6336  6336 I System.out: xtvService handle nsd register task.
09-23 18:05:59.741  6336  6336 I System.out: org.droidtv.xtv.xtvnsd.xtvnsdserver registerNsd: will try to register nsd service 3 second later
09-23 18:06:00.002  2560  2560 I ActivityManager: Killing 9418:com.android.defcontainer/u0a8 (adj 906): empty #17
09-23 18:06:00.003  7367  7367 E TimeMsgProcess: {DT}sync time zone from android to linux . msgTpye:6
09-23 18:06:00.003  7367  7367 D MtkTvTime: isTimeZoneEditable 
09-23 18:06:00.006  6413  6413 I DateTimeView: onReceive: Intent action: android.intent.action.TIME_TICK
09-23 18:06:00.006  7367  7367 D MtkTvTime_jni: native_isTimeZoneEditable = 1
09-23 18:06:00.007  7367  7367 D MtkTvTime: getTimeZone 
09-23 18:06:00.007  7367  7367 D MtkTvTime_jni: native_getTimeZone = 0
09-23 18:06:00.007  7367  7367 D MtkTvTime_jni: native_getTimeOffset = 3600
09-23 18:06:00.007  7367  7367 D TimeMsgProcess: no need to sync time zone from Android to Linux, timeZoneOffset=0, dstOffset=3600
09-23 18:06:00.009  6916  6916 I DateTimeView: onReceive: Intent action: android.intent.action.TIME_TICK
09-23 18:06:00.013  2560  7431 D ActivityManager: cleanUpApplicationRecord -- 9418
09-23 18:06:00.506  6413  6413 I DateTimeView: updateTime begin
09-23 18:06:00.507  6413  6413 I DateTimeView: updateTime end: Text: 18:06 Thursday, 23 Sep
09-23 18:06:00.509  6916  6916 I DateTimeView: updateTime begin
09-23 18:06:00.511  6916  6916 I DateTimeView: updateTime end: Text: 18:06 Thursday, 23 Sep
09-23 18:06:02.741  6336  6336 I System.out: xtvService handle nsd register task.
09-23 18:06:02.742  6336  6336 I System.out: org.droidtv.xtv.xtvnsd.xtvnsdserver registerNsd: will try to register nsd service 3 second later
09-23 18:06:05.741  6336  6336 I System.out: xtvService handle nsd register task.
09-23 18:06:05.742  6336  6336 I System.out: org.droidtv.xtv.xtvnsd.xtvnsdserver registerNsd: will try to register nsd service 3 second later
09-23 18:06:06.677  2560  2560 V HotPlugDetectionAction: Poll all devices.
09-23 18:06:07.304  6826  6826 I org.droidtv.tv.tptvservice.agent.TPTvServiceAgent: User activity
09-23 18:06:07.305  6826  6826 E KeyInputDevice: [KeyLog] key:352 2 0 1 TPTvServiceAgent$6
09-23 18:06:07.305  6826  6826 D TvInactivityService: UserActivity
09-23 18:06:07.305  6826  6826 I TvInactivityService: Reset Timer org.droidtv.tv.inactivitytimer.TvInactivityService$ClientInfo$1@fb2a362
09-23 18:06:07.305  6826  6826 D TimerImpl: resetTimer
09-23 18:06:07.305  6826  6826 D TimerImpl: startTimer
09-23 18:06:07.305  6826  6826 I TvInactivityService: Reset Timer org.droidtv.tv.inactivitytimer.TvInactivityService$ClientInfo$1@ca39cf3
09-23 18:06:07.306  6826  6826 D TimerImpl: resetTimer
09-23 18:06:07.306  6826  6826 D TimerImpl: startTimer
09-23 18:06:07.306  6826  6826 I TvInactivityService: Reset Timer org.droidtv.tv.inactivitytimer.TvInactivityService$ClientInfo$1@bd5797b
09-23 18:06:07.306  6826  6826 D TimerImpl: resetTimer
09-23 18:06:07.306  6826  6826 D TimerImpl: startTimer
09-23 18:06:07.306  6892  6892 D NettvLoggerLocalService: usagelogger LogKeyPressEvent event.getKeyCode()=23 mBinder=org.droidtv.usagelogger.ILoggerImpl$Proxy@dbcf505
09-23 18:06:07.306  1203  1203 D MTK_KL  : <4>[  400.391467] [0x4] KEY 0x4f000 map to 352 2 0 1
09-23 18:06:07.307  6892  6892 E KeyInputDevice: [KeyLog] key:352 2 0 1 NettvLoggerLocalService$1
09-23 18:06:07.308  6892  6913 D TvSettingsManager: p=314 getInt=4381080
09-23 18:06:07.308  6892  6913 D TvSettingsManager: p=315 getInt=12720
09-23 18:06:07.314  6892  6913 D CulAccessibilityUtil: usagelogger isTouStatusAccepted:false
09-23 18:06:07.324  6892  6913 D CulAccessibilityUtil: usagelogger getLogServerURL url=null
09-23 18:06:07.324  6892  6913 D NettvLoggerService: usagelogger LogEvent Event_id=15 Eventdata=device_name=0;key_group=6 timestamp=396300 mPrevPowerState=3 operatingMins=73230
09-23 18:06:07.550  6413 10232 D TvSettingsManager: p=314 getInt=4381080
09-23 18:06:07.554  6413 10232 D SAMOperationHoursLoggingService: total home time Seconds-----> 4381080
09-23 18:06:07.732  6826  6826 E KeyInputDevice: [KeyLog] key:352 2 0 0 TPTvServiceAgent$6
09-23 18:06:07.732  6892  6892 E KeyInputDevice: [KeyLog] key:352 2 0 0 NettvLoggerLocalService$1
09-23 18:06:07.746  1203  1203 D MTK_KL  : <4>[  400.818873] [0x4] KEY 0x4f000 map to 352 2 0 0
09-23 18:06:08.228  6826  6826 I org.droidtv.tv.tptvservice.agent.TPTvServiceAgent: User activity
09-23 18:06:08.229  6826  6826 E KeyInputDevice: [KeyLog] key:108 2 0 1 TPTvServiceAgent$6
09-23 18:06:08.229  6826  6826 D TvInactivityService: UserActivity
09-23 18:06:08.229  6826  6826 I TvInactivityService: Reset Timer org.droidtv.tv.inactivitytimer.TvInactivityService$ClientInfo$1@fb2a362
09-23 18:06:08.229  6826  6826 D TimerImpl: resetTimer
09-23 18:06:08.229  6826  6826 D TimerImpl: startTimer
09-23 18:06:08.229  6826  6826 I TvInactivityService: Reset Timer org.droidtv.tv.inactivitytimer.TvInactivityService$ClientInfo$1@ca39cf3
09-23 18:06:08.229  6826  6826 D TimerImpl: resetTimer
09-23 18:06:08.229  6826  6826 D TimerImpl: startTimer
09-23 18:06:08.229  6826  6826 I TvInactivityService: Reset Timer org.droidtv.tv.inactivitytimer.TvInactivityService$ClientInfo$1@bd5797b
09-23 18:06:08.229  6826  6826 D TimerImpl: resetTimer
09-23 18:06:08.229  6826  6826 D TimerImpl: startTimer
09-23 18:06:08.230  6892  6892 D NettvLoggerLocalService: usagelogger LogKeyPressEvent event.getKeyCode()=20 mBinder=org.droidtv.usagelogger.ILoggerImpl$Proxy@dbcf505
09-23 18:06:08.230  6892  6892 E KeyInputDevice: [KeyLog] key:108 2 0 1 NettvLoggerLocalService$1
09-23 18:06:08.231  6892  6913 D TvSettingsManager: p=314 getInt=4381110
09-23 18:06:08.231  6892  6913 D TvSettingsManager: p=315 getInt=12720
09-23 18:06:08.231  1203  1203 D MTK_KL  : <4>[  401.314916] [0x3] KEY 0x3f003 map to 108 2 0 1
09-23 18:06:08.238  6892  6913 D CulAccessibilityUtil: usagelogger isTouStatusAccepted:false
09-23 18:06:08.253  6892  6913 D CulAccessibilityUtil: usagelogger getLogServerURL url=null
09-23 18:06:08.253  6892  6913 D NettvLoggerService: usagelogger LogEvent Event_id=15 Eventdata=device_name=0;key_group=6 timestamp=397223 mPrevPowerState=3 operatingMins=73230
09-23 18:06:08.542  2560  2560 D HDMI    : [P]:AllocatedAddress=[]
09-23 18:06:08.652  6826  6826 E KeyInputDevice: [KeyLog] key:108 2 0 0 TPTvServiceAgent$6
09-23 18:06:08.652  6892  6892 E KeyInputDevice: [KeyLog] key:108 2 0 0 NettvLoggerLocalService$1
09-23 18:06:08.656  1203  1203 D MTK_KL  : <4>[  401.738902] [0x3] KEY 0x3f003 map to 108 2 0 0
09-23 18:06:08.743  6336  6336 I System.out: xtvService handle nsd register task.
09-23 18:06:08.744  6336  6336 I System.out: org.droidtv.xtv.xtvnsd.xtvnsdserver registerNsd: will try to register nsd service 3 second later
09-23 18:06:08.950  6826  6826 I org.droidtv.tv.tptvservice.agent.TPTvServiceAgent: User activity
09-23 18:06:08.950  6826  6826 E KeyInputDevice: [KeyLog] key:106 2 0 1 TPTvServiceAgent$6
09-23 18:06:08.950  6826  6826 D TvInactivityService: UserActivity
09-23 18:06:08.950  6892  6892 D NettvLoggerLocalService: usagelogger LogKeyPressEvent event.getKeyCode()=22 mBinder=org.droidtv.usagelogger.ILoggerImpl$Proxy@dbcf505
09-23 18:06:08.950  6826  6826 I TvInactivityService: Reset Timer org.droidtv.tv.inactivitytimer.TvInactivityService$ClientInfo$1@fb2a362
09-23 18:06:08.950  6826  6826 D TimerImpl: resetTimer
09-23 18:06:08.950  6826  6826 D TimerImpl: startTimer
09-23 18:06:08.950  6826  6826 I TvInactivityService: Reset Timer org.droidtv.tv.inactivitytimer.TvInactivityService$ClientInfo$1@ca39cf3
09-23 18:06:08.950  6892  6892 E KeyInputDevice: [KeyLog] key:106 2 0 1 NettvLoggerLocalService$1
09-23 18:06:08.950  6826  6826 D TimerImpl: resetTimer
09-23 18:06:08.950  6826  6826 D TimerImpl: startTimer
09-23 18:06:08.950  6826  6826 I TvInactivityService: Reset Timer org.droidtv.tv.inactivitytimer.TvInactivityService$ClientInfo$1@bd5797b
09-23 18:06:08.951  6826  6826 D TimerImpl: resetTimer
09-23 18:06:08.951  6826  6826 D TimerImpl: startTimer
09-23 18:06:08.951  6892  6913 D TvSettingsManager: p=314 getInt=4381110
09-23 18:06:08.951  1203  1203 D MTK_KL  : <4>[  402.036835] [0x3] KEY 0x3f001 map to 106 2 0 1
09-23 18:06:08.952  6892  6913 D TvSettingsManager: p=315 getInt=12720
09-23 18:06:08.959  6892  6913 D CulAccessibilityUtil: usagelogger isTouStatusAccepted:false
09-23 18:06:08.970  6892  6913 D CulAccessibilityUtil: usagelogger getLogServerURL url=null
09-23 18:06:08.971  6892  6913 D NettvLoggerService: usagelogger LogEvent Event_id=15 Eventdata=device_name=0;key_group=6 timestamp=397944 mPrevPowerState=3 operatingMins=73230
09-23 18:06:09.372  6826  6826 E KeyInputDevice: [KeyLog] key:106 2 0 0 TPTvServiceAgent$6
09-23 18:06:09.372  6892  6892 E KeyInputDevice: [KeyLog] key:106 2 0 0 NettvLoggerLocalService$1
09-23 18:06:09.376  1203  1203 D MTK_KL  : <4>[  402.458900] [0x3] KEY 0x3f001 map to 106 2 0 0
09-23 18:06:10.877  6826  6826 I org.droidtv.tv.tptvservice.agent.TPTvServiceAgent: User activity
09-23 18:06:10.877  6826  6826 E KeyInputDevice: [KeyLog] key:352 2 0 1 TPTvServiceAgent$6
09-23 18:06:10.877  6826  6826 D TvInactivityService: UserActivity
09-23 18:06:10.877  6826  6826 I TvInactivityService: Reset Timer org.droidtv.tv.inactivitytimer.TvInactivityService$ClientInfo$1@fb2a362
09-23 18:06:10.877  6826  6826 D TimerImpl: resetTimer
09-23 18:06:10.877  6826  6826 D TimerImpl: startTimer
09-23 18:06:10.877  6892  6892 D NettvLoggerLocalService: usagelogger LogKeyPressEvent event.getKeyCode()=23 mBinder=org.droidtv.usagelogger.ILoggerImpl$Proxy@dbcf505
09-23 18:06:10.877  6826  6826 I TvInactivityService: Reset Timer org.droidtv.tv.inactivitytimer.TvInactivityService$ClientInfo$1@ca39cf3
09-23 18:06:10.877  6826  6826 D TimerImpl: resetTimer
09-23 18:06:10.877  6826  6826 D TimerImpl: startTimer
09-23 18:06:10.877  6826  6826 I TvInactivityService: Reset Timer org.droidtv.tv.inactivitytimer.TvInactivityService$ClientInfo$1@bd5797b
09-23 18:06:10.878  6826  6826 D TimerImpl: resetTimer
09-23 18:06:10.878  6892  6892 E KeyInputDevice: [KeyLog] key:352 2 0 1 NettvLoggerLocalService$1
09-23 18:06:10.878  6826  6826 D TimerImpl: startTimer
09-23 18:06:10.878  6892  6913 D TvSettingsManager: p=314 getInt=4381110
09-23 18:06:10.879  6892  6913 D TvSettingsManager: p=315 getInt=12720
09-23 18:06:10.881  1203  1203 D MTK_KL  : <4>[  403.963864] [0x4] KEY 0x4f000 map to 352 2 0 1
09-23 18:06:10.888  6892  6913 D CulAccessibilityUtil: usagelogger isTouStatusAccepted:false
09-23 18:06:10.899  6892  6913 D CulAccessibilityUtil: usagelogger getLogServerURL url=null
09-23 18:06:10.899  6892  6913 D NettvLoggerService: usagelogger LogEvent Event_id=15 Eventdata=device_name=0;key_group=6 timestamp=399871 mPrevPowerState=3 operatingMins=73230
09-23 18:06:11.292  6826  6826 E KeyInputDevice: [KeyLog] key:352 2 0 0 TPTvServiceAgent$6
09-23 18:06:11.293  6892  6892 E KeyInputDevice: [KeyLog] key:352 2 0 0 NettvLoggerLocalService$1
09-23 18:06:11.296  1203  1203 D MTK_KL  : <4>[  404.378900] [0x4] KEY 0x4f000 map to 352 2 0 0
09-23 18:06:11.327  2560  7474 W InputMethodManagerService: Window already focused, ignoring focus gain of: com.android.internal.view.IInputMethodClient$Stub$Proxy@debaf6c attribute=null, token = android.os.BinderProxy@fe788d1
09-23 18:06:11.387  6916  6916 D InstallerWizardActivity: onResume
09-23 18:06:11.387  6916  6916 D NativeAPIWrapper: setApplicationContext org.droidtv.euinstallertc.wizard.InstallerWizardActivity@2afaed4
09-23 18:06:11.387  6916  6916 D NativeAPIWrapper: update: action 56, message 
09-23 18:06:11.390  6916 12279 D MtkTvAppTVBase: Enter UpdatedSysStatus
09-23 18:06:11.390  6916 12279 D MtkTvAppTVBase: ww_status:0
09-23 18:06:11.390  6916  6916 D TvSettingsManager: p=417 getInt=0
09-23 18:06:11.391  6916 12279 D TVNativeWrapper(Emu): AppTVupdatedSysStatus_native  called
09-23 18:06:11.391  6916 12279 D MtkvAPPTV_jni: Enter Java_com_mediatek_twoworlds_tv_TVNative_AppTVupdatedSysStatus_1native__I
09-23 18:06:11.391  6916 12279 D MtkvAPPTV_jni: Enter _mtktvapptv_jni_conver_ww_sysstatus_to_native_sys_status i4_ww_sys_status = 0 
09-23 18:06:11.391  6916 12279 D MtkvAPPTV_jni: JNI_APPTV_SYS_STATUS_MENU_RESUME
09-23 18:06:11.391  6916 12279 D MtkvAPPTV_jni: call a_mtktvapi_apptv_update_sys_status
09-23 18:06:11.393  6916  6916 D TvSettingsManager: p=39 getInt=0
09-23 18:06:11.394  6916  6916 D NativeAPIWrapper: ifVirginInstallation() false
09-23 18:06:11.394  6916  6916 D NativeAPIWrapper: NON_INTERRUPTIBLE intent enter dispatched
09-23 18:06:11.432  6336  6336 D xtvService: packageName: org.droidtv.euinstallertc
09-23 18:06:11.432  6336  6336 D xtvService: AppSwitchNotification in xtv: returning true
09-23 18:06:11.434  2560  6291 E ActivityManager: Sending non-protected broadcast org.droidtv.NON_INTERRUPTIBLE from system 6916:org.droidtv.euinstallertc:euinstallertc/1000 pkg org.droidtv.euinstallertc
09-23 18:06:11.434  2560  6291 E ActivityManager: java.lang.Throwable
09-23 18:06:11.434  2560  6291 E ActivityManager: 	at com.android.server.am.ActivityManagerService.broadcastIntentLocked(ActivityManagerService.java:18293)
09-23 18:06:11.434  2560  6291 E ActivityManager: 	at com.android.server.am.ActivityManagerService.broadcastIntent(ActivityManagerService.java:18859)
09-23 18:06:11.434  2560  6291 E ActivityManager: 	at android.app.ActivityManagerNative.onTransact(ActivityManagerNative.java:499)
09-23 18:06:11.434  2560  6291 E ActivityManager: 	at com.android.server.am.ActivityManagerService.onTransact(ActivityManagerService.java:2779)
09-23 18:06:11.434  2560  6291 E ActivityManager: 	at android.os.Binder.execTransact(Binder.java:565)
09-23 18:06:11.438  6336  6336 D org.droidtv.xtv.xtvUtility.xtvUtilities: getCurrentApplication: Has a valid class and package name
09-23 18:06:11.438  6336  6336 D org.droidtv.xtv.xtvNotify.xtvNotifyHelper: notifyReceived:Inside notifyReceived of xtvNotifyHelper
09-23 18:06:11.439  6336  6336 D org.droidtv.xtv.xtvNotify.xtvNotifyWrapper: isNotifyEnabled[10]: false
09-23 18:06:11.439  6336  6336 D org.droidtv.xtv.xtvNotify.xtvNotifyWrapper: isNotifyEnabled[10]: false
09-23 18:06:11.439  6336  6336 D org.droidtv.xtv.xtvNotify.xtvNotifyWrapper: isNotifyEnabled[10]: false
09-23 18:06:11.439  6336  6336 D org.droidtv.xtv.xtvNotify.xtvNotifyWrapper: isNotifyEnabled[10]: false
09-23 18:06:11.439  6336  6336 D org.droidtv.xtv.xtvNotify.xtvNotifyWrapper: isNotifyEnabled[10]: false
09-23 18:06:11.439  6336  6336 D org.droidtv.xtv.xtvNotify.xtvNotifyWrapper: isNotifyEnabled[10]: false
09-23 18:06:11.439  6336  6336 D org.droidtv.xtv.xtvNotify.xtvNotifyWrapper: isNotifyEnabled[10]: false
09-23 18:06:11.440  6336  6336 D org.droidtv.xtv.xtvNotify.xtvNotifyWrapper: isNotifyEnabled[10]: false
09-23 18:06:11.440  6336  6336 D org.droidtv.xtv.xtvNotify.xtvNotifyWrapper: isNotifyEnabled[10]: false
09-23 18:06:11.440  6336  6336 D org.droidtv.xtv.xtvNotify.xtvNotifyWrapper: isNotifyEnabled[10]: false
09-23 18:06:11.440  6336  6336 D org.droidtv.xtv.xtvNotify.xtvNotifyWrapper: isNotifyEnabled[10]: false
09-23 18:06:11.440  6336  6336 D org.droidtv.xtv.xtvNotify.xtvNotifyWrapper: isNotifyEnabled[10]: false
09-23 18:06:11.462  6577  6577 D PlayTvHDMIService: NON_INTERRUPTIBLE state true
09-23 18:06:11.463  6860  6860 I UsbBreakinService: usbbreakin onReceive begin org.droidtv.NON_INTERRUPTIBLE
09-23 18:06:11.463  6860  6860 D UsbBreakinService: NON_INTERRUPTIBLE state true
09-23 18:06:11.463  7006  7006 I DemoMeVideoSyncService: mInterruptableReceiver: extra: true
09-23 18:06:11.463  7006  7006 D ApplicationClass: NON_INTERRUPT SET true
09-23 18:06:11.467  6812  6812 D CIServiceBcastreceiver: onReceive: ++
09-23 18:06:11.467  6812  6812 D CIApplication: setNonInterruptState: true
09-23 18:06:11.467  6812  6812 D CIServiceBcastreceiver: onReceive: [org.droidtv.NON_INTERRUPTIBLE]Intent { act=org.droidtv.NON_INTERRUPTIBLE flg=0x10 cmp=org.droidtv.ci/.bcastreceiver.CIServiceBcastreceiver (has extras) }
09-23 18:06:11.467  6812  6812 D CIServiceBcastreceiver: onReceive: --
09-23 18:06:11.471  7381  7381 I USBBroadcastReceiver: ### onReceive called org.droidtv.NON_INTERRUPTIBLE
09-23 18:06:11.472  1194  6731 E BufferQueueProducer: [com.android.systemui/com.android.systemui.usb.UsbDebuggingActivity] disconnect: not connected (req=1)
09-23 18:06:11.473  7381  7381 D USBBroadcastReceiver: ACTION_NON_INTERRUPTIBLE state true
09-23 18:06:11.474  6227  6363 W libEGL  : EGLNativeWindowType 0x90320408 disconnect failed
09-23 18:06:11.474  6227  6363 D OpenGLRenderer: endAllActiveAnimators on 0x8f9e1000 (RippleDrawable) with handle 0xaa1c2980
09-23 18:06:11.486  7456  7456 D InstallerBootLoader: onReceive intent Intent { act=org.droidtv.NON_INTERRUPTIBLE flg=0x10 cmp=org.droidtv.euinstallersat/.brdcstreceiver.InstallerBootLoader (has extras) }
09-23 18:06:11.502  6970  6970 D GlobalKeyReceiver: NON_INTERRUPTIBLE state: true
09-23 18:06:11.549  6826  6826 E ApplicationSwitchService: get latest foreground event.
09-23 18:06:11.549  6826  6826 D ApplicationSwitchService: AppSwitchAOSP: org.droidtv.euinstallertc
09-23 18:06:11.549  6826  6826 I ApplicationSwitchService: client size: 3
09-23 18:06:11.557  6826  6826 D ApplicationSwitchService: setSourcePQ of package name not included in SourceListMap
09-23 18:06:11.558  6826  6826 D ApplicationSwitch: Msg is 2
09-23 18:06:11.559  6812  6812 D ApplicationSwitch: Msg is 2
09-23 18:06:11.559  6826  6826 D org.droidtv.tv.tptvservice.agent.TPTvServiceAgent: onApplicationSwitch entry with: org.droidtv.euinstallertc
09-23 18:06:11.560  6812  6812 D CIService: onApplicationSwitch entry with: org.droidtv.euinstallertc
09-23 18:06:11.560  6826  6826 D org.droidtv.tv.tptvservice.agent.TPTvServiceAgent: onApplicationSwitch exit with: org.droidtv.euinstallertc
09-23 18:06:11.560  6812  6812 D CIApplication: setAppSwitchName: org.droidtv.euinstallertc
09-23 18:06:11.560  6812  6812 D CIService: onApplicationSwitch exit with: org.droidtv.euinstallertc
09-23 18:06:11.560 10087 10087 D ApplicationSwitch: Msg is 2
09-23 18:06:11.562  2560  2884 I WindowManager: Destroying surface Surface(name=com.android.systemui/com.android.systemui.usb.UsbDebuggingActivity) called by com.android.server.wm.WindowStateAnimator.destroySurface:2016 com.android.server.wm.WindowStateAnimator.destroySurfaceLocked:882 com.android.server.wm.WindowState.removeLocked:1456 com.android.server.wm.WindowManagerService.removeWindowInnerLocked:2484 com.android.server.wm.AppWindowToken.destroySurfaces:365 com.android.server.wm.WindowStateAnimator.finishExit:565 com.android.server.wm.WindowStateAnimator.stepAnimationLocked:491 com.android.server.wm.WindowAnimator.updateWindowsLocked:303 
09-23 18:06:11.595  6336  6336 D org.droidtv.xtv.xtvChannelInterface.xtvInterruptibleStateReciever: xtvInterruptibleStateReciever:Printing nonInteruuptible statetrue
09-23 18:06:11.727 12298 12298 W /sbin/adbd: type=1400 audit(0.0:18): avc: denied { search } for comm=73657276696365203937 name="security" dev="mmcblk0p11" ino=122161 scontext=u:r:adbd:s0 tcontext=u:object_r:security_file:s0 tclass=dir permissive=0
09-23 18:06:11.745  6336  6336 I System.out: xtvService handle nsd register task.
09-23 18:06:11.746  1203  1203 D MTK_KL  : <36>[  404.821510] type=1400 audit(1095959171.727:18): avc: denied { search } for pid=12298 comm=73657276696365203937 name="security" dev="mmcblk0p11" ino=122161 scontext=u:r:adbd:s0 tcontext=u:object_r:security_file:s0 tclass=dir permissive=0
09-23 18:06:11.746  6336  6336 I System.out: org.droidtv.xtv.xtvnsd.xtvnsdserver registerNsd: will try to register nsd service 3 second later
09-23 18:06:11.899  6376  6545 D MtkTvScreenSaver_jni: Enter _ScreenSaver_msg_notify_fct: i4_callback_type = 0
09-23 18:06:11.900  6376  6545 D TVCallback: (From JNI)notifyScreenSaverMessage=0
09-23 18:06:11.901  6916 12279 D MtkvAPPTV_jni: call a_mtktvapi_apptv_update_sys_status ret =  0
09-23 18:06:11.970  6376  6545 D MtkTvHighLevel_jni: _highlevel_nfy_fct callback_type=0, pv_tag=0x457, arg=0x2,0x0,0x0,0x0
09-23 18:06:11.971  6376  6545 D TVCallback: notifyNativeAppStatus nativeAppId=2 show=false
09-23 18:06:13.755  2560  2566 I art     : Debugger is no longer active
09-23 18:06:13.755  2560  2566 I art     : Starting a blocking GC Instrumentation
09-23 18:06:13.755  6826  6833 I art     : Debugger is no longer active
09-23 18:06:13.755  6826  6833 I art     : Starting a blocking GC Instrumentation
09-23 18:06:13.755  6916  6923 I art     : Debugger is no longer active
09-23 18:06:13.755  6916  6923 I art     : Starting a blocking GC Instrumentation
09-23 18:06:13.755 11524 11531 I art     : Debugger is no longer active
09-23 18:06:13.755  7424  7433 I art     : Debugger is no longer active
09-23 18:06:13.756 11524 11531 I art     : Starting a blocking GC Instrumentation
09-23 18:06:13.756  7424  7433 I art     : Starting a blocking GC Instrumentation
09-23 18:06:13.756  7440  7447 I art     : Debugger is no longer active
09-23 18:06:13.756  6413  6420 I art     : Debugger is no longer active
09-23 18:06:13.756 10040 10049 I art     : Debugger is no longer active
09-23 18:06:13.756  6413  6420 I art     : Starting a blocking GC Instrumentation
09-23 18:06:13.756  1203  1203 D MTK_KL  : <14>[  406.839026] init: processing action (service.adb.root=1)
09-23 18:06:13.756  1203  1203 D MTK_KL  : <14>[  406.839445] init: Command 'write /sys/class/android_usb/android0/enable 0' action=service.adb.root=1 (/init.mtk_common.rc:71) returned 0 took 0.00s
09-23 18:06:13.756  1203  1203 D MTK_KL  : <13>[  406.839622] init: Service 'adbd' is being killed...
09-23 18:06:13.756  1203  1203 D MTK_KL  : <6>[  406.839628] adb_release
09-23 18:06:13.756  1203  1203 D MTK_KL  : <14>[  406.839909] init: Command 'restart adbd' action=service.adb.root=1 (/init.mtk_common.rc:72) returned 0 took 0.00s
09-23 18:06:13.756  1203  1203 D MTK_KL  : <14>[  406.840138] init: Command 'write /sys/class/android_usb/android0/enable 1' action=service.adb.root=1 (/init.mtk_common.rc:73) returned 0 took 0.00s
09-23 18:06:13.756  7353  7360 I art     : Debugger is no longer active
09-23 18:06:13.756  8108  8113 I art     : Debugger is no longer active
09-23 18:06:13.756  7353  7360 I art     : Starting a blocking GC Instrumentation
09-23 18:06:13.756  8108  8113 I art     : Starting a blocking GC Instrumentation
09-23 18:06:13.757  7456  7463 I art     : Debugger is no longer active
09-23 18:06:13.757  7456  7463 I art     : Starting a blocking GC Instrumentation
09-23 18:06:13.757  6577  6590 I art     : Debugger is no longer active
09-23 18:06:13.757  6191  6198 I art     : Debugger is no longer active
09-23 18:06:13.757  6577  6590 I art     : Starting a blocking GC Instrumentation
09-23 18:06:13.757  6191  6198 I art     : Starting a blocking GC Instrumentation
09-23 18:06:13.757  7315  7326 I art     : Debugger is no longer active
09-23 18:06:13.757  7315  7326 I art     : Starting a blocking GC Instrumentation
09-23 18:06:13.757  7229  7236 I art     : Debugger is no longer active
09-23 18:06:13.757  7733  7740 I art     : Debugger is no longer active
09-23 18:06:13.757  7229  7236 I art     : Starting a blocking GC Instrumentation
09-23 18:06:13.757  7733  7740 I art     : Starting a blocking GC Instrumentation
09-23 18:06:13.757  7440  7447 I art     : Starting a blocking GC Instrumentation
09-23 18:06:13.758  6336  6347 I art     : Debugger is no longer active
09-23 18:06:13.758  6970  6977 I art     : Debugger is no longer active
09-23 18:06:13.758  6336  6347 I art     : Starting a blocking GC Instrumentation
09-23 18:06:13.758  7339  7346 I art     : Debugger is no longer active
09-23 18:06:13.758  6970  6977 I art     : Starting a blocking GC Instrumentation
09-23 18:06:13.758  7339  7346 I art     : Starting a blocking GC Instrumentation
09-23 18:06:13.758  7367  7374 I art     : Debugger is no longer active
09-23 18:06:13.758  7069  7076 I art     : Debugger is no longer active
09-23 18:06:13.758  7367  7374 I art     : Starting a blocking GC Instrumentation
09-23 18:06:13.758  7069  7076 I art     : Starting a blocking GC Instrumentation
09-23 18:06:13.758  7006  7013 I art     : Debugger is no longer active
09-23 18:06:13.758  7006  7013 I art     : Starting a blocking GC Instrumentation
09-23 18:06:13.759  6860  6867 I art     : Debugger is no longer active
09-23 18:06:13.759  6860  6867 I art     : Starting a blocking GC Instrumentation
09-23 18:06:13.759  7270  7277 I art     : Debugger is no longer active
09-23 18:06:13.759  7270  7277 I art     : Starting a blocking GC Instrumentation
09-23 18:06:13.759  7381  7388 I art     : Debugger is no longer active
09-23 18:06:13.759  7381  7388 I art     : Starting a blocking GC Instrumentation
09-23 18:06:13.759  7395  7403 I art     : Debugger is no longer active
09-23 18:06:13.759  7395  7403 I art     : Starting a blocking GC Instrumentation
09-23 18:06:13.760  8358  8364 I art     : Debugger is no longer active
09-23 18:06:13.760  7526  7533 I art     : Debugger is no longer active
09-23 18:06:13.760  7526  7533 I art     : Starting a blocking GC Instrumentation
09-23 18:06:13.760  8358  8364 I art     : Starting a blocking GC Instrumentation
09-23 18:06:13.760 10087 10094 I art     : Debugger is no longer active
09-23 18:06:13.760 10087 10094 I art     : Starting a blocking GC Instrumentation
09-23 18:06:13.760  6176  6183 I art     : Debugger is no longer active
09-23 18:06:13.760  7205  7212 I art     : Debugger is no longer active
09-23 18:06:13.760  7205  7212 I art     : Starting a blocking GC Instrumentation
09-23 18:06:13.760  6176  6183 I art     : Starting a blocking GC Instrumentation
09-23 18:06:13.760  7788  7795 I art     : Debugger is no longer active
09-23 18:06:13.760  7788  7795 I art     : Starting a blocking GC Instrumentation
09-23 18:06:13.761  7496  7503 I art     : Debugger is no longer active
09-23 18:06:13.761  6376  6383 I art     : Debugger is no longer active
09-23 18:06:13.761  7496  7503 I art     : Starting a blocking GC Instrumentation
09-23 18:06:13.761  6376  6383 I art     : Starting a blocking GC Instrumentation
09-23 18:06:13.761  7541  7551 I art     : Debugger is no longer active
09-23 18:06:13.761  6227  6240 I art     : Debugger is no longer active
09-23 18:06:13.761  6892  6899 I art     : Debugger is no longer active
09-23 18:06:13.761  7541  7551 I art     : Starting a blocking GC Instrumentation
09-23 18:06:13.761  6812  6819 I art     : Debugger is no longer active
09-23 18:06:13.761  7408  7417 I art     : Debugger is no longer active
09-23 18:06:13.761  6812  6819 I art     : Starting a blocking GC Instrumentation
09-23 18:06:13.761  6227  6240 I art     : Starting a blocking GC Instrumentation
09-23 18:06:13.761  7571  7578 I art     : Debugger is no longer active
09-23 18:06:13.761  7408  7417 I art     : Starting a blocking GC Instrumentation
09-23 18:06:13.761  7571  7578 I art     : Starting a blocking GC Instrumentation
09-23 18:06:13.762  7285  7292 I art     : Debugger is no longer active
09-23 18:06:13.762  7590  7597 I art     : Debugger is no longer active
09-23 18:06:13.762  7285  7292 I art     : Starting a blocking GC Instrumentation
09-23 18:06:13.762  7590  7597 I art     : Starting a blocking GC Instrumentation
09-23 18:06:13.762  7652  7659 I art     : Debugger is no longer active
09-23 18:06:13.762  7652  7659 I art     : Starting a blocking GC Instrumentation
09-23 18:06:13.763  7673  7678 I art     : Debugger is no longer active
09-23 18:06:13.763  7673  7678 I art     : Starting a blocking GC Instrumentation
09-23 18:06:13.763  7918  7924 I art     : Debugger is no longer active
09-23 18:06:13.763  7918  7924 I art     : Starting a blocking GC Instrumentation
09-23 18:06:13.764  8212  8220 I art     : Debugger is no longer active
09-23 18:06:13.764  8212  8220 I art     : Starting a blocking GC Instrumentation
09-23 18:06:13.766  6892  6899 I art     : Starting a blocking GC Instrumentation
09-23 18:06:13.766 11984 11991 I art     : Debugger is no longer active
09-23 18:06:13.766 11984 11991 I art     : Starting a blocking GC Instrumentation
09-23 18:06:13.766  1203  1203 D MTK_KL  : <13>[  406.849980] init: Service 'adbd' (pid 1227) killed by signal 9
09-23 18:06:13.766  1203  1203 D MTK_KL  : <13>[  406.850065] init: Service 'adbd' (pid 1227) killing any children in process group
09-23 18:06:13.766  1203  1203 D MTK_KL  : <13>[  406.850553] init: Untracked pid 12280 killed by signal 1
09-23 18:06:13.766  1203  1203 D MTK_KL  : <13>[  406.850922] init: Starting service 'adbd'...
09-23 18:06:13.766  1203  1203 D MTK_KL  : <14>[  406.852965] init: Created socket '/dev/socket/adbd' with mode '660', user '1000', group '1000'
09-23 18:06:13.766  8052  8061 I art     : Debugger is no longer active
09-23 18:06:13.767  8052  8061 I art     : Starting a blocking GC Instrumentation
09-23 18:06:13.767  8563  8570 I art     : Debugger is no longer active
09-23 18:06:13.767  8563  8570 I art     : Starting a blocking GC Instrumentation
09-23 18:06:13.768  8593  8598 I art     : Debugger is no longer active
09-23 18:06:13.768  8593  8598 I art     : Starting a blocking GC Instrumentation
09-23 18:06:13.768 10452 10459 I art     : Debugger is no longer active
09-23 18:06:13.768 10452 10459 I art     : Starting a blocking GC Instrumentation
09-23 18:06:13.769  8919  8926 I art     : Debugger is no longer active
09-23 18:06:13.769  8919  8926 I art     : Starting a blocking GC Instrumentation
09-23 18:06:13.769  9143  9149 I art     : Debugger is no longer active
09-23 18:06:13.769  9143  9149 I art     : Starting a blocking GC Instrumentation
09-23 18:06:13.769  9246  9252 I art     : Debugger is no longer active
09-23 18:06:13.769  9246  9252 I art     : Starting a blocking GC Instrumentation
09-23 18:06:13.770  9285  9292 I art     : Debugger is no longer active
09-23 18:06:13.770  9285  9292 I art     : Starting a blocking GC Instrumentation
09-23 18:06:13.770  9303  9308 I art     : Debugger is no longer active
09-23 18:06:13.770  9303  9308 I art     : Starting a blocking GC Instrumentation
09-23 18:06:13.771  9335  9341 I art     : Debugger is no longer active
09-23 18:06:13.771  9335  9341 I art     : Starting a blocking GC Instrumentation
09-23 18:06:13.771  9810  9817 I art     : Debugger is no longer active
09-23 18:06:13.771  9810  9817 I art     : Starting a blocking GC Instrumentation
09-23 18:06:13.771  9901  9908 I art     : Debugger is no longer active
09-23 18:06:13.772  6627  6636 I art     : Debugger is no longer active
09-23 18:06:13.772  6627  6636 I art     : Starting a blocking GC Instrumentation
09-23 18:06:13.772  9901  9908 I art     : Starting a blocking GC Instrumentation
09-23 18:06:13.773 10040 10049 I art     : Starting a blocking GC Instrumentation
09-23 18:06:13.946  1203  1203 D MTK_KL  : <13>[  407.032700] init: Untracked pid 12374 exited with status 0
09-23 18:06:13.996  1203  1203 D MTK_KL  : <6>[  407.079342] android_work: sent uevent USB_STATE=DISCONNECTED
09-23 18:06:14.086  1203  1203 D MTK_KL  : <6>[  407.169916] android_work: sent uevent USB_STATE=CONNECTED
09-23 18:06:14.091  1203  1203 D MTK_KL  : <6>[  407.174625] android_work: sent uevent USB_STATE=DISCONNECTED
09-23 18:06:14.191  1203  1203 D MTK_KL  : <6>[  407.278632] android_work: sent uevent USB_STATE=CONNECTED
09-23 18:06:14.747  6336  6336 I System.out: xtvService handle nsd register task.
09-23 18:06:14.748  6336  6336 I System.out: org.droidtv.xtv.xtvnsd.xtvnsdserver registerNsd: will try to register nsd service 3 second later
09-23 18:06:14.766  1203  1203 D MTK_KL  : <13>[  407.849559] init: Untracked pid 12336 exited with status 129
09-23 18:06:14.766  1203  1203 D MTK_KL  : <13>[  407.849690] init: Untracked pid 12338 killed by signal 1
09-23 18:06:17.748  6336  6336 I System.out: xtvService handle nsd register task.
09-23 18:06:17.749  6336  6336 I System.out: org.droidtv.xtv.xtvnsd.xtvnsdserver registerNsd: will try to register nsd service 3 second later
09-23 18:06:20.749  6336  6336 I System.out: xtvService handle nsd register task.
09-23 18:06:20.750  6336  6336 I System.out: org.droidtv.xtv.xtvnsd.xtvnsdserver registerNsd: will try to register nsd service 3 second later
09-23 18:06:21.681  2560  2560 V HotPlugDetectionAction: Poll all devices.
09-23 18:06:22.104  6826  6826 I org.droidtv.tv.tptvservice.agent.TPTvServiceAgent: User activity
09-23 18:06:22.104  6826  6826 E KeyInputDevice: [KeyLog] key:352 2 0 1 TPTvServiceAgent$6
09-23 18:06:22.104  6826  6826 D TvInactivityService: UserActivity
09-23 18:06:22.104  6826  6826 I TvInactivityService: Reset Timer org.droidtv.tv.inactivitytimer.TvInactivityService$ClientInfo$1@fb2a362
09-23 18:06:22.104  6826  6826 D TimerImpl: resetTimer
09-23 18:06:22.105  6826  6826 D TimerImpl: startTimer
09-23 18:06:22.105  6826  6826 I TvInactivityService: Reset Timer org.droidtv.tv.inactivitytimer.TvInactivityService$ClientInfo$1@ca39cf3
09-23 18:06:22.105  6826  6826 D TimerImpl: resetTimer
09-23 18:06:22.105  6826  6826 D TimerImpl: startTimer
09-23 18:06:22.105  6826  6826 I TvInactivityService: Reset Timer org.droidtv.tv.inactivitytimer.TvInactivityService$ClientInfo$1@bd5797b
09-23 18:06:22.105  6826  6826 D TimerImpl: resetTimer
09-23 18:06:22.105  6826  6826 D TimerImpl: startTimer
09-23 18:06:22.105  6892  6892 D NettvLoggerLocalService: usagelogger LogKeyPressEvent event.getKeyCode()=23 mBinder=org.droidtv.usagelogger.ILoggerImpl$Proxy@dbcf505
09-23 18:06:22.106  6892  6892 E KeyInputDevice: [KeyLog] key:352 2 0 1 NettvLoggerLocalService$1
09-23 18:06:22.106  1203  1203 D MTK_KL  : <4>[  415.190642] [0x4] KEY 0x4f000 map to 352 2 0 1
09-23 18:06:22.106  6892  6913 D TvSettingsManager: p=314 getInt=4381110
09-23 18:06:22.107  6892  6913 D TvSettingsManager: p=315 getInt=12720
09-23 18:06:22.115  6892  6913 D CulAccessibilityUtil: usagelogger isTouStatusAccepted:false
09-23 18:06:22.121  6892  6913 D CulAccessibilityUtil: usagelogger getLogServerURL url=null
09-23 18:06:22.122  6892  6913 D NettvLoggerService: usagelogger LogEvent Event_id=15 Eventdata=device_name=0;key_group=6 timestamp=411099 mPrevPowerState=3 operatingMins=73230
09-23 18:06:22.522  6826  6826 E KeyInputDevice: [KeyLog] key:352 2 0 0 TPTvServiceAgent$6
09-23 18:06:22.522  6892  6892 E KeyInputDevice: [KeyLog] key:352 2 0 0 NettvLoggerLocalService$1
09-23 18:06:22.522  6191  6191 D EmojiAltPhysicalKeyDetector: onKeyUp() : KeyEvent { action=ACTION_UP, keyCode=KEYCODE_DPAD_CENTER, scanCode=352, metaState=0, flags=0x8, repeatCount=0, eventTime=411515, downTime=411096, deviceId=4, source=0x301 }
09-23 18:06:22.523  6191  6191 D EmojiAltPhysicalKeyDetector: onKeyUp() : Not Mapped: 23
09-23 18:06:22.523  6916  6916 D WizardScreenManager: launchScreen: COUNTRY_SCREEN requestedByScreen: REINSTALL_SCREEN
09-23 18:06:22.526  1203  1203 D MTK_KL  : <4>[  415.608887] [0x4] KEY 0x4f000 map to 352 2 0 0
09-23 18:06:22.533  6916  6916 D TvSettingsManager: p=59 getInt=0
09-23 18:06:22.533  6916  6916 D NativeAPIWrapper: regionBit=0
09-23 18:06:22.533  6916  6916 D NativeAPIWrapper: getCachedCountryID() 42
09-23 18:06:23.492  2560  2560 D HDMI    : [P]:AllocatedAddress=[]
09-23 18:06:23.676  6826  6826 I org.droidtv.tv.tptvservice.agent.TPTvServiceAgent: User activity
09-23 18:06:23.676  1203  1203 D MTK_KL  : <4>[  416.762924] [0x3] KEY 0x3f002 map to 103 2 0 1
09-23 18:06:23.677  6826  6826 E KeyInputDevice: [KeyLog] key:103 2 0 1 TPTvServiceAgent$6
09-23 18:06:23.677  6826  6826 D TvInactivityService: UserActivity
09-23 18:06:23.677  6826  6826 I TvInactivityService: Reset Timer org.droidtv.tv.inactivitytimer.TvInactivityService$ClientInfo$1@fb2a362
09-23 18:06:23.677  6826  6826 D TimerImpl: resetTimer
09-23 18:06:23.677  6826  6826 D TimerImpl: startTimer
09-23 18:06:23.677  6826  6826 I TvInactivityService: Reset Timer org.droidtv.tv.inactivitytimer.TvInactivityService$ClientInfo$1@ca39cf3
09-23 18:06:23.677  6826  6826 D TimerImpl: resetTimer
09-23 18:06:23.677  6826  6826 D TimerImpl: startTimer
09-23 18:06:23.677  6826  6826 I TvInactivityService: Reset Timer org.droidtv.tv.inactivitytimer.TvInactivityService$ClientInfo$1@bd5797b
09-23 18:06:23.677  6826  6826 D TimerImpl: resetTimer
09-23 18:06:23.677  6826  6826 D TimerImpl: startTimer
09-23 18:06:23.680  6892  6892 D NettvLoggerLocalService: usagelogger LogKeyPressEvent event.getKeyCode()=19 mBinder=org.droidtv.usagelogger.ILoggerImpl$Proxy@dbcf505
09-23 18:06:23.680  6892  6892 E KeyInputDevice: [KeyLog] key:103 2 0 1 NettvLoggerLocalService$1
09-23 18:06:23.682  6892  6913 D TvSettingsManager: p=314 getInt=4381110
09-23 18:06:23.682  6892  6913 D TvSettingsManager: p=315 getInt=12720
09-23 18:06:23.695  6892  6913 D CulAccessibilityUtil: usagelogger isTouStatusAccepted:false
09-23 18:06:23.707  6892  6913 D CulAccessibilityUtil: usagelogger getLogServerURL url=null
09-23 18:06:23.707  6892  6913 D NettvLoggerService: usagelogger LogEvent Event_id=15 Eventdata=device_name=0;key_group=6 timestamp=412673 mPrevPowerState=3 operatingMins=73230
09-23 18:06:23.750  6336  6336 I System.out: xtvService handle nsd register task.
09-23 18:06:23.752  6336  6336 I System.out: org.droidtv.xtv.xtvnsd.xtvnsdserver registerNsd: will try to register nsd service 3 second later
09-23 18:06:23.887  6826  6826 E KeyInputDevice: [KeyLog] key:103 2 0 0 TPTvServiceAgent$6
09-23 18:06:23.889  6892  6892 E KeyInputDevice: [KeyLog] key:103 2 0 0 NettvLoggerLocalService$1
09-23 18:06:23.891  6191  6191 D EmojiAltPhysicalKeyDetector: onKeyUp() : KeyEvent { action=ACTION_UP, keyCode=KEYCODE_DPAD_UP, scanCode=103, metaState=0, flags=0x8, repeatCount=0, eventTime=412880, downTime=412669, deviceId=4, source=0x301 }
09-23 18:06:23.891  6191  6191 D EmojiAltPhysicalKeyDetector: onKeyUp() : Not Mapped: 19
09-23 18:06:23.891  1203  1203 D MTK_KL  : <4>[  416.973959] [0x3] KEY 0x3f002 map to 103 2 0 0
09-23 18:06:24.063  6826  6826 I org.droidtv.tv.tptvservice.agent.TPTvServiceAgent: User activity
09-23 18:06:24.064  6826  6826 E KeyInputDevice: [KeyLog] key:103 2 0 1 TPTvServiceAgent$6
09-23 18:06:24.064  6892  6892 D NettvLoggerLocalService: usagelogger LogKeyPressEvent event.getKeyCode()=19 mBinder=org.droidtv.usagelogger.ILoggerImpl$Proxy@dbcf505
09-23 18:06:24.064  6826  6826 D TvInactivityService: UserActivity
09-23 18:06:24.064  6826  6826 I TvInactivityService: Reset Timer org.droidtv.tv.inactivitytimer.TvInactivityService$ClientInfo$1@fb2a362
